******************************************************************************
             TMS320C2000 Linker PC v6.2.0                      
******************************************************************************
>> Linked Tue Feb 10 15:53:42 2015

OUTPUT FILE NAME:   <../Rider_Controls_Control.out>
ENTRY POINT SYMBOL: "_c_int00"  address: 003e883a


MEMORY CONFIGURATION

         name            origin    length      used     unused   attr    fill
----------------------  --------  ---------  --------  --------  ----  --------
PAGE 0:
  BEGINRAM              00000000   00000002  00000000  00000002  RWIX
  PRAML0_L3             00008000   00002000  00000021  00001fdf  RWIX
  OTP                   003d7800   00000400  00000000  00000400  RWIX
  FLASH                 003e8000   0000fff6  00000b3f  0000f4b7  RWIX
  BEGINFLASH            003f7ff6   00000002  00000002  00000000  RWIX
  CSM_PWL               003f7ff8   00000008  00000000  00000008  RWIX
  IQTABLES              003fe000   00000b50  00000000  00000b50  RWIX
  IQTABLES2             003feb50   0000008c  00000000  0000008c  RWIX
  IQTABLES3             003febdc   000000aa  00000000  000000aa  RWIX
  BOOTROM               003ff27c   00000d44  00000000  00000d44  RWIX
  RESET                 003fffc0   00000002  00000000  00000002  RWIX
  VECTORS               003fffc2   0000003e  00000000  0000003e  RWIX

PAGE 1:
  RAMM0M1               00000002   000007fe  00000070  0000078e  RWIX
  DEV_EMU               00000880   00000105  00000004  00000101  RWIX
  SYS_PWR_CTL           00000985   00000003  00000003  00000000  RWIX
  FLASH_REGS            00000a80   00000060  00000008  00000058  RWIX
  CSM                   00000ae0   00000010  00000010  00000000  RWIX
  ADC_RESULT            00000b00   00000020  00000020  00000000  RWIX
  CPU_TIMER0            00000c00   00000008  00000008  00000000  RWIX
  CPU_TIMER1            00000c08   00000008  00000008  00000000  RWIX
  CPU_TIMER2            00000c10   00000008  00000008  00000000  RWIX
  PIE_CTRL              00000ce0   00000020  0000001a  00000006  RWIX
  PIE_VECT              00000d00   00000100  00000100  00000000  RWIX
  CLA1                  00001400   00000080  00000040  00000040  RWIX
  ECANA                 00006000   00000040  00000034  0000000c  RWIX
  ECANA_LAM             00006040   00000040  00000040  00000000  RWIX
  ECANA_MOTS            00006080   00000040  00000040  00000000  RWIX
  ECANA_MOTO            000060c0   00000040  00000040  00000000  RWIX
  ECANA_MBOX            00006100   00000100  00000100  00000000  RWIX
  COMP1                 00006400   00000020  00000014  0000000c  RWIX
  COMP2                 00006420   00000020  00000014  0000000c  RWIX
  COMP3                 00006440   00000020  00000014  0000000c  RWIX
  EPWM1                 00006800   00000040  00000040  00000000  RWIX
  EPWM2                 00006840   00000040  00000040  00000000  RWIX
  EPWM3                 00006880   00000040  00000040  00000000  RWIX
  EPWM4                 000068c0   00000040  00000040  00000000  RWIX
  EPWM5                 00006900   00000040  00000040  00000000  RWIX
  EPWM6                 00006940   00000040  00000040  00000000  RWIX
  EPWM7                 00006980   00000040  00000040  00000000  RWIX
  ECAP1                 00006a00   00000020  00000020  00000000  RWIX
  HRCAP1                00006ac0   00000020  00000020  00000000  RWIX
  HRCAP2                00006ae0   00000020  00000020  00000000  RWIX
  EQEP1                 00006b00   00000040  00000040  00000000  RWIX
  LINA                  00006c00   00000080  0000004a  00000036  RWIX
  GPIOCTRL              00006f80   00000040  00000040  00000000  RWIX
  GPIODAT               00006fc0   00000020  00000020  00000000  RWIX
  GPIOINT               00006fe0   00000020  0000000c  00000014  RWIX
  SYSTEM                00007010   00000020  00000020  00000000  RWIX
  SPIA                  00007040   00000010  00000010  00000000  RWIX
  SCIA                  00007050   00000010  00000010  00000000  RWIX
  NMIINTRUPT            00007060   00000010  00000010  00000000  RWIX
  XINTRUPT              00007070   00000010  00000010  00000000  RWIX
  ADC                   00007100   00000080  00000050  00000030  RWIX
  SPIB                  00007740   00000010  00000010  00000000  RWIX
  I2CA                  00007900   00000040  00000022  0000001e  RWIX
  PARTID                003d7e80   00000001  00000001  00000000  RWIX
  CSM_PWL               003f7ff8   00000008  00000008  00000000  RWIX


SECTION ALLOCATION MAP

 output                                  attributes/
section   page    origin      length       input sections
--------  ----  ----------  ----------   ----------------
.pinit     0    003e8000    00000000     UNINITIALIZED

.text      0    003e8000    000009ee     
                  003e8000    000001a9     DSP2803x_Adc.obj (.text)
                  003e81a9    0000017c     DSP2803x_DefaultIsr.obj (.text:retain)
                  003e8325    00000139     DSP2803x_SysCtrl.obj (.text)
                  003e845e    000000e1     Rider_Controls_Control.obj (.text)
                  003e853f    00000091     DSP2803x_Lin.obj (.text)
                  003e85d0    00000083     rts2800_ml.lib : fs_div.obj (.text)
                  003e8653    00000078                    : fs_add.obj (.text)
                  003e86cb    0000006d     c2803xSchedulerTimer0.obj (.text:retain)
                  003e8738    00000062     DSP2803x_CpuTimers.obj (.text)
                  003e879a    0000005a     rts2800_ml.lib : fs_mpy.obj (.text)
                  003e87f4    00000046     ert_main.obj (.text)
                  003e883a    00000044     rts2800_ml.lib : boot.obj (.text)
                  003e887e    00000041     c2803xSchedulerTimer0.obj (.text)
                  003e88bf    00000034     MW_c28xx_board.obj (.text)
                  003e88f3    00000029     rts2800_ml.lib : fs_tol.obj (.text)
                  003e891c    00000028     DSP2803x_PieCtrl.obj (.text)
                  003e8944    00000021     rts2800_ml.lib : memcpy_ff.obj (.text)
                  003e8965    00000019                    : args_main.obj (.text)
                  003e897e    00000019                    : exit.obj (.text)
                  003e8997    00000017                    : fs_cmp.obj (.text)
                  003e89ae    00000016     c2803xBoard_Realtime_Support.obj (.text)
                  003e89c4    00000011     DSP2803x_PieVect.obj (.text)
                  003e89d5    00000009     rts2800_ml.lib : _lock.obj (.text)
                  003e89de    00000008     DSP2803x_CodeStartBranch.obj (.text)
                  003e89e6    00000008     MW_c28xx_csl.obj (.text)

.econst    0    003e89ee    00000112     
                  003e89ee    00000100     DSP2803x_PieVect.obj (.econst)
                  003e8aee    00000010     Rider_Controls_Control_data.obj (.econst)
                  003e8afe    00000002     Rider_Controls_Control.obj (.econst)

ramfuncs   0    003e8b00    00000021     RUN ADDR = 00008000
                  003e8b00    0000001d     DSP2803x_SysCtrl.obj (ramfuncs)
                  003e8b1d    00000004     DSP2803x_usDelay.obj (ramfuncs)

.cinit     0    003e8b21    0000001e     
                  003e8b21    0000000a     rts2800_ml.lib : _lock.obj (.cinit)
                  003e8b2b    0000000a                    : exit.obj (.cinit)
                  003e8b35    00000008     ert_main.obj (.cinit)
                  003e8b3d    00000002     --HOLE-- [fill = 0]

codestart 
*          0    003f7ff6    00000002     
                  003f7ff6    00000002     DSP2803x_CodeStartBranch.obj (codestart)

.reset     0    003fffc0    00000002     DSECT
                  003fffc0    00000002     rts2800_ml.lib : boot.obj (.reset)

.bss       1    00000002    00000000     UNINITIALIZED

.data      1    00000002    00000000     UNINITIALIZED

.stack     1    00000002    00000040     UNINITIALIZED
                  00000002    00000040     --HOLE--

.ebss      1    00000042    00000030     UNINITIALIZED
                  00000042    00000018     DSP2803x_CpuTimers.obj (.ebss)
                  0000005a    0000000c     Rider_Controls_Control.obj (.ebss)
                  00000066    00000004     rts2800_ml.lib : _lock.obj (.ebss)
                  0000006a    00000004                    : exit.obj (.ebss)
                  0000006e    00000002     DSP2803x_Lin.obj (.ebss)
                  00000070    00000002     ert_main.obj (.ebss)

DevEmuRegsFile 
*          1    00000880    00000004     UNINITIALIZED
                  00000880    00000004     DSP2803x_GlobalVariableDefs.obj (DevEmuRegsFile)

SysPwrCtrlRegsFile 
*          1    00000985    00000003     UNINITIALIZED
                  00000985    00000003     DSP2803x_GlobalVariableDefs.obj (SysPwrCtrlRegsFile)

FlashRegsFile 
*          1    00000a80    00000008     UNINITIALIZED
                  00000a80    00000008     DSP2803x_GlobalVariableDefs.obj (FlashRegsFile)

CsmRegsFile 
*          1    00000ae0    00000010     UNINITIALIZED
                  00000ae0    00000010     DSP2803x_GlobalVariableDefs.obj (CsmRegsFile)

AdcResultFile 
*          1    00000b00    00000020     UNINITIALIZED
                  00000b00    00000020     DSP2803x_GlobalVariableDefs.obj (AdcResultFile)

CpuTimer0RegsFile 
*          1    00000c00    00000008     UNINITIALIZED
                  00000c00    00000008     DSP2803x_GlobalVariableDefs.obj (CpuTimer0RegsFile)

CpuTimer1RegsFile 
*          1    00000c08    00000008     UNINITIALIZED
                  00000c08    00000008     DSP2803x_GlobalVariableDefs.obj (CpuTimer1RegsFile)

CpuTimer2RegsFile 
*          1    00000c10    00000008     UNINITIALIZED
                  00000c10    00000008     DSP2803x_GlobalVariableDefs.obj (CpuTimer2RegsFile)

PieCtrlRegsFile 
*          1    00000ce0    0000001a     UNINITIALIZED
                  00000ce0    0000001a     DSP2803x_GlobalVariableDefs.obj (PieCtrlRegsFile)

PieVectTableFile 
*          1    00000d00    00000100     UNINITIALIZED
                  00000d00    00000100     DSP2803x_GlobalVariableDefs.obj (PieVectTableFile)

EmuKeyVar 
*          1    00000d00    00000001     UNINITIALIZED
                  00000d00    00000001     DSP2803x_GlobalVariableDefs.obj (EmuKeyVar)

EmuBModeVar 
*          1    00000d01    00000001     UNINITIALIZED
                  00000d01    00000001     DSP2803x_GlobalVariableDefs.obj (EmuBModeVar)

FlashCallbackVar 
*          1    00000d02    00000002     UNINITIALIZED
                  00000d02    00000002     DSP2803x_GlobalVariableDefs.obj (FlashCallbackVar)

FlashScalingVar 
*          1    00000d04    00000002     UNINITIALIZED
                  00000d04    00000002     DSP2803x_GlobalVariableDefs.obj (FlashScalingVar)

Cla1RegsFile 
*          1    00001400    00000040     UNINITIALIZED
                  00001400    00000040     DSP2803x_GlobalVariableDefs.obj (Cla1RegsFile)

ECanaRegsFile 
*          1    00006000    00000034     UNINITIALIZED
                  00006000    00000034     DSP2803x_GlobalVariableDefs.obj (ECanaRegsFile)

ECanaLAMRegsFile 
*          1    00006040    00000040     UNINITIALIZED
                  00006040    00000040     DSP2803x_GlobalVariableDefs.obj (ECanaLAMRegsFile)

ECanaMOTSRegsFile 
*          1    00006080    00000040     UNINITIALIZED
                  00006080    00000040     DSP2803x_GlobalVariableDefs.obj (ECanaMOTSRegsFile)

ECanaMOTORegsFile 
*          1    000060c0    00000040     UNINITIALIZED
                  000060c0    00000040     DSP2803x_GlobalVariableDefs.obj (ECanaMOTORegsFile)

ECanaMboxesFile 
*          1    00006100    00000100     UNINITIALIZED
                  00006100    00000100     DSP2803x_GlobalVariableDefs.obj (ECanaMboxesFile)

Comp1RegsFile 
*          1    00006400    00000014     UNINITIALIZED
                  00006400    00000014     DSP2803x_GlobalVariableDefs.obj (Comp1RegsFile)

Comp2RegsFile 
*          1    00006420    00000014     UNINITIALIZED
                  00006420    00000014     DSP2803x_GlobalVariableDefs.obj (Comp2RegsFile)

Comp3RegsFile 
*          1    00006440    00000014     UNINITIALIZED
                  00006440    00000014     DSP2803x_GlobalVariableDefs.obj (Comp3RegsFile)

EPwm1RegsFile 
*          1    00006800    00000040     UNINITIALIZED
                  00006800    00000040     DSP2803x_GlobalVariableDefs.obj (EPwm1RegsFile)

EPwm2RegsFile 
*          1    00006840    00000040     UNINITIALIZED
                  00006840    00000040     DSP2803x_GlobalVariableDefs.obj (EPwm2RegsFile)

EPwm3RegsFile 
*          1    00006880    00000040     UNINITIALIZED
                  00006880    00000040     DSP2803x_GlobalVariableDefs.obj (EPwm3RegsFile)

EPwm4RegsFile 
*          1    000068c0    00000040     UNINITIALIZED
                  000068c0    00000040     DSP2803x_GlobalVariableDefs.obj (EPwm4RegsFile)

EPwm5RegsFile 
*          1    00006900    00000040     UNINITIALIZED
                  00006900    00000040     DSP2803x_GlobalVariableDefs.obj (EPwm5RegsFile)

EPwm6RegsFile 
*          1    00006940    00000040     UNINITIALIZED
                  00006940    00000040     DSP2803x_GlobalVariableDefs.obj (EPwm6RegsFile)

EPwm7RegsFile 
*          1    00006980    00000040     UNINITIALIZED
                  00006980    00000040     DSP2803x_GlobalVariableDefs.obj (EPwm7RegsFile)

ECap1RegsFile 
*          1    00006a00    00000020     UNINITIALIZED
                  00006a00    00000020     DSP2803x_GlobalVariableDefs.obj (ECap1RegsFile)

HRCap1RegsFile 
*          1    00006ac0    00000020     UNINITIALIZED
                  00006ac0    00000020     DSP2803x_GlobalVariableDefs.obj (HRCap1RegsFile)

HRCap2RegsFile 
*          1    00006ae0    00000020     UNINITIALIZED
                  00006ae0    00000020     DSP2803x_GlobalVariableDefs.obj (HRCap2RegsFile)

EQep1RegsFile 
*          1    00006b00    00000040     UNINITIALIZED
                  00006b00    00000040     DSP2803x_GlobalVariableDefs.obj (EQep1RegsFile)

LinaRegsFile 
*          1    00006c00    0000004a     UNINITIALIZED
                  00006c00    0000004a     DSP2803x_GlobalVariableDefs.obj (LinaRegsFile)

GpioCtrlRegsFile 
*          1    00006f80    00000040     UNINITIALIZED
                  00006f80    00000040     DSP2803x_GlobalVariableDefs.obj (GpioCtrlRegsFile)

GpioDataRegsFile 
*          1    00006fc0    00000020     UNINITIALIZED
                  00006fc0    00000020     DSP2803x_GlobalVariableDefs.obj (GpioDataRegsFile)

GpioIntRegsFile 
*          1    00006fe0    0000000c     UNINITIALIZED
                  00006fe0    0000000c     DSP2803x_GlobalVariableDefs.obj (GpioIntRegsFile)

SysCtrlRegsFile 
*          1    00007010    00000020     UNINITIALIZED
                  00007010    00000020     DSP2803x_GlobalVariableDefs.obj (SysCtrlRegsFile)

SpiaRegsFile 
*          1    00007040    00000010     UNINITIALIZED
                  00007040    00000010     DSP2803x_GlobalVariableDefs.obj (SpiaRegsFile)

SciaRegsFile 
*          1    00007050    00000010     UNINITIALIZED
                  00007050    00000010     DSP2803x_GlobalVariableDefs.obj (SciaRegsFile)

NmiIntruptRegsFile 
*          1    00007060    00000010     UNINITIALIZED
                  00007060    00000010     DSP2803x_GlobalVariableDefs.obj (NmiIntruptRegsFile)

XIntruptRegsFile 
*          1    00007070    00000010     UNINITIALIZED
                  00007070    00000010     DSP2803x_GlobalVariableDefs.obj (XIntruptRegsFile)

AdcRegsFile 
*          1    00007100    00000050     UNINITIALIZED
                  00007100    00000050     DSP2803x_GlobalVariableDefs.obj (AdcRegsFile)

SpibRegsFile 
*          1    00007740    00000010     UNINITIALIZED
                  00007740    00000010     DSP2803x_GlobalVariableDefs.obj (SpibRegsFile)

I2caRegsFile 
*          1    00007900    00000022     UNINITIALIZED
                  00007900    00000022     DSP2803x_GlobalVariableDefs.obj (I2caRegsFile)

PartIdRegsFile 
*          1    003d7e80    00000001     UNINITIALIZED
                  003d7e80    00000001     DSP2803x_GlobalVariableDefs.obj (PartIdRegsFile)

CsmPwlFile 
*          1    003f7ff8    00000008     UNINITIALIZED
                  003f7ff8    00000008     DSP2803x_GlobalVariableDefs.obj (CsmPwlFile)


GLOBAL DATA SYMBOLS: SORTED BY DATA PAGE

address     data page           name
--------    ----------------    ----
00000002       0 (00000000)     __stack

00000042       1 (00000040)     _CpuTimer1
0000004a       1 (00000040)     _CpuTimer2
00000052       1 (00000040)     _CpuTimer0
0000005a       1 (00000040)     _Rider_Controls_Control_M_
0000005c       1 (00000040)     _Rider_Controls_Control_DWork
0000005e       1 (00000040)     _Rider_Controls_Control_U
00000062       1 (00000040)     _Rider_Controls_Control_Y
00000066       1 (00000040)     __unlock
00000068       1 (00000040)     __lock
0000006a       1 (00000040)     ___TI_cleanup_ptr
0000006c       1 (00000040)     ___TI_dtors_ptr
0000006e       1 (00000040)     _P1
0000006f       1 (00000040)     _P0
00000070       1 (00000040)     _IsrOverrun

00000880      22 (00000880)     _DevEmuRegs

00000985      26 (00000980)     _SysPwrCtrlRegs

00000a80      2a (00000a80)     _FlashRegs

00000ae0      2b (00000ac0)     _CsmRegs

00000b00      2c (00000b00)     _AdcResult

00000c00      30 (00000c00)     _CpuTimer0Regs
00000c08      30 (00000c00)     _CpuTimer1Regs
00000c10      30 (00000c00)     _CpuTimer2Regs

00000ce0      33 (00000cc0)     _PieCtrlRegs

00000d00      34 (00000d00)     _EmuKey
00000d00      34 (00000d00)     _PieVectTable
00000d01      34 (00000d00)     _EmuBMode
00000d02      34 (00000d00)     _Flash_CallbackPtr
00000d04      34 (00000d00)     _Flash_CPUScaleFactor

00001400      50 (00001400)     _Cla1Regs

00006000     180 (00006000)     _ECanaRegs

00006040     181 (00006040)     _ECanaLAMRegs

00006080     182 (00006080)     _ECanaMOTSRegs

000060c0     183 (000060c0)     _ECanaMOTORegs

00006100     184 (00006100)     _ECanaMboxes

00006400     190 (00006400)     _Comp1Regs
00006420     190 (00006400)     _Comp2Regs

00006440     191 (00006440)     _Comp3Regs

00006800     1a0 (00006800)     _EPwm1Regs

00006840     1a1 (00006840)     _EPwm2Regs

00006880     1a2 (00006880)     _EPwm3Regs

000068c0     1a3 (000068c0)     _EPwm4Regs

00006900     1a4 (00006900)     _EPwm5Regs

00006940     1a5 (00006940)     _EPwm6Regs

00006980     1a6 (00006980)     _EPwm7Regs

00006a00     1a8 (00006a00)     _ECap1Regs

00006ac0     1ab (00006ac0)     _HRCap1Regs
00006ae0     1ab (00006ac0)     _HRCap2Regs

00006b00     1ac (00006b00)     _EQep1Regs

00006c00     1b0 (00006c00)     _LinaRegs

00006f80     1be (00006f80)     _GpioCtrlRegs

00006fc0     1bf (00006fc0)     _GpioDataRegs
00006fe0     1bf (00006fc0)     _GpioIntRegs

00007010     1c0 (00007000)     _SysCtrlRegs

00007040     1c1 (00007040)     _SpiaRegs
00007050     1c1 (00007040)     _SciaRegs
00007060     1c1 (00007040)     _NmiIntruptRegs
00007070     1c1 (00007040)     _XIntruptRegs

00007100     1c4 (00007100)     _AdcRegs

00007740     1dd (00007740)     _SpibRegs

00007900     1e4 (00007900)     _I2caRegs

003d7e80    f5fa (003d7e80)     _PartIdRegs

003e89ee    fa27 (003e89c0)     _PieVectTableInit

003e8aee    fa2b (003e8ac0)     _Rider_Controls_Control_ConstP
003e8afe    fa2b (003e8ac0)     _Rider_Controls_Control_M

003f7ff8    fdff (003f7fc0)     _CsmPwl


GLOBAL SYMBOLS: SORTED ALPHABETICALLY BY Name 

address    name
--------   ----
00000002   .bss
00000002   .data
003e8000   .text
003e897e   C$$EXIT
003e8658   FS$$ADD
003e8997   FS$$CMP
003e85d0   FS$$DIV
003e879a   FS$$MPY
003e8653   FS$$SUB
003e88f3   FS$$TOL
003e8320   _ADCINT1_ISR
003e831b   _ADCINT2_ISR
003e8316   _ADCINT3_ISR
003e8311   _ADCINT4_ISR
003e830c   _ADCINT5_ISR
003e8307   _ADCINT6_ISR
003e8302   _ADCINT7_ISR
003e82fd   _ADCINT8_ISR
003e82f8   _ADCINT9_ISR
003e8044   _AdcChanSelect
003e809c   _AdcConversion
003e8184   _AdcOffsetSelfCal
00007100   _AdcRegs
00000b00   _AdcResult
003e82f3   _CLA1_INT1_ISR
003e82ee   _CLA1_INT2_ISR
003e82e9   _CLA1_INT3_ISR
003e82e4   _CLA1_INT4_ISR
003e82df   _CLA1_INT5_ISR
003e82da   _CLA1_INT6_ISR
003e82d5   _CLA1_INT7_ISR
003e82d0   _CLA1_INT8_ISR
00001400   _Cla1Regs
00006400   _Comp1Regs
00006420   _Comp2Regs
00006440   _Comp3Regs
003e8775   _ConfigCpuTimer
00000052   _CpuTimer0
00000c00   _CpuTimer0Regs
00000042   _CpuTimer1
00000c08   _CpuTimer1Regs
0000004a   _CpuTimer2
00000c10   _CpuTimer2Regs
003f7ff8   _CsmPwl
00000ae0   _CsmRegs
003e8430   _CsmUnlock
003e82cb   _DATALOG_ISR
0000801d   _DSP28x_usDelay
00000880   _DevEmuRegs
003e8367   _DisableDog
003e82c6   _ECAN0INTA_ISR
003e82c1   _ECAN1INTA_ISR
003e82bc   _ECAP1_INT_ISR
00006040   _ECanaLAMRegs
000060c0   _ECanaMOTORegs
00006080   _ECanaMOTSRegs
00006100   _ECanaMboxes
00006000   _ECanaRegs
00006a00   _ECap1Regs
003e82b7   _EMPTY_ISR
003e82b2   _EMUINT_ISR
003e82ad   _EPWM1_INT_ISR
003e82a8   _EPWM1_TZINT_ISR
003e82a3   _EPWM2_INT_ISR
003e829e   _EPWM2_TZINT_ISR
003e8299   _EPWM3_INT_ISR
003e8294   _EPWM3_TZINT_ISR
003e828f   _EPWM4_INT_ISR
003e828a   _EPWM4_TZINT_ISR
003e8285   _EPWM5_INT_ISR
003e8280   _EPWM5_TZINT_ISR
003e827b   _EPWM6_INT_ISR
003e8276   _EPWM6_TZINT_ISR
003e8271   _EPWM7_INT_ISR
003e826c   _EPWM7_TZINT_ISR
00006800   _EPwm1Regs
00006840   _EPwm2Regs
00006880   _EPwm3Regs
000068c0   _EPwm4Regs
00006900   _EPwm5Regs
00006940   _EPwm6Regs
00006980   _EPwm7Regs
003e8267   _EQEP1_INT_ISR
00006b00   _EQep1Regs
00000d01   _EmuBMode
00000d00   _EmuKey
003e893b   _EnableInterrupts
003e8418   _ExtOscSel
00000a80   _FlashRegs
00000d04   _Flash_CPUScaleFactor
00000d02   _Flash_CallbackPtr
003e85ac   _GenIdParity
00006f80   _GpioCtrlRegs
00006fc0   _GpioDataRegs
00006fe0   _GpioIntRegs
003e8262   _HRCAP1_INT_ISR
003e825d   _HRCAP2_INT_ISR
00006ac0   _HRCap1Regs
00006ae0   _HRCap2Regs
003e8258   _I2CINT1A_ISR
003e8253   _I2CINT2A_ISR
00007900   _I2caRegs
003e824e   _ILLEGAL_ISR
003e8249   _INT13_ISR
003e8244   _INT14_ISR
003e8026   _InitAdc
003e8000   _InitAdcAio
003e8738   _InitCpuTimers
00008000   _InitFlash
003e8557   _InitLin
003e853f   _InitLinGpio
003e8557   _InitLina
003e853f   _InitLinaGpio
003e83bd   _InitPeripheralClocks
003e891c   _InitPieCtrl
003e89c4   _InitPieVectTable
003e836f   _InitPll
003e8406   _InitSysCtrl
003e8357   _IntOsc1Sel
003e8343   _IntOsc2Sel
00000070   _IsrOverrun
003e823f   _LIN0INTA_ISR
003e823a   _LIN1INTA_ISR
003e8235   _LUF_ISR
003e8230   _LVF_ISR
00006c00   _LinaRegs
003e822b   _NMI_ISR
00007060   _NmiIntruptRegs
0000006f   _P0
0000006e   _P1
003e8226   _PIE_RESERVED
003d7e80   _PartIdRegs
00000ce0   _PieCtrlRegs
00000d00   _PieVectTable
003e89ee   _PieVectTableInit
003e8221   _RTOSINT_ISR
003e8b21   _RamfuncsLoadEnd
003e8b00   _RamfuncsLoadStart
00008000   _RamfuncsRunStart
003e8aee   _Rider_Controls_Control_ConstP
0000005c   _Rider_Controls_Control_DWork
003e8afe   _Rider_Controls_Control_M
0000005a   _Rider_Controls_Control_M_
0000005e   _Rider_Controls_Control_U
00000062   _Rider_Controls_Control_Y
003e852a   _Rider_Controls_Control_initialize
003e84d9   _Rider_Controls_Control_step
003e84d8   _Rider_Controls_Control_terminate
003e821c   _SCIRXINTA_ISR
003e8217   _SCITXINTA_ISR
003e8212   _SPIRXINTA_ISR
003e820d   _SPIRXINTB_ISR
003e8208   _SPITXINTA_ISR
003e8203   _SPITXINTB_ISR
00007050   _SciaRegs
003e8339   _ServiceDog
00007040   _SpiaRegs
00007740   _SpibRegs
00007010   _SysCtrlRegs
00000985   _SysPwrCtrlRegs
003e81fe   _TINT0_ISR
003e86cb   _TINT0_isr
003e81f9   _USER10_ISR
003e81f4   _USER11_ISR
003e81ef   _USER12_ISR
003e81ea   _USER1_ISR
003e81e5   _USER2_ISR
003e81e0   _USER3_ISR
003e81db   _USER4_ISR
003e81d6   _USER5_ISR
003e81d1   _USER6_ISR
003e81cc   _USER7_ISR
003e81c7   _USER8_ISR
003e81c2   _USER9_ISR
003e81bd   _WAKEINT_ISR
003e81b8   _XINT1_ISR
003e81b3   _XINT2_ISR
003e81ae   _XINT3_ISR
00007070   _XIntruptRegs
003e8325   _XtalOscSel
00000042   __STACK_END
00000040   __STACK_SIZE
00000001   __TI_args_main
0000006a   ___TI_cleanup_ptr
0000006c   ___TI_dtors_ptr
ffffffff   ___binit__
00000002   ___bss__
ffffffff   ___c_args__
003e8b21   ___cinit__
00000002   ___data__
00000002   ___edata__
00000002   ___end__
003e89ee   ___etext__
003e8944   ___memcpy_ff
ffffffff   ___pinit__
003e8000   ___text__
003e8965   __args_main
00000068   __lock
003e89dd   __nop
003e89d9   __register_lock
003e89d5   __register_unlock
00000002   __stack
00000066   __unlock
003e897e   _abort
003e89b5   _c2000_flash_init
003e883a   _c_int00
003e8894   _configureTimer0
003e8886   _disableTimer0Interrupt
003e89e7   _disableWatchdog
003e887e   _enableTimer0Interrupt
003e89e6   _enable_interrupts
003e8980   _exit
003e89b2   _globalInterruptDisable
003e89ae   _globalInterruptEnable
003e88bf   _init_board
003e845e   _look1_iflf_plinlgpw
003e8807   _main
003e81a9   _rsvd_ISR
003e87f4   _rt_OneStep
ffffffff   binit
003e8b21   cinit
003f7ff6   code_start
00000002   edata
00000002   end
003e89ee   etext
ffffffff   pinit


GLOBAL SYMBOLS: SORTED BY Symbol Address 

address    name
--------   ----
00000001   __TI_args_main
00000002   .bss
00000002   .data
00000002   ___bss__
00000002   ___data__
00000002   ___edata__
00000002   ___end__
00000002   __stack
00000002   edata
00000002   end
00000040   __STACK_SIZE
00000042   _CpuTimer1
00000042   __STACK_END
0000004a   _CpuTimer2
00000052   _CpuTimer0
0000005a   _Rider_Controls_Control_M_
0000005c   _Rider_Controls_Control_DWork
0000005e   _Rider_Controls_Control_U
00000062   _Rider_Controls_Control_Y
00000066   __unlock
00000068   __lock
0000006a   ___TI_cleanup_ptr
0000006c   ___TI_dtors_ptr
0000006e   _P1
0000006f   _P0
00000070   _IsrOverrun
00000880   _DevEmuRegs
00000985   _SysPwrCtrlRegs
00000a80   _FlashRegs
00000ae0   _CsmRegs
00000b00   _AdcResult
00000c00   _CpuTimer0Regs
00000c08   _CpuTimer1Regs
00000c10   _CpuTimer2Regs
00000ce0   _PieCtrlRegs
00000d00   _EmuKey
00000d00   _PieVectTable
00000d01   _EmuBMode
00000d02   _Flash_CallbackPtr
00000d04   _Flash_CPUScaleFactor
00001400   _Cla1Regs
00006000   _ECanaRegs
00006040   _ECanaLAMRegs
00006080   _ECanaMOTSRegs
000060c0   _ECanaMOTORegs
00006100   _ECanaMboxes
00006400   _Comp1Regs
00006420   _Comp2Regs
00006440   _Comp3Regs
00006800   _EPwm1Regs
00006840   _EPwm2Regs
00006880   _EPwm3Regs
000068c0   _EPwm4Regs
00006900   _EPwm5Regs
00006940   _EPwm6Regs
00006980   _EPwm7Regs
00006a00   _ECap1Regs
00006ac0   _HRCap1Regs
00006ae0   _HRCap2Regs
00006b00   _EQep1Regs
00006c00   _LinaRegs
00006f80   _GpioCtrlRegs
00006fc0   _GpioDataRegs
00006fe0   _GpioIntRegs
00007010   _SysCtrlRegs
00007040   _SpiaRegs
00007050   _SciaRegs
00007060   _NmiIntruptRegs
00007070   _XIntruptRegs
00007100   _AdcRegs
00007740   _SpibRegs
00007900   _I2caRegs
00008000   _InitFlash
00008000   _RamfuncsRunStart
0000801d   _DSP28x_usDelay
003d7e80   _PartIdRegs
003e8000   .text
003e8000   _InitAdcAio
003e8000   ___text__
003e8026   _InitAdc
003e8044   _AdcChanSelect
003e809c   _AdcConversion
003e8184   _AdcOffsetSelfCal
003e81a9   _rsvd_ISR
003e81ae   _XINT3_ISR
003e81b3   _XINT2_ISR
003e81b8   _XINT1_ISR
003e81bd   _WAKEINT_ISR
003e81c2   _USER9_ISR
003e81c7   _USER8_ISR
003e81cc   _USER7_ISR
003e81d1   _USER6_ISR
003e81d6   _USER5_ISR
003e81db   _USER4_ISR
003e81e0   _USER3_ISR
003e81e5   _USER2_ISR
003e81ea   _USER1_ISR
003e81ef   _USER12_ISR
003e81f4   _USER11_ISR
003e81f9   _USER10_ISR
003e81fe   _TINT0_ISR
003e8203   _SPITXINTB_ISR
003e8208   _SPITXINTA_ISR
003e820d   _SPIRXINTB_ISR
003e8212   _SPIRXINTA_ISR
003e8217   _SCITXINTA_ISR
003e821c   _SCIRXINTA_ISR
003e8221   _RTOSINT_ISR
003e8226   _PIE_RESERVED
003e822b   _NMI_ISR
003e8230   _LVF_ISR
003e8235   _LUF_ISR
003e823a   _LIN1INTA_ISR
003e823f   _LIN0INTA_ISR
003e8244   _INT14_ISR
003e8249   _INT13_ISR
003e824e   _ILLEGAL_ISR
003e8253   _I2CINT2A_ISR
003e8258   _I2CINT1A_ISR
003e825d   _HRCAP2_INT_ISR
003e8262   _HRCAP1_INT_ISR
003e8267   _EQEP1_INT_ISR
003e826c   _EPWM7_TZINT_ISR
003e8271   _EPWM7_INT_ISR
003e8276   _EPWM6_TZINT_ISR
003e827b   _EPWM6_INT_ISR
003e8280   _EPWM5_TZINT_ISR
003e8285   _EPWM5_INT_ISR
003e828a   _EPWM4_TZINT_ISR
003e828f   _EPWM4_INT_ISR
003e8294   _EPWM3_TZINT_ISR
003e8299   _EPWM3_INT_ISR
003e829e   _EPWM2_TZINT_ISR
003e82a3   _EPWM2_INT_ISR
003e82a8   _EPWM1_TZINT_ISR
003e82ad   _EPWM1_INT_ISR
003e82b2   _EMUINT_ISR
003e82b7   _EMPTY_ISR
003e82bc   _ECAP1_INT_ISR
003e82c1   _ECAN1INTA_ISR
003e82c6   _ECAN0INTA_ISR
003e82cb   _DATALOG_ISR
003e82d0   _CLA1_INT8_ISR
003e82d5   _CLA1_INT7_ISR
003e82da   _CLA1_INT6_ISR
003e82df   _CLA1_INT5_ISR
003e82e4   _CLA1_INT4_ISR
003e82e9   _CLA1_INT3_ISR
003e82ee   _CLA1_INT2_ISR
003e82f3   _CLA1_INT1_ISR
003e82f8   _ADCINT9_ISR
003e82fd   _ADCINT8_ISR
003e8302   _ADCINT7_ISR
003e8307   _ADCINT6_ISR
003e830c   _ADCINT5_ISR
003e8311   _ADCINT4_ISR
003e8316   _ADCINT3_ISR
003e831b   _ADCINT2_ISR
003e8320   _ADCINT1_ISR
003e8325   _XtalOscSel
003e8339   _ServiceDog
003e8343   _IntOsc2Sel
003e8357   _IntOsc1Sel
003e8367   _DisableDog
003e836f   _InitPll
003e83bd   _InitPeripheralClocks
003e8406   _InitSysCtrl
003e8418   _ExtOscSel
003e8430   _CsmUnlock
003e845e   _look1_iflf_plinlgpw
003e84d8   _Rider_Controls_Control_terminate
003e84d9   _Rider_Controls_Control_step
003e852a   _Rider_Controls_Control_initialize
003e853f   _InitLinGpio
003e853f   _InitLinaGpio
003e8557   _InitLin
003e8557   _InitLina
003e85ac   _GenIdParity
003e85d0   FS$$DIV
003e8653   FS$$SUB
003e8658   FS$$ADD
003e86cb   _TINT0_isr
003e8738   _InitCpuTimers
003e8775   _ConfigCpuTimer
003e879a   FS$$MPY
003e87f4   _rt_OneStep
003e8807   _main
003e883a   _c_int00
003e887e   _enableTimer0Interrupt
003e8886   _disableTimer0Interrupt
003e8894   _configureTimer0
003e88bf   _init_board
003e88f3   FS$$TOL
003e891c   _InitPieCtrl
003e893b   _EnableInterrupts
003e8944   ___memcpy_ff
003e8965   __args_main
003e897e   C$$EXIT
003e897e   _abort
003e8980   _exit
003e8997   FS$$CMP
003e89ae   _globalInterruptEnable
003e89b2   _globalInterruptDisable
003e89b5   _c2000_flash_init
003e89c4   _InitPieVectTable
003e89d5   __register_unlock
003e89d9   __register_lock
003e89dd   __nop
003e89e6   _enable_interrupts
003e89e7   _disableWatchdog
003e89ee   _PieVectTableInit
003e89ee   ___etext__
003e89ee   etext
003e8aee   _Rider_Controls_Control_ConstP
003e8afe   _Rider_Controls_Control_M
003e8b00   _RamfuncsLoadStart
003e8b21   _RamfuncsLoadEnd
003e8b21   ___cinit__
003e8b21   cinit
003f7ff6   code_start
003f7ff8   _CsmPwl
ffffffff   ___binit__
ffffffff   ___c_args__
ffffffff   ___pinit__
ffffffff   binit
ffffffff   pinit

[226 symbols]
