******************************************************************************
             TMS320C2000 Linker PC v6.2.0                      
******************************************************************************
>> Linked Wed Apr 01 18:57:24 2015

OUTPUT FILE NAME:   <../Rider_Controls_Full_CAN_Enable.out>
ENTRY POINT SYMBOL: "_c_int00"  address: 003ea8ae


MEMORY CONFIGURATION

         name            origin    length      used     unused   attr    fill
----------------------  --------  ---------  --------  --------  ----  --------
PAGE 0:
  BEGINRAM              00000000   00000002  00000000  00000002  RWIX
  PRAML0_L3             00008000   00002000  00000021  00001fdf  RWIX
  OTP                   003d7800   00000400  00000000  00000400  RWIX
  FLASH                 003e8000   0000fff6  00002cf5  0000d301  RWIX
  BEGINFLASH            003f7ff6   00000002  00000002  00000000  RWIX
  CSM_PWL               003f7ff8   00000008  00000000  00000008  RWIX
  IQTABLES              003fe000   00000b50  00000000  00000b50  RWIX
  IQTABLES2             003feb50   0000008c  00000000  0000008c  RWIX
  IQTABLES3             003febdc   000000aa  00000000  000000aa  RWIX
  BOOTROM               003ff27c   00000d44  00000000  00000d44  RWIX
  RESET                 003fffc0   00000002  00000000  00000002  RWIX
  VECTORS               003fffc2   0000003e  00000000  0000003e  RWIX

PAGE 1:
  RAMM0M1               00000002   000007fe  0000035e  000004a0  RWIX
  DEV_EMU               00000880   00000105  00000004  00000101  RWIX
  SYS_PWR_CTL           00000985   00000003  00000003  00000000  RWIX
  FLASH_REGS            00000a80   00000060  00000008  00000058  RWIX
  CSM                   00000ae0   00000010  00000010  00000000  RWIX
  ADC_RESULT            00000b00   00000020  00000020  00000000  RWIX
  CPU_TIMER0            00000c00   00000008  00000008  00000000  RWIX
  CPU_TIMER1            00000c08   00000008  00000008  00000000  RWIX
  CPU_TIMER2            00000c10   00000008  00000008  00000000  RWIX
  PIE_CTRL              00000ce0   00000020  0000001a  00000006  RWIX
  PIE_VECT              00000d00   00000100  00000100  00000000  RWIX
  CLA1                  00001400   00000080  00000040  00000040  RWIX
  ECANA                 00006000   00000040  00000034  0000000c  RWIX
  ECANA_LAM             00006040   00000040  00000040  00000000  RWIX
  ECANA_MOTS            00006080   00000040  00000040  00000000  RWIX
  ECANA_MOTO            000060c0   00000040  00000040  00000000  RWIX
  ECANA_MBOX            00006100   00000100  00000100  00000000  RWIX
  COMP1                 00006400   00000020  00000014  0000000c  RWIX
  COMP2                 00006420   00000020  00000014  0000000c  RWIX
  COMP3                 00006440   00000020  00000014  0000000c  RWIX
  EPWM1                 00006800   00000040  00000040  00000000  RWIX
  EPWM2                 00006840   00000040  00000040  00000000  RWIX
  EPWM3                 00006880   00000040  00000040  00000000  RWIX
  EPWM4                 000068c0   00000040  00000040  00000000  RWIX
  EPWM5                 00006900   00000040  00000040  00000000  RWIX
  EPWM6                 00006940   00000040  00000040  00000000  RWIX
  EPWM7                 00006980   00000040  00000040  00000000  RWIX
  ECAP1                 00006a00   00000020  00000020  00000000  RWIX
  HRCAP1                00006ac0   00000020  00000020  00000000  RWIX
  HRCAP2                00006ae0   00000020  00000020  00000000  RWIX
  EQEP1                 00006b00   00000040  00000040  00000000  RWIX
  LINA                  00006c00   00000080  0000004a  00000036  RWIX
  GPIOCTRL              00006f80   00000040  00000040  00000000  RWIX
  GPIODAT               00006fc0   00000020  00000020  00000000  RWIX
  GPIOINT               00006fe0   00000020  0000000c  00000014  RWIX
  SYSTEM                00007010   00000020  00000020  00000000  RWIX
  SPIA                  00007040   00000010  00000010  00000000  RWIX
  SCIA                  00007050   00000010  00000010  00000000  RWIX
  NMIINTRUPT            00007060   00000010  00000010  00000000  RWIX
  XINTRUPT              00007070   00000010  00000010  00000000  RWIX
  ADC                   00007100   00000080  00000050  00000030  RWIX
  SPIB                  00007740   00000010  00000010  00000000  RWIX
  I2CA                  00007900   00000040  00000022  0000001e  RWIX
  PARTID                003d7e80   00000001  00000001  00000000  RWIX
  CSM_PWL               003f7ff8   00000008  00000008  00000000  RWIX


SECTION ALLOCATION MAP

 output                                  attributes/
section   page    origin      length       input sections
--------  ----  ----------  ----------   ----------------
.pinit     0    003e8000    00000000     UNINITIALIZED

.text      0    003e8000    00002b84     
                  003e8000    00001651     Rider_Controls_InHardware_rtwlib.lib : Rider_Controls_InHardware.obj (.text)
                  003e9651    0000034f     Rider_Controls_OutHardware_rtwlib.lib : Rider_Controls_OutHardware.obj (.text)
                  003e99a0    0000032c     Rider_Controls_Control_rtwlib.lib : Rider_Controls_Control.obj (.text)
                  003e9ccc    00000233     Rider_Controls_Full_CAN_Enable.obj (.text)
                  003e9eff    000001a9     DSP2803x_Adc.obj (.text)
                  003ea0a8    0000017c     DSP2803x_DefaultIsr.obj (.text:retain)
                  003ea224    00000139     DSP2803x_SysCtrl.obj (.text)
                  003ea35d    000000e7     MW_c28xx_can.obj (.text)
                  003ea444    00000091     DSP2803x_Lin.obj (.text)
                  003ea4d5    00000083     rts2800_ml.lib : fs_div.obj (.text)
                  003ea558    0000007a     rtwshared.lib : look1_iflf_plinlgpw.obj (.text)
                  003ea5d2    00000078     rts2800_ml.lib : fs_add.obj (.text)
                  003ea64a    00000073     rtwshared.lib : rt_nonfinite.obj (.text)
                  003ea6bd    0000006d     c2803xSchedulerTimer0.obj (.text:retain)
                  003ea72a    00000066     ert_main.obj (.text)
                  003ea790    00000062     DSP2803x_CpuTimers.obj (.text)
                  003ea7f2    00000062     rtwshared.lib : rt_roundd_snf.obj (.text)
                  003ea854    0000005a     rts2800_ml.lib : fs_mpy.obj (.text)
                  003ea8ae    00000044                    : boot.obj (.text)
                  003ea8f2    00000041     c2803xSchedulerTimer0.obj (.text)
                  003ea933    00000040     MW_c28xx_board.obj (.text)
                  003ea973    00000031     rts2800_ml.lib : modf.obj (.text)
                  003ea9a4    0000002d     Rider_Controls_InHardware_rtwlib.lib : MW_c28xx_adc.obj (.text)
                  003ea9d1    0000002c     rts2800_ml.lib : fmod.obj (.text)
                  003ea9fd    00000029                    : fs_tol.obj (.text)
                  003eaa26    00000028     DSP2803x_PieCtrl.obj (.text)
                  003eaa4e    00000021     rts2800_ml.lib : memcpy_ff.obj (.text)
                  003eaa6f    0000001d                    : fs_tou.obj (.text)
                  003eaa8c    0000001a                    : l_tofs.obj (.text)
                  003eaaa6    00000019                    : args_main.obj (.text)
                  003eaabf    00000019                    : exit.obj (.text)
                  003eaad8    00000018     rtwshared.lib : rtGetInf.obj (.text)
                  003eaaf0    00000017     rts2800_ml.lib : fs_cmp.obj (.text)
                  003eab07    00000016     c2803xBoard_Realtime_Support.obj (.text)
                  003eab1d    00000013     rts2800_ml.lib : ul_tofs.obj (.text)
                  003eab30    00000011     DSP2803x_PieVect.obj (.text)
                  003eab41    00000010     rts2800_ml.lib : u_tofs.obj (.text)
                  003eab51    0000000c                    : memset.obj (.text)
                  003eab5d    00000009                    : _lock.obj (.text)
                  003eab66    00000009     rtwshared.lib : rtGetNaN.obj (.text)
                  003eab6f    00000008     DSP2803x_CodeStartBranch.obj (.text)
                  003eab77    00000008     MW_c28xx_csl.obj (.text)
                  003eab7f    00000005     rts2800_ml.lib : fs_neg.obj (.text)

.econst    0    003eab84    0000012c     
                  003eab84    00000100     DSP2803x_PieVect.obj (.econst)
                  003eac84    0000000a     rtwshared.lib : const_params.obj (.econst:_rtCP_pooled_W8JaF1peqnCU)
                  003eac8e    0000000a                   : const_params.obj (.econst:_rtCP_pooled_kXF479Tr1zzv)
                  003eac98    00000008                   : const_params.obj (.econst:_rtCP_pooled_4sEq7SW1OOvc)
                  003eaca0    00000008                   : const_params.obj (.econst:_rtCP_pooled_qgZrQ0kJRiEc)
                  003eaca8    00000006     Rider_Controls_Full_CAN_Enable.obj (.econst)
                  003eacae    00000002     rtwshared.lib : rtGetNaN.obj (.econst)

ramfuncs   0    003eacb0    00000021     RUN ADDR = 00008000
                  003eacb0    0000001d     DSP2803x_SysCtrl.obj (ramfuncs)
                  003eaccd    00000004     DSP2803x_usDelay.obj (ramfuncs)

.cinit     0    003eacd1    00000024     
                  003eacd1    0000000e     ert_main.obj (.cinit)
                  003eacdf    0000000a     rts2800_ml.lib : _lock.obj (.cinit)
                  003eace9    0000000a                    : exit.obj (.cinit)
                  003eacf3    00000002     --HOLE-- [fill = 0]

codestart 
*          0    003f7ff6    00000002     
                  003f7ff6    00000002     DSP2803x_CodeStartBranch.obj (codestart)

.reset     0    003fffc0    00000002     DSECT
                  003fffc0    00000002     rts2800_ml.lib : boot.obj (.reset)

.bss       1    00000002    00000000     UNINITIALIZED

.ebss      1    00000002    0000031e     UNINITIALIZED
                  00000002    0000002c     Rider_Controls_OutHardware_rtwlib.lib : Rider_Controls_OutHardware.obj (.ebss)
                  0000002e    00000010     can_datatype_ground.obj (.ebss)
                  0000003e    00000002     DSP2803x_Lin.obj (.ebss)
                  00000040    000001fa     Rider_Controls_InHardware_rtwlib.lib : Rider_Controls_InHardware.obj (.ebss)
                  0000023a    00000006     Rider_Controls_Control_rtwlib.lib : Rider_Controls_Control.obj (.ebss)
                  00000240    000000ae     Rider_Controls_Full_CAN_Enable.obj (.ebss)
                  000002ee    0000000c     rtwshared.lib : rt_nonfinite.obj (.ebss)
                  000002fa    00000005     ert_main.obj (.ebss)
                  000002ff    00000001     --HOLE--
                  00000300    00000018     DSP2803x_CpuTimers.obj (.ebss)
                  00000318    00000004     rts2800_ml.lib : _lock.obj (.ebss)
                  0000031c    00000004                    : exit.obj (.ebss)

.data      1    00000002    00000000     UNINITIALIZED

.stack     1    00000320    00000040     UNINITIALIZED
                  00000320    00000040     --HOLE--

DevEmuRegsFile 
*          1    00000880    00000004     UNINITIALIZED
                  00000880    00000004     DSP2803x_GlobalVariableDefs.obj (DevEmuRegsFile)

SysPwrCtrlRegsFile 
*          1    00000985    00000003     UNINITIALIZED
                  00000985    00000003     DSP2803x_GlobalVariableDefs.obj (SysPwrCtrlRegsFile)

FlashRegsFile 
*          1    00000a80    00000008     UNINITIALIZED
                  00000a80    00000008     DSP2803x_GlobalVariableDefs.obj (FlashRegsFile)

CsmRegsFile 
*          1    00000ae0    00000010     UNINITIALIZED
                  00000ae0    00000010     DSP2803x_GlobalVariableDefs.obj (CsmRegsFile)

AdcResultFile 
*          1    00000b00    00000020     UNINITIALIZED
                  00000b00    00000020     DSP2803x_GlobalVariableDefs.obj (AdcResultFile)

CpuTimer0RegsFile 
*          1    00000c00    00000008     UNINITIALIZED
                  00000c00    00000008     DSP2803x_GlobalVariableDefs.obj (CpuTimer0RegsFile)

CpuTimer1RegsFile 
*          1    00000c08    00000008     UNINITIALIZED
                  00000c08    00000008     DSP2803x_GlobalVariableDefs.obj (CpuTimer1RegsFile)

CpuTimer2RegsFile 
*          1    00000c10    00000008     UNINITIALIZED
                  00000c10    00000008     DSP2803x_GlobalVariableDefs.obj (CpuTimer2RegsFile)

PieCtrlRegsFile 
*          1    00000ce0    0000001a     UNINITIALIZED
                  00000ce0    0000001a     DSP2803x_GlobalVariableDefs.obj (PieCtrlRegsFile)

PieVectTableFile 
*          1    00000d00    00000100     UNINITIALIZED
                  00000d00    00000100     DSP2803x_GlobalVariableDefs.obj (PieVectTableFile)

EmuKeyVar 
*          1    00000d00    00000001     UNINITIALIZED
                  00000d00    00000001     DSP2803x_GlobalVariableDefs.obj (EmuKeyVar)

EmuBModeVar 
*          1    00000d01    00000001     UNINITIALIZED
                  00000d01    00000001     DSP2803x_GlobalVariableDefs.obj (EmuBModeVar)

FlashCallbackVar 
*          1    00000d02    00000002     UNINITIALIZED
                  00000d02    00000002     DSP2803x_GlobalVariableDefs.obj (FlashCallbackVar)

FlashScalingVar 
*          1    00000d04    00000002     UNINITIALIZED
                  00000d04    00000002     DSP2803x_GlobalVariableDefs.obj (FlashScalingVar)

Cla1RegsFile 
*          1    00001400    00000040     UNINITIALIZED
                  00001400    00000040     DSP2803x_GlobalVariableDefs.obj (Cla1RegsFile)

ECanaRegsFile 
*          1    00006000    00000034     UNINITIALIZED
                  00006000    00000034     DSP2803x_GlobalVariableDefs.obj (ECanaRegsFile)

ECanaLAMRegsFile 
*          1    00006040    00000040     UNINITIALIZED
                  00006040    00000040     DSP2803x_GlobalVariableDefs.obj (ECanaLAMRegsFile)

ECanaMOTSRegsFile 
*          1    00006080    00000040     UNINITIALIZED
                  00006080    00000040     DSP2803x_GlobalVariableDefs.obj (ECanaMOTSRegsFile)

ECanaMOTORegsFile 
*          1    000060c0    00000040     UNINITIALIZED
                  000060c0    00000040     DSP2803x_GlobalVariableDefs.obj (ECanaMOTORegsFile)

ECanaMboxesFile 
*          1    00006100    00000100     UNINITIALIZED
                  00006100    00000100     DSP2803x_GlobalVariableDefs.obj (ECanaMboxesFile)

Comp1RegsFile 
*          1    00006400    00000014     UNINITIALIZED
                  00006400    00000014     DSP2803x_GlobalVariableDefs.obj (Comp1RegsFile)

Comp2RegsFile 
*          1    00006420    00000014     UNINITIALIZED
                  00006420    00000014     DSP2803x_GlobalVariableDefs.obj (Comp2RegsFile)

Comp3RegsFile 
*          1    00006440    00000014     UNINITIALIZED
                  00006440    00000014     DSP2803x_GlobalVariableDefs.obj (Comp3RegsFile)

EPwm1RegsFile 
*          1    00006800    00000040     UNINITIALIZED
                  00006800    00000040     DSP2803x_GlobalVariableDefs.obj (EPwm1RegsFile)

EPwm2RegsFile 
*          1    00006840    00000040     UNINITIALIZED
                  00006840    00000040     DSP2803x_GlobalVariableDefs.obj (EPwm2RegsFile)

EPwm3RegsFile 
*          1    00006880    00000040     UNINITIALIZED
                  00006880    00000040     DSP2803x_GlobalVariableDefs.obj (EPwm3RegsFile)

EPwm4RegsFile 
*          1    000068c0    00000040     UNINITIALIZED
                  000068c0    00000040     DSP2803x_GlobalVariableDefs.obj (EPwm4RegsFile)

EPwm5RegsFile 
*          1    00006900    00000040     UNINITIALIZED
                  00006900    00000040     DSP2803x_GlobalVariableDefs.obj (EPwm5RegsFile)

EPwm6RegsFile 
*          1    00006940    00000040     UNINITIALIZED
                  00006940    00000040     DSP2803x_GlobalVariableDefs.obj (EPwm6RegsFile)

EPwm7RegsFile 
*          1    00006980    00000040     UNINITIALIZED
                  00006980    00000040     DSP2803x_GlobalVariableDefs.obj (EPwm7RegsFile)

ECap1RegsFile 
*          1    00006a00    00000020     UNINITIALIZED
                  00006a00    00000020     DSP2803x_GlobalVariableDefs.obj (ECap1RegsFile)

HRCap1RegsFile 
*          1    00006ac0    00000020     UNINITIALIZED
                  00006ac0    00000020     DSP2803x_GlobalVariableDefs.obj (HRCap1RegsFile)

HRCap2RegsFile 
*          1    00006ae0    00000020     UNINITIALIZED
                  00006ae0    00000020     DSP2803x_GlobalVariableDefs.obj (HRCap2RegsFile)

EQep1RegsFile 
*          1    00006b00    00000040     UNINITIALIZED
                  00006b00    00000040     DSP2803x_GlobalVariableDefs.obj (EQep1RegsFile)

LinaRegsFile 
*          1    00006c00    0000004a     UNINITIALIZED
                  00006c00    0000004a     DSP2803x_GlobalVariableDefs.obj (LinaRegsFile)

GpioCtrlRegsFile 
*          1    00006f80    00000040     UNINITIALIZED
                  00006f80    00000040     DSP2803x_GlobalVariableDefs.obj (GpioCtrlRegsFile)

GpioDataRegsFile 
*          1    00006fc0    00000020     UNINITIALIZED
                  00006fc0    00000020     DSP2803x_GlobalVariableDefs.obj (GpioDataRegsFile)

GpioIntRegsFile 
*          1    00006fe0    0000000c     UNINITIALIZED
                  00006fe0    0000000c     DSP2803x_GlobalVariableDefs.obj (GpioIntRegsFile)

SysCtrlRegsFile 
*          1    00007010    00000020     UNINITIALIZED
                  00007010    00000020     DSP2803x_GlobalVariableDefs.obj (SysCtrlRegsFile)

SpiaRegsFile 
*          1    00007040    00000010     UNINITIALIZED
                  00007040    00000010     DSP2803x_GlobalVariableDefs.obj (SpiaRegsFile)

SciaRegsFile 
*          1    00007050    00000010     UNINITIALIZED
                  00007050    00000010     DSP2803x_GlobalVariableDefs.obj (SciaRegsFile)

NmiIntruptRegsFile 
*          1    00007060    00000010     UNINITIALIZED
                  00007060    00000010     DSP2803x_GlobalVariableDefs.obj (NmiIntruptRegsFile)

XIntruptRegsFile 
*          1    00007070    00000010     UNINITIALIZED
                  00007070    00000010     DSP2803x_GlobalVariableDefs.obj (XIntruptRegsFile)

AdcRegsFile 
*          1    00007100    00000050     UNINITIALIZED
                  00007100    00000050     DSP2803x_GlobalVariableDefs.obj (AdcRegsFile)

SpibRegsFile 
*          1    00007740    00000010     UNINITIALIZED
                  00007740    00000010     DSP2803x_GlobalVariableDefs.obj (SpibRegsFile)

I2caRegsFile 
*          1    00007900    00000022     UNINITIALIZED
                  00007900    00000022     DSP2803x_GlobalVariableDefs.obj (I2caRegsFile)

PartIdRegsFile 
*          1    003d7e80    00000001     UNINITIALIZED
                  003d7e80    00000001     DSP2803x_GlobalVariableDefs.obj (PartIdRegsFile)

CsmPwlFile 
*          1    003f7ff8    00000008     UNINITIALIZED
                  003f7ff8    00000008     DSP2803x_GlobalVariableDefs.obj (CsmPwlFile)


GLOBAL DATA SYMBOLS: SORTED BY DATA PAGE

address     data page           name
--------    ----------------    ----
00000002       0 (00000000)     _Rider_Controls_OutH_MdlrefDWork
00000004       0 (00000000)     _Rider_Controls_OutHardwar_DWork
00000006       0 (00000000)     _Rider_Controls_OutHardware_B
0000002e       0 (00000000)     _CAN_DATATYPE_GROUND
0000003e       0 (00000000)     _P1
0000003f       0 (00000000)     _P0

00000040       1 (00000040)     _Rider_Controls_InHa_MdlrefDWork
00000042       1 (00000040)     _Rider_Controls_InH_TimingBridge
00000044       1 (00000040)     _Rider_Controls_InHard_GlobalTID
00000046       1 (00000040)     _Rider_Controls_InHardware_DWork

00000080       2 (00000080)     _Rider_Controls_InHardware_B

0000023a       8 (00000200)     _Rider_Controls_Cont_MdlrefDWork
0000023c       8 (00000200)     _Rider_Controls_Control_DWork

00000240       9 (00000240)     _Rider_Controls_Full_CAN_E_DWork
00000252       9 (00000240)     _Rider_Controls_Ful_TimingBridge
00000260       9 (00000240)     _Rider_Controls_Full_CAN_Enab_M_

00000280       a (00000280)     _Rider_Controls_Full_CAN_Enabl_B

000002ee       b (000002c0)     _rtMinusInf
000002f0       b (000002c0)     _rtInf
000002f2       b (000002c0)     _rtNaN
000002f4       b (000002c0)     _rtMinusInfF
000002f6       b (000002c0)     _rtInfF
000002f8       b (000002c0)     _rtNaNF
000002fa       b (000002c0)     _IsrOverrun
000002fb       b (000002c0)     _need2runFlags
000002fd       b (000002c0)     _isRateRunning

00000300       c (00000300)     _CpuTimer1
00000308       c (00000300)     _CpuTimer2
00000310       c (00000300)     _CpuTimer0
00000318       c (00000300)     __unlock
0000031a       c (00000300)     __lock
0000031c       c (00000300)     ___TI_cleanup_ptr
0000031e       c (00000300)     ___TI_dtors_ptr
00000320       c (00000300)     __stack

00000880      22 (00000880)     _DevEmuRegs

00000985      26 (00000980)     _SysPwrCtrlRegs

00000a80      2a (00000a80)     _FlashRegs

00000ae0      2b (00000ac0)     _CsmRegs

00000b00      2c (00000b00)     _AdcResult

00000c00      30 (00000c00)     _CpuTimer0Regs
00000c08      30 (00000c00)     _CpuTimer1Regs
00000c10      30 (00000c00)     _CpuTimer2Regs

00000ce0      33 (00000cc0)     _PieCtrlRegs

00000d00      34 (00000d00)     _EmuKey
00000d00      34 (00000d00)     _PieVectTable
00000d01      34 (00000d00)     _EmuBMode
00000d02      34 (00000d00)     _Flash_CallbackPtr
00000d04      34 (00000d00)     _Flash_CPUScaleFactor

00001400      50 (00001400)     _Cla1Regs

00006000     180 (00006000)     _ECanaRegs

00006040     181 (00006040)     _ECanaLAMRegs

00006080     182 (00006080)     _ECanaMOTSRegs

000060c0     183 (000060c0)     _ECanaMOTORegs

00006100     184 (00006100)     _ECanaMboxes

00006400     190 (00006400)     _Comp1Regs
00006420     190 (00006400)     _Comp2Regs

00006440     191 (00006440)     _Comp3Regs

00006800     1a0 (00006800)     _EPwm1Regs

00006840     1a1 (00006840)     _EPwm2Regs

00006880     1a2 (00006880)     _EPwm3Regs

000068c0     1a3 (000068c0)     _EPwm4Regs

00006900     1a4 (00006900)     _EPwm5Regs

00006940     1a5 (00006940)     _EPwm6Regs

00006980     1a6 (00006980)     _EPwm7Regs

00006a00     1a8 (00006a00)     _ECap1Regs

00006ac0     1ab (00006ac0)     _HRCap1Regs
00006ae0     1ab (00006ac0)     _HRCap2Regs

00006b00     1ac (00006b00)     _EQep1Regs

00006c00     1b0 (00006c00)     _LinaRegs

00006f80     1be (00006f80)     _GpioCtrlRegs

00006fc0     1bf (00006fc0)     _GpioDataRegs
00006fe0     1bf (00006fc0)     _GpioIntRegs

00007010     1c0 (00007000)     _SysCtrlRegs

00007040     1c1 (00007040)     _SpiaRegs
00007050     1c1 (00007040)     _SciaRegs
00007060     1c1 (00007040)     _NmiIntruptRegs
00007070     1c1 (00007040)     _XIntruptRegs

00007100     1c4 (00007100)     _AdcRegs

00007740     1dd (00007740)     _SpibRegs

00007900     1e4 (00007900)     _I2caRegs

003d7e80    f5fa (003d7e80)     _PartIdRegs

003eab84    faae (003eab80)     _PieVectTableInit

003eac84    fab2 (003eac80)     _rtCP_pooled_W8JaF1peqnCU
003eac8e    fab2 (003eac80)     _rtCP_pooled_kXF479Tr1zzv
003eac98    fab2 (003eac80)     _rtCP_pooled_4sEq7SW1OOvc
003eaca0    fab2 (003eac80)     _rtCP_pooled_qgZrQ0kJRiEc
003eaca8    fab2 (003eac80)     _Rider_Controls_Full_CAN_Enable_U16GND
003eacaa    fab2 (003eac80)     _Rider_Controls_Full_CAN_Enab_M
003eacac    fab2 (003eac80)     _Rider_Controls_Full_CAN_Enable_RGND

003f7ff8    fdff (003f7fc0)     _CsmPwl


GLOBAL SYMBOLS: SORTED ALPHABETICALLY BY Name 

address    name
--------   ----
00000002   .bss
00000002   .data
003e8000   .text
003eaabf   C$$EXIT
003ea5d7   FS$$ADD
003eaaf0   FS$$CMP
003ea4d5   FS$$DIV
003ea854   FS$$MPY
003eab7f   FS$$NEG
003ea5d2   FS$$SUB
003ea9fd   FS$$TOL
003eaa6f   FS$$TOU
003eaa8c   L$$TOFS
003eab41   U$$TOFS
003eab1d   UL$$TOFS
003ea21f   _ADCINT1_ISR
003ea21a   _ADCINT2_ISR
003ea215   _ADCINT3_ISR
003ea210   _ADCINT4_ISR
003ea20b   _ADCINT5_ISR
003ea206   _ADCINT6_ISR
003ea201   _ADCINT7_ISR
003ea1fc   _ADCINT8_ISR
003ea1f7   _ADCINT9_ISR
003e9f43   _AdcChanSelect
003e9f9b   _AdcConversion
003ea083   _AdcOffsetSelfCal
00007100   _AdcRegs
00000b00   _AdcResult
0000002e   _CAN_DATATYPE_GROUND
003ea1f2   _CLA1_INT1_ISR
003ea1ed   _CLA1_INT2_ISR
003ea1e8   _CLA1_INT3_ISR
003ea1e3   _CLA1_INT4_ISR
003ea1de   _CLA1_INT5_ISR
003ea1d9   _CLA1_INT6_ISR
003ea1d4   _CLA1_INT7_ISR
003ea1cf   _CLA1_INT8_ISR
00001400   _Cla1Regs
00006400   _Comp1Regs
00006420   _Comp2Regs
00006440   _Comp3Regs
003ea7cd   _ConfigCpuTimer
00000310   _CpuTimer0
00000c00   _CpuTimer0Regs
00000300   _CpuTimer1
00000c08   _CpuTimer1Regs
00000308   _CpuTimer2
00000c10   _CpuTimer2Regs
003f7ff8   _CsmPwl
00000ae0   _CsmRegs
003ea32f   _CsmUnlock
003ea1ca   _DATALOG_ISR
0000801d   _DSP28x_usDelay
00000880   _DevEmuRegs
003ea266   _DisableDog
003ea1c5   _ECAN0INTA_ISR
003ea1c0   _ECAN1INTA_ISR
003ea1bb   _ECAP1_INT_ISR
00006040   _ECanaLAMRegs
000060c0   _ECanaMOTORegs
00006080   _ECanaMOTSRegs
00006100   _ECanaMboxes
00006000   _ECanaRegs
00006a00   _ECap1Regs
003ea1b6   _EMPTY_ISR
003ea1b1   _EMUINT_ISR
003ea1ac   _EPWM1_INT_ISR
003ea1a7   _EPWM1_TZINT_ISR
003ea1a2   _EPWM2_INT_ISR
003ea19d   _EPWM2_TZINT_ISR
003ea198   _EPWM3_INT_ISR
003ea193   _EPWM3_TZINT_ISR
003ea18e   _EPWM4_INT_ISR
003ea189   _EPWM4_TZINT_ISR
003ea184   _EPWM5_INT_ISR
003ea17f   _EPWM5_TZINT_ISR
003ea17a   _EPWM6_INT_ISR
003ea175   _EPWM6_TZINT_ISR
003ea170   _EPWM7_INT_ISR
003ea16b   _EPWM7_TZINT_ISR
00006800   _EPwm1Regs
00006840   _EPwm2Regs
00006880   _EPwm3Regs
000068c0   _EPwm4Regs
00006900   _EPwm5Regs
00006940   _EPwm6Regs
00006980   _EPwm7Regs
003ea166   _EQEP1_INT_ISR
00006b00   _EQep1Regs
00000d01   _EmuBMode
00000d00   _EmuKey
003eaa45   _EnableInterrupts
003ea317   _ExtOscSel
00000a80   _FlashRegs
00000d04   _Flash_CPUScaleFactor
00000d02   _Flash_CallbackPtr
003ea4b1   _GenIdParity
00006f80   _GpioCtrlRegs
00006fc0   _GpioDataRegs
00006fe0   _GpioIntRegs
003ea161   _HRCAP1_INT_ISR
003ea15c   _HRCAP2_INT_ISR
00006ac0   _HRCap1Regs
00006ae0   _HRCap2Regs
003ea157   _I2CINT1A_ISR
003ea152   _I2CINT2A_ISR
00007900   _I2caRegs
003ea14d   _ILLEGAL_ISR
003ea148   _INT13_ISR
003ea143   _INT14_ISR
003e9f25   _InitAdc
003e9eff   _InitAdcAio
003ea790   _InitCpuTimers
00008000   _InitFlash
003ea45c   _InitLin
003ea444   _InitLinGpio
003ea45c   _InitLina
003ea444   _InitLinaGpio
003ea2bc   _InitPeripheralClocks
003eaa26   _InitPieCtrl
003eab30   _InitPieVectTable
003ea26e   _InitPll
003ea305   _InitSysCtrl
003ea256   _IntOsc1Sel
003ea242   _IntOsc2Sel
000002fa   _IsrOverrun
003ea13e   _LIN0INTA_ISR
003ea139   _LIN1INTA_ISR
003ea134   _LUF_ISR
003ea12f   _LVF_ISR
00006c00   _LinaRegs
003ea12a   _NMI_ISR
00007060   _NmiIntruptRegs
0000003f   _P0
0000003e   _P1
003ea125   _PIE_RESERVED
003d7e80   _PartIdRegs
00000ce0   _PieCtrlRegs
00000d00   _PieVectTable
003eab84   _PieVectTableInit
003ea120   _RTOSINT_ISR
003eacd1   _RamfuncsLoadEnd
003eacb0   _RamfuncsLoadStart
00008000   _RamfuncsRunStart
0000023a   _Rider_Controls_Cont_MdlrefDWork
003e9cbe   _Rider_Controls_Contr_initialize
003e99a0   _Rider_Controls_Control
0000023c   _Rider_Controls_Control_DWork
00000252   _Rider_Controls_Ful_TimingBridge
00000240   _Rider_Controls_Full_CAN_E_DWork
003eacaa   _Rider_Controls_Full_CAN_Enab_M
00000260   _Rider_Controls_Full_CAN_Enab_M_
00000280   _Rider_Controls_Full_CAN_Enabl_B
003eacac   _Rider_Controls_Full_CAN_Enable_RGND
003e9ef7   _Rider_Controls_Full_CAN_Enable_SetEventsForThisBaseStep
003eaca8   _Rider_Controls_Full_CAN_Enable_U16GND
003e9e8f   _Rider_Controls_Full_CAN_Enable_initialize
003e9e85   _Rider_Controls_Full_CAN_Enable_step
003e9e74   _Rider_Controls_Full_CAN_Enable_step0
003e9ccd   _Rider_Controls_Full_CAN_Enable_step1
003e9ccc   _Rider_Controls_Full_CAN_Enable_terminate
003e94d1   _Rider_Controls_I_initialize
00000042   _Rider_Controls_InH_TimingBridge
00000040   _Rider_Controls_InHa_MdlrefDWork
003e94ca   _Rider_Controls_InHar_UpdateTID0
003e94c9   _Rider_Controls_InHar_UpdateTID1
00000044   _Rider_Controls_InHard_GlobalTID
003e9329   _Rider_Controls_InHard_Start
003e92e2   _Rider_Controls_InHardwareTID0
003e8000   _Rider_Controls_InHardwareTID1
00000080   _Rider_Controls_InHardware_B
00000046   _Rider_Controls_InHardware_DWork
00000002   _Rider_Controls_OutH_MdlrefDWork
003e997c   _Rider_Controls_OutHa_initialize
00000004   _Rider_Controls_OutHardwar_DWork
003e996b   _Rider_Controls_OutHardwar_Start
003e9651   _Rider_Controls_OutHardware
00000006   _Rider_Controls_OutHardware_B
003ea11b   _SCIRXINTA_ISR
003ea116   _SCITXINTA_ISR
003ea111   _SPIRXINTA_ISR
003ea10c   _SPIRXINTB_ISR
003ea107   _SPITXINTA_ISR
003ea102   _SPITXINTB_ISR
00007050   _SciaRegs
003ea238   _ServiceDog
00007040   _SpiaRegs
00007740   _SpibRegs
00007010   _SysCtrlRegs
00000985   _SysPwrCtrlRegs
003ea0fd   _TINT0_ISR
003ea6bd   _TINT0_isr
003ea0f8   _USER10_ISR
003ea0f3   _USER11_ISR
003ea0ee   _USER12_ISR
003ea0e9   _USER1_ISR
003ea0e4   _USER2_ISR
003ea0df   _USER3_ISR
003ea0da   _USER4_ISR
003ea0d5   _USER5_ISR
003ea0d0   _USER6_ISR
003ea0cb   _USER7_ISR
003ea0c6   _USER8_ISR
003ea0c1   _USER9_ISR
003ea0bc   _WAKEINT_ISR
003ea0b7   _XINT1_ISR
003ea0b2   _XINT2_ISR
003ea0ad   _XINT3_ISR
00007070   _XIntruptRegs
003ea224   _XtalOscSel
00000360   __STACK_END
00000040   __STACK_SIZE
00000001   __TI_args_main
0000031c   ___TI_cleanup_ptr
0000031e   ___TI_dtors_ptr
ffffffff   ___binit__
00000002   ___bss__
ffffffff   ___c_args__
003eacd1   ___cinit__
00000002   ___data__
00000002   ___edata__
00000002   ___end__
003eab84   ___etext__
003eaa4e   ___memcpy_ff
ffffffff   ___pinit__
003e8000   ___text__
003eaaa6   __args_main
0000031a   __lock
003eab65   __nop
003eab61   __register_lock
003eab5d   __register_unlock
00000320   __stack
00000318   __unlock
003eaabf   _abort
003eab0e   _c2000_flash_init
003ea8ae   _c_int00
003ea9a4   _config_ADC_SOC0
003ea3f0   _config_eCAN_A_mbx
003ea908   _configureTimer0
003ea8fa   _disableTimer0Interrupt
003eab78   _disableWatchdog
003ea8f2   _enableTimer0Interrupt
003eab77   _enable_interrupts
003eaac1   _exit
003ea9d1   _fmod
003eab0b   _globalInterruptDisable
003eab07   _globalInterruptEnable
003ea933   _init_board
003ea35d   _init_eCAN_A
000002fd   _isRateRunning
003ea558   _look1_iflf_plinlgpw
003ea75d   _main
003eab51   _memset
003ea973   _modf
000002fb   _need2runFlags
003ea0a8   _rsvd_ISR
003eac98   _rtCP_pooled_4sEq7SW1OOvc
003eac84   _rtCP_pooled_W8JaF1peqnCU
003eac8e   _rtCP_pooled_kXF479Tr1zzv
003eaca0   _rtCP_pooled_qgZrQ0kJRiEc
003eaaeb   _rtGetInf
003eaae4   _rtGetInfF
003eaadf   _rtGetMinusInf
003eaad8   _rtGetMinusInfF
003eab6a   _rtGetNaN
003eab66   _rtGetNaNF
000002f0   _rtInf
000002f6   _rtInfF
003ea6a0   _rtIsInf
003ea683   _rtIsInfF
003ea676   _rtIsNaN
003ea669   _rtIsNaNF
000002ee   _rtMinusInf
000002f4   _rtMinusInfF
000002f2   _rtNaN
000002f8   _rtNaNF
003ea64a   _rt_InitInfAndNaN
003ea72a   _rt_OneStep
003ea7f2   _rt_roundd_snf
ffffffff   binit
003eacd1   cinit
003f7ff6   code_start
00000002   edata
00000002   end
003eab84   etext
ffffffff   pinit


GLOBAL SYMBOLS: SORTED BY Symbol Address 

address    name
--------   ----
00000001   __TI_args_main
00000002   .bss
00000002   .data
00000002   _Rider_Controls_OutH_MdlrefDWork
00000002   ___bss__
00000002   ___data__
00000002   ___edata__
00000002   ___end__
00000002   edata
00000002   end
00000004   _Rider_Controls_OutHardwar_DWork
00000006   _Rider_Controls_OutHardware_B
0000002e   _CAN_DATATYPE_GROUND
0000003e   _P1
0000003f   _P0
00000040   _Rider_Controls_InHa_MdlrefDWork
00000040   __STACK_SIZE
00000042   _Rider_Controls_InH_TimingBridge
00000044   _Rider_Controls_InHard_GlobalTID
00000046   _Rider_Controls_InHardware_DWork
00000080   _Rider_Controls_InHardware_B
0000023a   _Rider_Controls_Cont_MdlrefDWork
0000023c   _Rider_Controls_Control_DWork
00000240   _Rider_Controls_Full_CAN_E_DWork
00000252   _Rider_Controls_Ful_TimingBridge
00000260   _Rider_Controls_Full_CAN_Enab_M_
00000280   _Rider_Controls_Full_CAN_Enabl_B
000002ee   _rtMinusInf
000002f0   _rtInf
000002f2   _rtNaN
000002f4   _rtMinusInfF
000002f6   _rtInfF
000002f8   _rtNaNF
000002fa   _IsrOverrun
000002fb   _need2runFlags
000002fd   _isRateRunning
00000300   _CpuTimer1
00000308   _CpuTimer2
00000310   _CpuTimer0
00000318   __unlock
0000031a   __lock
0000031c   ___TI_cleanup_ptr
0000031e   ___TI_dtors_ptr
00000320   __stack
00000360   __STACK_END
00000880   _DevEmuRegs
00000985   _SysPwrCtrlRegs
00000a80   _FlashRegs
00000ae0   _CsmRegs
00000b00   _AdcResult
00000c00   _CpuTimer0Regs
00000c08   _CpuTimer1Regs
00000c10   _CpuTimer2Regs
00000ce0   _PieCtrlRegs
00000d00   _EmuKey
00000d00   _PieVectTable
00000d01   _EmuBMode
00000d02   _Flash_CallbackPtr
00000d04   _Flash_CPUScaleFactor
00001400   _Cla1Regs
00006000   _ECanaRegs
00006040   _ECanaLAMRegs
00006080   _ECanaMOTSRegs
000060c0   _ECanaMOTORegs
00006100   _ECanaMboxes
00006400   _Comp1Regs
00006420   _Comp2Regs
00006440   _Comp3Regs
00006800   _EPwm1Regs
00006840   _EPwm2Regs
00006880   _EPwm3Regs
000068c0   _EPwm4Regs
00006900   _EPwm5Regs
00006940   _EPwm6Regs
00006980   _EPwm7Regs
00006a00   _ECap1Regs
00006ac0   _HRCap1Regs
00006ae0   _HRCap2Regs
00006b00   _EQep1Regs
00006c00   _LinaRegs
00006f80   _GpioCtrlRegs
00006fc0   _GpioDataRegs
00006fe0   _GpioIntRegs
00007010   _SysCtrlRegs
00007040   _SpiaRegs
00007050   _SciaRegs
00007060   _NmiIntruptRegs
00007070   _XIntruptRegs
00007100   _AdcRegs
00007740   _SpibRegs
00007900   _I2caRegs
00008000   _InitFlash
00008000   _RamfuncsRunStart
0000801d   _DSP28x_usDelay
003d7e80   _PartIdRegs
003e8000   .text
003e8000   _Rider_Controls_InHardwareTID1
003e8000   ___text__
003e92e2   _Rider_Controls_InHardwareTID0
003e9329   _Rider_Controls_InHard_Start
003e94c9   _Rider_Controls_InHar_UpdateTID1
003e94ca   _Rider_Controls_InHar_UpdateTID0
003e94d1   _Rider_Controls_I_initialize
003e9651   _Rider_Controls_OutHardware
003e996b   _Rider_Controls_OutHardwar_Start
003e997c   _Rider_Controls_OutHa_initialize
003e99a0   _Rider_Controls_Control
003e9cbe   _Rider_Controls_Contr_initialize
003e9ccc   _Rider_Controls_Full_CAN_Enable_terminate
003e9ccd   _Rider_Controls_Full_CAN_Enable_step1
003e9e74   _Rider_Controls_Full_CAN_Enable_step0
003e9e85   _Rider_Controls_Full_CAN_Enable_step
003e9e8f   _Rider_Controls_Full_CAN_Enable_initialize
003e9ef7   _Rider_Controls_Full_CAN_Enable_SetEventsForThisBaseStep
003e9eff   _InitAdcAio
003e9f25   _InitAdc
003e9f43   _AdcChanSelect
003e9f9b   _AdcConversion
003ea083   _AdcOffsetSelfCal
003ea0a8   _rsvd_ISR
003ea0ad   _XINT3_ISR
003ea0b2   _XINT2_ISR
003ea0b7   _XINT1_ISR
003ea0bc   _WAKEINT_ISR
003ea0c1   _USER9_ISR
003ea0c6   _USER8_ISR
003ea0cb   _USER7_ISR
003ea0d0   _USER6_ISR
003ea0d5   _USER5_ISR
003ea0da   _USER4_ISR
003ea0df   _USER3_ISR
003ea0e4   _USER2_ISR
003ea0e9   _USER1_ISR
003ea0ee   _USER12_ISR
003ea0f3   _USER11_ISR
003ea0f8   _USER10_ISR
003ea0fd   _TINT0_ISR
003ea102   _SPITXINTB_ISR
003ea107   _SPITXINTA_ISR
003ea10c   _SPIRXINTB_ISR
003ea111   _SPIRXINTA_ISR
003ea116   _SCITXINTA_ISR
003ea11b   _SCIRXINTA_ISR
003ea120   _RTOSINT_ISR
003ea125   _PIE_RESERVED
003ea12a   _NMI_ISR
003ea12f   _LVF_ISR
003ea134   _LUF_ISR
003ea139   _LIN1INTA_ISR
003ea13e   _LIN0INTA_ISR
003ea143   _INT14_ISR
003ea148   _INT13_ISR
003ea14d   _ILLEGAL_ISR
003ea152   _I2CINT2A_ISR
003ea157   _I2CINT1A_ISR
003ea15c   _HRCAP2_INT_ISR
003ea161   _HRCAP1_INT_ISR
003ea166   _EQEP1_INT_ISR
003ea16b   _EPWM7_TZINT_ISR
003ea170   _EPWM7_INT_ISR
003ea175   _EPWM6_TZINT_ISR
003ea17a   _EPWM6_INT_ISR
003ea17f   _EPWM5_TZINT_ISR
003ea184   _EPWM5_INT_ISR
003ea189   _EPWM4_TZINT_ISR
003ea18e   _EPWM4_INT_ISR
003ea193   _EPWM3_TZINT_ISR
003ea198   _EPWM3_INT_ISR
003ea19d   _EPWM2_TZINT_ISR
003ea1a2   _EPWM2_INT_ISR
003ea1a7   _EPWM1_TZINT_ISR
003ea1ac   _EPWM1_INT_ISR
003ea1b1   _EMUINT_ISR
003ea1b6   _EMPTY_ISR
003ea1bb   _ECAP1_INT_ISR
003ea1c0   _ECAN1INTA_ISR
003ea1c5   _ECAN0INTA_ISR
003ea1ca   _DATALOG_ISR
003ea1cf   _CLA1_INT8_ISR
003ea1d4   _CLA1_INT7_ISR
003ea1d9   _CLA1_INT6_ISR
003ea1de   _CLA1_INT5_ISR
003ea1e3   _CLA1_INT4_ISR
003ea1e8   _CLA1_INT3_ISR
003ea1ed   _CLA1_INT2_ISR
003ea1f2   _CLA1_INT1_ISR
003ea1f7   _ADCINT9_ISR
003ea1fc   _ADCINT8_ISR
003ea201   _ADCINT7_ISR
003ea206   _ADCINT6_ISR
003ea20b   _ADCINT5_ISR
003ea210   _ADCINT4_ISR
003ea215   _ADCINT3_ISR
003ea21a   _ADCINT2_ISR
003ea21f   _ADCINT1_ISR
003ea224   _XtalOscSel
003ea238   _ServiceDog
003ea242   _IntOsc2Sel
003ea256   _IntOsc1Sel
003ea266   _DisableDog
003ea26e   _InitPll
003ea2bc   _InitPeripheralClocks
003ea305   _InitSysCtrl
003ea317   _ExtOscSel
003ea32f   _CsmUnlock
003ea35d   _init_eCAN_A
003ea3f0   _config_eCAN_A_mbx
003ea444   _InitLinGpio
003ea444   _InitLinaGpio
003ea45c   _InitLin
003ea45c   _InitLina
003ea4b1   _GenIdParity
003ea4d5   FS$$DIV
003ea558   _look1_iflf_plinlgpw
003ea5d2   FS$$SUB
003ea5d7   FS$$ADD
003ea64a   _rt_InitInfAndNaN
003ea669   _rtIsNaNF
003ea676   _rtIsNaN
003ea683   _rtIsInfF
003ea6a0   _rtIsInf
003ea6bd   _TINT0_isr
003ea72a   _rt_OneStep
003ea75d   _main
003ea790   _InitCpuTimers
003ea7cd   _ConfigCpuTimer
003ea7f2   _rt_roundd_snf
003ea854   FS$$MPY
003ea8ae   _c_int00
003ea8f2   _enableTimer0Interrupt
003ea8fa   _disableTimer0Interrupt
003ea908   _configureTimer0
003ea933   _init_board
003ea973   _modf
003ea9a4   _config_ADC_SOC0
003ea9d1   _fmod
003ea9fd   FS$$TOL
003eaa26   _InitPieCtrl
003eaa45   _EnableInterrupts
003eaa4e   ___memcpy_ff
003eaa6f   FS$$TOU
003eaa8c   L$$TOFS
003eaaa6   __args_main
003eaabf   C$$EXIT
003eaabf   _abort
003eaac1   _exit
003eaad8   _rtGetMinusInfF
003eaadf   _rtGetMinusInf
003eaae4   _rtGetInfF
003eaaeb   _rtGetInf
003eaaf0   FS$$CMP
003eab07   _globalInterruptEnable
003eab0b   _globalInterruptDisable
003eab0e   _c2000_flash_init
003eab1d   UL$$TOFS
003eab30   _InitPieVectTable
003eab41   U$$TOFS
003eab51   _memset
003eab5d   __register_unlock
003eab61   __register_lock
003eab65   __nop
003eab66   _rtGetNaNF
003eab6a   _rtGetNaN
003eab77   _enable_interrupts
003eab78   _disableWatchdog
003eab7f   FS$$NEG
003eab84   _PieVectTableInit
003eab84   ___etext__
003eab84   etext
003eac84   _rtCP_pooled_W8JaF1peqnCU
003eac8e   _rtCP_pooled_kXF479Tr1zzv
003eac98   _rtCP_pooled_4sEq7SW1OOvc
003eaca0   _rtCP_pooled_qgZrQ0kJRiEc
003eaca8   _Rider_Controls_Full_CAN_Enable_U16GND
003eacaa   _Rider_Controls_Full_CAN_Enab_M
003eacac   _Rider_Controls_Full_CAN_Enable_RGND
003eacb0   _RamfuncsLoadStart
003eacd1   _RamfuncsLoadEnd
003eacd1   ___cinit__
003eacd1   cinit
003f7ff6   code_start
003f7ff8   _CsmPwl
ffffffff   ___binit__
ffffffff   ___c_args__
ffffffff   ___pinit__
ffffffff   binit
ffffffff   pinit

[287 symbols]
