******************************************************************************
             TMS320C2000 Linker PC v6.2.0                      
******************************************************************************
>> Linked Thu Apr 16 19:16:13 2015

OUTPUT FILE NAME:   <../Rider_Controls_Full_CAN_Enable.out>
ENTRY POINT SYMBOL: "_c_int00"  address: 003ec611


MEMORY CONFIGURATION

         name            origin    length      used     unused   attr    fill
----------------------  --------  ---------  --------  --------  ----  --------
PAGE 0:
  BEGINRAM              00000000   00000002  00000000  00000002  RWIX
  PRAML0_L3             00008000   00002000  00000021  00001fdf  RWIX
  OTP                   003d7800   00000400  00000000  00000400  RWIX
  FLASH                 003e8000   0000fff6  00004a43  0000b5b3  RWIX
  BEGINFLASH            003f7ff6   00000002  00000002  00000000  RWIX
  CSM_PWL               003f7ff8   00000008  00000000  00000008  RWIX
  IQTABLES              003fe000   00000b50  00000000  00000b50  RWIX
  IQTABLES2             003feb50   0000008c  00000000  0000008c  RWIX
  IQTABLES3             003febdc   000000aa  00000000  000000aa  RWIX
  BOOTROM               003ff27c   00000d44  00000000  00000d44  RWIX
  RESET                 003fffc0   00000002  00000000  00000002  RWIX
  VECTORS               003fffc2   0000003e  00000000  0000003e  RWIX

PAGE 1:
  RAMM0M1               00000002   000007fe  000004c6  00000338  RWIX
  DEV_EMU               00000880   00000105  00000004  00000101  RWIX
  SYS_PWR_CTL           00000985   00000003  00000003  00000000  RWIX
  FLASH_REGS            00000a80   00000060  00000008  00000058  RWIX
  CSM                   00000ae0   00000010  00000010  00000000  RWIX
  ADC_RESULT            00000b00   00000020  00000020  00000000  RWIX
  CPU_TIMER0            00000c00   00000008  00000008  00000000  RWIX
  CPU_TIMER1            00000c08   00000008  00000008  00000000  RWIX
  CPU_TIMER2            00000c10   00000008  00000008  00000000  RWIX
  PIE_CTRL              00000ce0   00000020  0000001a  00000006  RWIX
  PIE_VECT              00000d00   00000100  00000100  00000000  RWIX
  CLA1                  00001400   00000080  00000040  00000040  RWIX
  ECANA                 00006000   00000040  00000034  0000000c  RWIX
  ECANA_LAM             00006040   00000040  00000040  00000000  RWIX
  ECANA_MOTS            00006080   00000040  00000040  00000000  RWIX
  ECANA_MOTO            000060c0   00000040  00000040  00000000  RWIX
  ECANA_MBOX            00006100   00000100  00000100  00000000  RWIX
  COMP1                 00006400   00000020  00000014  0000000c  RWIX
  COMP2                 00006420   00000020  00000014  0000000c  RWIX
  COMP3                 00006440   00000020  00000014  0000000c  RWIX
  EPWM1                 00006800   00000040  00000040  00000000  RWIX
  EPWM2                 00006840   00000040  00000040  00000000  RWIX
  EPWM3                 00006880   00000040  00000040  00000000  RWIX
  EPWM4                 000068c0   00000040  00000040  00000000  RWIX
  EPWM5                 00006900   00000040  00000040  00000000  RWIX
  EPWM6                 00006940   00000040  00000040  00000000  RWIX
  EPWM7                 00006980   00000040  00000040  00000000  RWIX
  ECAP1                 00006a00   00000020  00000020  00000000  RWIX
  HRCAP1                00006ac0   00000020  00000020  00000000  RWIX
  HRCAP2                00006ae0   00000020  00000020  00000000  RWIX
  EQEP1                 00006b00   00000040  00000040  00000000  RWIX
  LINA                  00006c00   00000080  0000004a  00000036  RWIX
  GPIOCTRL              00006f80   00000040  00000040  00000000  RWIX
  GPIODAT               00006fc0   00000020  00000020  00000000  RWIX
  GPIOINT               00006fe0   00000020  0000000c  00000014  RWIX
  SYSTEM                00007010   00000020  00000020  00000000  RWIX
  SPIA                  00007040   00000010  00000010  00000000  RWIX
  SCIA                  00007050   00000010  00000010  00000000  RWIX
  NMIINTRUPT            00007060   00000010  00000010  00000000  RWIX
  XINTRUPT              00007070   00000010  00000010  00000000  RWIX
  ADC                   00007100   00000080  00000050  00000030  RWIX
  SPIB                  00007740   00000010  00000010  00000000  RWIX
  I2CA                  00007900   00000040  00000022  0000001e  RWIX
  PARTID                003d7e80   00000001  00000001  00000000  RWIX
  CSM_PWL               003f7ff8   00000008  00000008  00000000  RWIX


SECTION ALLOCATION MAP

 output                                  attributes/
section   page    origin      length       input sections
--------  ----  ----------  ----------   ----------------
.pinit     0    003e8000    00000000     UNINITIALIZED

.text      0    003e8000    000048d4     
                  003e8000    000034d5     Rider_Controls_InHardware_rtwlib.lib : Rider_Controls_InHardware.obj (.text)
                  003eb4d5    00000407     Rider_Controls_Full_CAN_Enable.obj (.text)
                  003eb8dc    0000035a     Rider_Controls_Control_rtwlib.lib : Rider_Controls_Control.obj (.text)
                  003ebc36    000001a9     DSP2803x_Adc.obj (.text)
                  003ebddf    0000017c     DSP2803x_DefaultIsr.obj (.text:retain)
                  003ebf5b    00000139     DSP2803x_SysCtrl.obj (.text)
                  003ec094    000000e7     MW_c28xx_can.obj (.text)
                  003ec17b    00000092     ert_main.obj (.text)
                  003ec20d    00000091     DSP2803x_Lin.obj (.text)
                  003ec29e    00000083     rts2800_ml.lib : fs_div.obj (.text)
                  003ec321    0000007a     rtwshared.lib : look1_iflf_plinlgpw.obj (.text)
                  003ec39b    00000078     rts2800_ml.lib : fs_add.obj (.text)
                  003ec413    00000073     rtwshared.lib : rt_nonfinite.obj (.text)
                  003ec486    0000006d     c2803xSchedulerTimer0.obj (.text:retain)
                  003ec4f3    00000062     DSP2803x_CpuTimers.obj (.text)
                  003ec555    00000062     rtwshared.lib : rt_roundd_snf.obj (.text)
                  003ec5b7    0000005a     rts2800_ml.lib : fs_mpy.obj (.text)
                  003ec611    00000044                    : boot.obj (.text)
                  003ec655    00000041     c2803xSchedulerTimer0.obj (.text)
                  003ec696    00000040     MW_c28xx_board.obj (.text)
                  003ec6d6    00000031     rts2800_ml.lib : modf.obj (.text)
                  003ec707    0000002d     Rider_Controls_InHardware_rtwlib.lib : MW_c28xx_adc.obj (.text)
                  003ec734    0000002c     rts2800_ml.lib : fmod.obj (.text)
                  003ec760    00000029                    : fs_tol.obj (.text)
                  003ec789    00000028     DSP2803x_PieCtrl.obj (.text)
                  003ec7b1    00000021     rts2800_ml.lib : memcpy_ff.obj (.text)
                  003ec7d2    0000001d                    : fs_tou.obj (.text)
                  003ec7ef    0000001a                    : l_tofs.obj (.text)
                  003ec809    00000019                    : args_main.obj (.text)
                  003ec822    00000019                    : exit.obj (.text)
                  003ec83b    00000018     rtwshared.lib : rtGetInf.obj (.text)
                  003ec853    00000017     rts2800_ml.lib : fs_cmp.obj (.text)
                  003ec86a    00000016     c2803xBoard_Realtime_Support.obj (.text)
                  003ec880    00000011     DSP2803x_PieVect.obj (.text)
                  003ec891    00000010     rts2800_ml.lib : u_tofs.obj (.text)
                  003ec8a1    0000000c                    : memset.obj (.text)
                  003ec8ad    00000009                    : _lock.obj (.text)
                  003ec8b6    00000009     rtwshared.lib : rtGetNaN.obj (.text)
                  003ec8bf    00000008     DSP2803x_CodeStartBranch.obj (.text)
                  003ec8c7    00000008     MW_c28xx_csl.obj (.text)
                  003ec8cf    00000005     rts2800_ml.lib : fs_neg.obj (.text)

.econst    0    003ec8d4    00000128     
                  003ec8d4    00000100     DSP2803x_PieVect.obj (.econst)
                  003ec9d4    0000000a     rtwshared.lib : const_params.obj (.econst:_rtCP_pooled_W8JaF1peqnCU)
                  003ec9de    0000000a                   : const_params.obj (.econst:_rtCP_pooled_kXF479Tr1zzv)
                  003ec9e8    00000008                   : const_params.obj (.econst:_rtCP_pooled_4sEq7SW1OOvc)
                  003ec9f0    00000008                   : const_params.obj (.econst:_rtCP_pooled_qgZrQ0kJRiEc)
                  003ec9f8    00000002     Rider_Controls_Full_CAN_Enable.obj (.econst)
                  003ec9fa    00000002     rtwshared.lib : rtGetNaN.obj (.econst)

ramfuncs   0    003ec9fc    00000021     RUN ADDR = 00008000
                  003ec9fc    0000001d     DSP2803x_SysCtrl.obj (ramfuncs)
                  003eca19    00000004     DSP2803x_usDelay.obj (ramfuncs)

.cinit     0    003eca1d    00000026     
                  003eca1d    00000010     ert_main.obj (.cinit)
                  003eca2d    0000000a     rts2800_ml.lib : _lock.obj (.cinit)
                  003eca37    0000000a                    : exit.obj (.cinit)
                  003eca41    00000002     --HOLE-- [fill = 0]

codestart 
*          0    003f7ff6    00000002     
                  003f7ff6    00000002     DSP2803x_CodeStartBranch.obj (codestart)

.reset     0    003fffc0    00000002     DSECT
                  003fffc0    00000002     rts2800_ml.lib : boot.obj (.reset)

.bss       1    00000002    00000000     UNINITIALIZED

.ebss      1    00000002    00000486     UNINITIALIZED
                  00000002    00000018     DSP2803x_CpuTimers.obj (.ebss)
                  0000001a    00000010     can_datatype_ground.obj (.ebss)
                  0000002a    0000000c     rtwshared.lib : rt_nonfinite.obj (.ebss)
                  00000036    00000007     ert_main.obj (.ebss)
                  0000003d    00000002     DSP2803x_Lin.obj (.ebss)
                  0000003f    00000001     --HOLE--
                  00000040    0000035e     Rider_Controls_InHardware_rtwlib.lib : Rider_Controls_InHardware.obj (.ebss)
                  0000039e    00000006     Rider_Controls_Control_rtwlib.lib : Rider_Controls_Control.obj (.ebss)
                  000003a4    00000004     rts2800_ml.lib : _lock.obj (.ebss)
                  000003a8    00000004                    : exit.obj (.ebss)
                  000003ac    00000014     --HOLE--
                  000003c0    000000c8     Rider_Controls_Full_CAN_Enable.obj (.ebss)

.data      1    00000002    00000000     UNINITIALIZED

.stack     1    00000488    00000040     UNINITIALIZED
                  00000488    00000040     --HOLE--

DevEmuRegsFile 
*          1    00000880    00000004     UNINITIALIZED
                  00000880    00000004     DSP2803x_GlobalVariableDefs.obj (DevEmuRegsFile)

SysPwrCtrlRegsFile 
*          1    00000985    00000003     UNINITIALIZED
                  00000985    00000003     DSP2803x_GlobalVariableDefs.obj (SysPwrCtrlRegsFile)

FlashRegsFile 
*          1    00000a80    00000008     UNINITIALIZED
                  00000a80    00000008     DSP2803x_GlobalVariableDefs.obj (FlashRegsFile)

CsmRegsFile 
*          1    00000ae0    00000010     UNINITIALIZED
                  00000ae0    00000010     DSP2803x_GlobalVariableDefs.obj (CsmRegsFile)

AdcResultFile 
*          1    00000b00    00000020     UNINITIALIZED
                  00000b00    00000020     DSP2803x_GlobalVariableDefs.obj (AdcResultFile)

CpuTimer0RegsFile 
*          1    00000c00    00000008     UNINITIALIZED
                  00000c00    00000008     DSP2803x_GlobalVariableDefs.obj (CpuTimer0RegsFile)

CpuTimer1RegsFile 
*          1    00000c08    00000008     UNINITIALIZED
                  00000c08    00000008     DSP2803x_GlobalVariableDefs.obj (CpuTimer1RegsFile)

CpuTimer2RegsFile 
*          1    00000c10    00000008     UNINITIALIZED
                  00000c10    00000008     DSP2803x_GlobalVariableDefs.obj (CpuTimer2RegsFile)

PieCtrlRegsFile 
*          1    00000ce0    0000001a     UNINITIALIZED
                  00000ce0    0000001a     DSP2803x_GlobalVariableDefs.obj (PieCtrlRegsFile)

PieVectTableFile 
*          1    00000d00    00000100     UNINITIALIZED
                  00000d00    00000100     DSP2803x_GlobalVariableDefs.obj (PieVectTableFile)

EmuKeyVar 
*          1    00000d00    00000001     UNINITIALIZED
                  00000d00    00000001     DSP2803x_GlobalVariableDefs.obj (EmuKeyVar)

EmuBModeVar 
*          1    00000d01    00000001     UNINITIALIZED
                  00000d01    00000001     DSP2803x_GlobalVariableDefs.obj (EmuBModeVar)

FlashCallbackVar 
*          1    00000d02    00000002     UNINITIALIZED
                  00000d02    00000002     DSP2803x_GlobalVariableDefs.obj (FlashCallbackVar)

FlashScalingVar 
*          1    00000d04    00000002     UNINITIALIZED
                  00000d04    00000002     DSP2803x_GlobalVariableDefs.obj (FlashScalingVar)

Cla1RegsFile 
*          1    00001400    00000040     UNINITIALIZED
                  00001400    00000040     DSP2803x_GlobalVariableDefs.obj (Cla1RegsFile)

ECanaRegsFile 
*          1    00006000    00000034     UNINITIALIZED
                  00006000    00000034     DSP2803x_GlobalVariableDefs.obj (ECanaRegsFile)

ECanaLAMRegsFile 
*          1    00006040    00000040     UNINITIALIZED
                  00006040    00000040     DSP2803x_GlobalVariableDefs.obj (ECanaLAMRegsFile)

ECanaMOTSRegsFile 
*          1    00006080    00000040     UNINITIALIZED
                  00006080    00000040     DSP2803x_GlobalVariableDefs.obj (ECanaMOTSRegsFile)

ECanaMOTORegsFile 
*          1    000060c0    00000040     UNINITIALIZED
                  000060c0    00000040     DSP2803x_GlobalVariableDefs.obj (ECanaMOTORegsFile)

ECanaMboxesFile 
*          1    00006100    00000100     UNINITIALIZED
                  00006100    00000100     DSP2803x_GlobalVariableDefs.obj (ECanaMboxesFile)

Comp1RegsFile 
*          1    00006400    00000014     UNINITIALIZED
                  00006400    00000014     DSP2803x_GlobalVariableDefs.obj (Comp1RegsFile)

Comp2RegsFile 
*          1    00006420    00000014     UNINITIALIZED
                  00006420    00000014     DSP2803x_GlobalVariableDefs.obj (Comp2RegsFile)

Comp3RegsFile 
*          1    00006440    00000014     UNINITIALIZED
                  00006440    00000014     DSP2803x_GlobalVariableDefs.obj (Comp3RegsFile)

EPwm1RegsFile 
*          1    00006800    00000040     UNINITIALIZED
                  00006800    00000040     DSP2803x_GlobalVariableDefs.obj (EPwm1RegsFile)

EPwm2RegsFile 
*          1    00006840    00000040     UNINITIALIZED
                  00006840    00000040     DSP2803x_GlobalVariableDefs.obj (EPwm2RegsFile)

EPwm3RegsFile 
*          1    00006880    00000040     UNINITIALIZED
                  00006880    00000040     DSP2803x_GlobalVariableDefs.obj (EPwm3RegsFile)

EPwm4RegsFile 
*          1    000068c0    00000040     UNINITIALIZED
                  000068c0    00000040     DSP2803x_GlobalVariableDefs.obj (EPwm4RegsFile)

EPwm5RegsFile 
*          1    00006900    00000040     UNINITIALIZED
                  00006900    00000040     DSP2803x_GlobalVariableDefs.obj (EPwm5RegsFile)

EPwm6RegsFile 
*          1    00006940    00000040     UNINITIALIZED
                  00006940    00000040     DSP2803x_GlobalVariableDefs.obj (EPwm6RegsFile)

EPwm7RegsFile 
*          1    00006980    00000040     UNINITIALIZED
                  00006980    00000040     DSP2803x_GlobalVariableDefs.obj (EPwm7RegsFile)

ECap1RegsFile 
*          1    00006a00    00000020     UNINITIALIZED
                  00006a00    00000020     DSP2803x_GlobalVariableDefs.obj (ECap1RegsFile)

HRCap1RegsFile 
*          1    00006ac0    00000020     UNINITIALIZED
                  00006ac0    00000020     DSP2803x_GlobalVariableDefs.obj (HRCap1RegsFile)

HRCap2RegsFile 
*          1    00006ae0    00000020     UNINITIALIZED
                  00006ae0    00000020     DSP2803x_GlobalVariableDefs.obj (HRCap2RegsFile)

EQep1RegsFile 
*          1    00006b00    00000040     UNINITIALIZED
                  00006b00    00000040     DSP2803x_GlobalVariableDefs.obj (EQep1RegsFile)

LinaRegsFile 
*          1    00006c00    0000004a     UNINITIALIZED
                  00006c00    0000004a     DSP2803x_GlobalVariableDefs.obj (LinaRegsFile)

GpioCtrlRegsFile 
*          1    00006f80    00000040     UNINITIALIZED
                  00006f80    00000040     DSP2803x_GlobalVariableDefs.obj (GpioCtrlRegsFile)

GpioDataRegsFile 
*          1    00006fc0    00000020     UNINITIALIZED
                  00006fc0    00000020     DSP2803x_GlobalVariableDefs.obj (GpioDataRegsFile)

GpioIntRegsFile 
*          1    00006fe0    0000000c     UNINITIALIZED
                  00006fe0    0000000c     DSP2803x_GlobalVariableDefs.obj (GpioIntRegsFile)

SysCtrlRegsFile 
*          1    00007010    00000020     UNINITIALIZED
                  00007010    00000020     DSP2803x_GlobalVariableDefs.obj (SysCtrlRegsFile)

SpiaRegsFile 
*          1    00007040    00000010     UNINITIALIZED
                  00007040    00000010     DSP2803x_GlobalVariableDefs.obj (SpiaRegsFile)

SciaRegsFile 
*          1    00007050    00000010     UNINITIALIZED
                  00007050    00000010     DSP2803x_GlobalVariableDefs.obj (SciaRegsFile)

NmiIntruptRegsFile 
*          1    00007060    00000010     UNINITIALIZED
                  00007060    00000010     DSP2803x_GlobalVariableDefs.obj (NmiIntruptRegsFile)

XIntruptRegsFile 
*          1    00007070    00000010     UNINITIALIZED
                  00007070    00000010     DSP2803x_GlobalVariableDefs.obj (XIntruptRegsFile)

AdcRegsFile 
*          1    00007100    00000050     UNINITIALIZED
                  00007100    00000050     DSP2803x_GlobalVariableDefs.obj (AdcRegsFile)

SpibRegsFile 
*          1    00007740    00000010     UNINITIALIZED
                  00007740    00000010     DSP2803x_GlobalVariableDefs.obj (SpibRegsFile)

I2caRegsFile 
*          1    00007900    00000022     UNINITIALIZED
                  00007900    00000022     DSP2803x_GlobalVariableDefs.obj (I2caRegsFile)

PartIdRegsFile 
*          1    003d7e80    00000001     UNINITIALIZED
                  003d7e80    00000001     DSP2803x_GlobalVariableDefs.obj (PartIdRegsFile)

CsmPwlFile 
*          1    003f7ff8    00000008     UNINITIALIZED
                  003f7ff8    00000008     DSP2803x_GlobalVariableDefs.obj (CsmPwlFile)


GLOBAL DATA SYMBOLS: SORTED BY DATA PAGE

address     data page           name
--------    ----------------    ----
00000002       0 (00000000)     _CpuTimer1
0000000a       0 (00000000)     _CpuTimer2
00000012       0 (00000000)     _CpuTimer0
0000001a       0 (00000000)     _CAN_DATATYPE_GROUND
0000002a       0 (00000000)     _rtMinusInf
0000002c       0 (00000000)     _rtInf
0000002e       0 (00000000)     _rtNaN
00000030       0 (00000000)     _rtMinusInfF
00000032       0 (00000000)     _rtInfF
00000034       0 (00000000)     _rtNaNF
00000036       0 (00000000)     _IsrOverrun
00000037       0 (00000000)     _need2runFlags
0000003a       0 (00000000)     _isRateRunning
0000003d       0 (00000000)     _P1
0000003e       0 (00000000)     _P0

00000040       1 (00000040)     _Rider_Controls_InHa_MdlrefDWork
00000042       1 (00000040)     _Rider_Controls_InH_TimingBridge
00000044       1 (00000040)     _Rider_Controls_InHard_GlobalTID

00000080       2 (00000080)     _Rider_Controls_InHardware_DWork

00000140       5 (00000140)     _Rider_Controls_InHardware_B

0000039e       e (00000380)     _Rider_Controls_Cont_MdlrefDWork
000003a0       e (00000380)     _Rider_Controls_Control_DWork
000003a4       e (00000380)     __unlock
000003a6       e (00000380)     __lock
000003a8       e (00000380)     ___TI_cleanup_ptr
000003aa       e (00000380)     ___TI_dtors_ptr

000003c0       f (000003c0)     _Rider_Controls_Full_CAN_E_DWork
000003c2       f (000003c0)     _Rider_Controls_Full_CAN_Enab_M_
000003cc       f (000003c0)     _Rider_Controls_Ful_TimingBridge

00000400      10 (00000400)     _Rider_Controls_Full_CAN_Enabl_B

00000488      12 (00000480)     __stack

00000880      22 (00000880)     _DevEmuRegs

00000985      26 (00000980)     _SysPwrCtrlRegs

00000a80      2a (00000a80)     _FlashRegs

00000ae0      2b (00000ac0)     _CsmRegs

00000b00      2c (00000b00)     _AdcResult

00000c00      30 (00000c00)     _CpuTimer0Regs
00000c08      30 (00000c00)     _CpuTimer1Regs
00000c10      30 (00000c00)     _CpuTimer2Regs

00000ce0      33 (00000cc0)     _PieCtrlRegs

00000d00      34 (00000d00)     _EmuKey
00000d00      34 (00000d00)     _PieVectTable
00000d01      34 (00000d00)     _EmuBMode
00000d02      34 (00000d00)     _Flash_CallbackPtr
00000d04      34 (00000d00)     _Flash_CPUScaleFactor

00001400      50 (00001400)     _Cla1Regs

00006000     180 (00006000)     _ECanaRegs

00006040     181 (00006040)     _ECanaLAMRegs

00006080     182 (00006080)     _ECanaMOTSRegs

000060c0     183 (000060c0)     _ECanaMOTORegs

00006100     184 (00006100)     _ECanaMboxes

00006400     190 (00006400)     _Comp1Regs
00006420     190 (00006400)     _Comp2Regs

00006440     191 (00006440)     _Comp3Regs

00006800     1a0 (00006800)     _EPwm1Regs

00006840     1a1 (00006840)     _EPwm2Regs

00006880     1a2 (00006880)     _EPwm3Regs

000068c0     1a3 (000068c0)     _EPwm4Regs

00006900     1a4 (00006900)     _EPwm5Regs

00006940     1a5 (00006940)     _EPwm6Regs

00006980     1a6 (00006980)     _EPwm7Regs

00006a00     1a8 (00006a00)     _ECap1Regs

00006ac0     1ab (00006ac0)     _HRCap1Regs
00006ae0     1ab (00006ac0)     _HRCap2Regs

00006b00     1ac (00006b00)     _EQep1Regs

00006c00     1b0 (00006c00)     _LinaRegs

00006f80     1be (00006f80)     _GpioCtrlRegs

00006fc0     1bf (00006fc0)     _GpioDataRegs
00006fe0     1bf (00006fc0)     _GpioIntRegs

00007010     1c0 (00007000)     _SysCtrlRegs

00007040     1c1 (00007040)     _SpiaRegs
00007050     1c1 (00007040)     _SciaRegs
00007060     1c1 (00007040)     _NmiIntruptRegs
00007070     1c1 (00007040)     _XIntruptRegs

00007100     1c4 (00007100)     _AdcRegs

00007740     1dd (00007740)     _SpibRegs

00007900     1e4 (00007900)     _I2caRegs

003d7e80    f5fa (003d7e80)     _PartIdRegs

003ec8d4    fb23 (003ec8c0)     _PieVectTableInit

003ec9d4    fb27 (003ec9c0)     _rtCP_pooled_W8JaF1peqnCU
003ec9de    fb27 (003ec9c0)     _rtCP_pooled_kXF479Tr1zzv
003ec9e8    fb27 (003ec9c0)     _rtCP_pooled_4sEq7SW1OOvc
003ec9f0    fb27 (003ec9c0)     _rtCP_pooled_qgZrQ0kJRiEc
003ec9f8    fb27 (003ec9c0)     _Rider_Controls_Full_CAN_Enab_M

003f7ff8    fdff (003f7fc0)     _CsmPwl


GLOBAL SYMBOLS: SORTED ALPHABETICALLY BY Name 

address    name
--------   ----
00000002   .bss
00000002   .data
003e8000   .text
003ec822   C$$EXIT
003ec3a0   FS$$ADD
003ec853   FS$$CMP
003ec29e   FS$$DIV
003ec5b7   FS$$MPY
003ec8cf   FS$$NEG
003ec39b   FS$$SUB
003ec760   FS$$TOL
003ec7d2   FS$$TOU
003ec7ef   L$$TOFS
003ec891   U$$TOFS
003ebf56   _ADCINT1_ISR
003ebf51   _ADCINT2_ISR
003ebf4c   _ADCINT3_ISR
003ebf47   _ADCINT4_ISR
003ebf42   _ADCINT5_ISR
003ebf3d   _ADCINT6_ISR
003ebf38   _ADCINT7_ISR
003ebf33   _ADCINT8_ISR
003ebf2e   _ADCINT9_ISR
003ebc7a   _AdcChanSelect
003ebcd2   _AdcConversion
003ebdba   _AdcOffsetSelfCal
00007100   _AdcRegs
00000b00   _AdcResult
0000001a   _CAN_DATATYPE_GROUND
003ebf29   _CLA1_INT1_ISR
003ebf24   _CLA1_INT2_ISR
003ebf1f   _CLA1_INT3_ISR
003ebf1a   _CLA1_INT4_ISR
003ebf15   _CLA1_INT5_ISR
003ebf10   _CLA1_INT6_ISR
003ebf0b   _CLA1_INT7_ISR
003ebf06   _CLA1_INT8_ISR
00001400   _Cla1Regs
00006400   _Comp1Regs
00006420   _Comp2Regs
00006440   _Comp3Regs
003ec530   _ConfigCpuTimer
00000012   _CpuTimer0
00000c00   _CpuTimer0Regs
00000002   _CpuTimer1
00000c08   _CpuTimer1Regs
0000000a   _CpuTimer2
00000c10   _CpuTimer2Regs
003f7ff8   _CsmPwl
00000ae0   _CsmRegs
003ec066   _CsmUnlock
003ebf01   _DATALOG_ISR
0000801d   _DSP28x_usDelay
00000880   _DevEmuRegs
003ebf9d   _DisableDog
003ebefc   _ECAN0INTA_ISR
003ebef7   _ECAN1INTA_ISR
003ebef2   _ECAP1_INT_ISR
00006040   _ECanaLAMRegs
000060c0   _ECanaMOTORegs
00006080   _ECanaMOTSRegs
00006100   _ECanaMboxes
00006000   _ECanaRegs
00006a00   _ECap1Regs
003ebeed   _EMPTY_ISR
003ebee8   _EMUINT_ISR
003ebee3   _EPWM1_INT_ISR
003ebede   _EPWM1_TZINT_ISR
003ebed9   _EPWM2_INT_ISR
003ebed4   _EPWM2_TZINT_ISR
003ebecf   _EPWM3_INT_ISR
003ebeca   _EPWM3_TZINT_ISR
003ebec5   _EPWM4_INT_ISR
003ebec0   _EPWM4_TZINT_ISR
003ebebb   _EPWM5_INT_ISR
003ebeb6   _EPWM5_TZINT_ISR
003ebeb1   _EPWM6_INT_ISR
003ebeac   _EPWM6_TZINT_ISR
003ebea7   _EPWM7_INT_ISR
003ebea2   _EPWM7_TZINT_ISR
00006800   _EPwm1Regs
00006840   _EPwm2Regs
00006880   _EPwm3Regs
000068c0   _EPwm4Regs
00006900   _EPwm5Regs
00006940   _EPwm6Regs
00006980   _EPwm7Regs
003ebe9d   _EQEP1_INT_ISR
00006b00   _EQep1Regs
00000d01   _EmuBMode
00000d00   _EmuKey
003ec7a8   _EnableInterrupts
003ec04e   _ExtOscSel
00000a80   _FlashRegs
00000d04   _Flash_CPUScaleFactor
00000d02   _Flash_CallbackPtr
003ec27a   _GenIdParity
00006f80   _GpioCtrlRegs
00006fc0   _GpioDataRegs
00006fe0   _GpioIntRegs
003ebe98   _HRCAP1_INT_ISR
003ebe93   _HRCAP2_INT_ISR
00006ac0   _HRCap1Regs
00006ae0   _HRCap2Regs
003ebe8e   _I2CINT1A_ISR
003ebe89   _I2CINT2A_ISR
00007900   _I2caRegs
003ebe84   _ILLEGAL_ISR
003ebe7f   _INT13_ISR
003ebe7a   _INT14_ISR
003ebc5c   _InitAdc
003ebc36   _InitAdcAio
003ec4f3   _InitCpuTimers
00008000   _InitFlash
003ec225   _InitLin
003ec20d   _InitLinGpio
003ec225   _InitLina
003ec20d   _InitLinaGpio
003ebff3   _InitPeripheralClocks
003ec789   _InitPieCtrl
003ec880   _InitPieVectTable
003ebfa5   _InitPll
003ec03c   _InitSysCtrl
003ebf8d   _IntOsc1Sel
003ebf79   _IntOsc2Sel
00000036   _IsrOverrun
003ebe75   _LIN0INTA_ISR
003ebe70   _LIN1INTA_ISR
003ebe6b   _LUF_ISR
003ebe66   _LVF_ISR
00006c00   _LinaRegs
003ebe61   _NMI_ISR
00007060   _NmiIntruptRegs
0000003e   _P0
0000003d   _P1
003ebe5c   _PIE_RESERVED
003d7e80   _PartIdRegs
00000ce0   _PieCtrlRegs
00000d00   _PieVectTable
003ec8d4   _PieVectTableInit
003ebe57   _RTOSINT_ISR
003eca1d   _RamfuncsLoadEnd
003ec9fc   _RamfuncsLoadStart
00008000   _RamfuncsRunStart
003eb2c2   _Ri_MessageReceived4_Disable
003e823e   _Rider_Cont_MessageReceived4
0000039e   _Rider_Controls_Cont_MdlrefDWork
003ebc28   _Rider_Controls_Contr_initialize
003eb8dc   _Rider_Controls_Control
000003a0   _Rider_Controls_Control_DWork
000003cc   _Rider_Controls_Ful_TimingBridge
000003c0   _Rider_Controls_Full_CAN_E_DWork
003ec9f8   _Rider_Controls_Full_CAN_Enab_M
000003c2   _Rider_Controls_Full_CAN_Enab_M_
00000400   _Rider_Controls_Full_CAN_Enabl_B
003eb8cf   _Rider_Controls_Full_CAN_Enable_SetEventsForThisBaseStep
003eb85b   _Rider_Controls_Full_CAN_Enable_initialize
003eb84c   _Rider_Controls_Full_CAN_Enable_step
003eb845   _Rider_Controls_Full_CAN_Enable_step0
003eb4db   _Rider_Controls_Full_CAN_Enable_step1
003eb4d6   _Rider_Controls_Full_CAN_Enable_step2
003eb4d5   _Rider_Controls_Full_CAN_Enable_terminate
003eb32d   _Rider_Controls_I_initialize
00000042   _Rider_Controls_InH_TimingBridge
003eb2c4   _Rider_Controls_InHa_Disable
00000040   _Rider_Controls_InHa_MdlrefDWork
003eb2bb   _Rider_Controls_InHar_UpdateTID0
003eb2ba   _Rider_Controls_InHar_UpdateTID1
003eb217   _Rider_Controls_InHar_UpdateTID2
00000044   _Rider_Controls_InHard_GlobalTID
003eaf7d   _Rider_Controls_InHard_Start
003eae9e   _Rider_Controls_InHardw_Init
003eae57   _Rider_Controls_InHardwareTID0
003e8243   _Rider_Controls_InHardwareTID1
003e8002   _Rider_Controls_InHardwareTID2
00000140   _Rider_Controls_InHardware_B
00000080   _Rider_Controls_InHardware_DWork
003e8000   _Rider_MessageReceived4_Init
003ebe52   _SCIRXINTA_ISR
003ebe4d   _SCITXINTA_ISR
003ebe48   _SPIRXINTA_ISR
003ebe43   _SPIRXINTB_ISR
003ebe3e   _SPITXINTA_ISR
003ebe39   _SPITXINTB_ISR
00007050   _SciaRegs
003ebf6f   _ServiceDog
00007040   _SpiaRegs
00007740   _SpibRegs
00007010   _SysCtrlRegs
00000985   _SysPwrCtrlRegs
003ebe34   _TINT0_ISR
003ec486   _TINT0_isr
003ebe2f   _USER10_ISR
003ebe2a   _USER11_ISR
003ebe25   _USER12_ISR
003ebe20   _USER1_ISR
003ebe1b   _USER2_ISR
003ebe16   _USER3_ISR
003ebe11   _USER4_ISR
003ebe0c   _USER5_ISR
003ebe07   _USER6_ISR
003ebe02   _USER7_ISR
003ebdfd   _USER8_ISR
003ebdf8   _USER9_ISR
003ebdf3   _WAKEINT_ISR
003ebdee   _XINT1_ISR
003ebde9   _XINT2_ISR
003ebde4   _XINT3_ISR
00007070   _XIntruptRegs
003ebf5b   _XtalOscSel
000004c8   __STACK_END
00000040   __STACK_SIZE
00000001   __TI_args_main
000003a8   ___TI_cleanup_ptr
000003aa   ___TI_dtors_ptr
ffffffff   ___binit__
00000002   ___bss__
ffffffff   ___c_args__
003eca1d   ___cinit__
00000002   ___data__
00000002   ___edata__
00000002   ___end__
003ec8d4   ___etext__
003ec7b1   ___memcpy_ff
ffffffff   ___pinit__
003e8000   ___text__
003ec809   __args_main
000003a6   __lock
003ec8b5   __nop
003ec8b1   __register_lock
003ec8ad   __register_unlock
00000488   __stack
000003a4   __unlock
003ec822   _abort
003ec871   _c2000_flash_init
003ec611   _c_int00
003ec707   _config_ADC_SOC0
003ec127   _config_eCAN_A_mbx
003ec66b   _configureTimer0
003ec65d   _disableTimer0Interrupt
003ec8c8   _disableWatchdog
003ec655   _enableTimer0Interrupt
003ec8c7   _enable_interrupts
003ec824   _exit
003ec734   _fmod
003ec86e   _globalInterruptDisable
003ec86a   _globalInterruptEnable
003ec696   _init_board
003ec094   _init_eCAN_A
0000003a   _isRateRunning
003ec321   _look1_iflf_plinlgpw
003ec1da   _main
003ec8a1   _memset
003ec6d6   _modf
00000037   _need2runFlags
003ebddf   _rsvd_ISR
003ec9e8   _rtCP_pooled_4sEq7SW1OOvc
003ec9d4   _rtCP_pooled_W8JaF1peqnCU
003ec9de   _rtCP_pooled_kXF479Tr1zzv
003ec9f0   _rtCP_pooled_qgZrQ0kJRiEc
003ec84e   _rtGetInf
003ec847   _rtGetInfF
003ec842   _rtGetMinusInf
003ec83b   _rtGetMinusInfF
003ec8ba   _rtGetNaN
003ec8b6   _rtGetNaNF
0000002c   _rtInf
00000032   _rtInfF
003ec469   _rtIsInf
003ec44c   _rtIsInfF
003ec43f   _rtIsNaN
003ec432   _rtIsNaNF
0000002a   _rtMinusInf
00000030   _rtMinusInfF
0000002e   _rtNaN
00000034   _rtNaNF
003ec413   _rt_InitInfAndNaN
003ec17b   _rt_OneStep
003ec555   _rt_roundd_snf
ffffffff   binit
003eca1d   cinit
003f7ff6   code_start
00000002   edata
00000002   end
003ec8d4   etext
ffffffff   pinit


GLOBAL SYMBOLS: SORTED BY Symbol Address 

address    name
--------   ----
00000001   __TI_args_main
00000002   .bss
00000002   .data
00000002   _CpuTimer1
00000002   ___bss__
00000002   ___data__
00000002   ___edata__
00000002   ___end__
00000002   edata
00000002   end
0000000a   _CpuTimer2
00000012   _CpuTimer0
0000001a   _CAN_DATATYPE_GROUND
0000002a   _rtMinusInf
0000002c   _rtInf
0000002e   _rtNaN
00000030   _rtMinusInfF
00000032   _rtInfF
00000034   _rtNaNF
00000036   _IsrOverrun
00000037   _need2runFlags
0000003a   _isRateRunning
0000003d   _P1
0000003e   _P0
00000040   _Rider_Controls_InHa_MdlrefDWork
00000040   __STACK_SIZE
00000042   _Rider_Controls_InH_TimingBridge
00000044   _Rider_Controls_InHard_GlobalTID
00000080   _Rider_Controls_InHardware_DWork
00000140   _Rider_Controls_InHardware_B
0000039e   _Rider_Controls_Cont_MdlrefDWork
000003a0   _Rider_Controls_Control_DWork
000003a4   __unlock
000003a6   __lock
000003a8   ___TI_cleanup_ptr
000003aa   ___TI_dtors_ptr
000003c0   _Rider_Controls_Full_CAN_E_DWork
000003c2   _Rider_Controls_Full_CAN_Enab_M_
000003cc   _Rider_Controls_Ful_TimingBridge
00000400   _Rider_Controls_Full_CAN_Enabl_B
00000488   __stack
000004c8   __STACK_END
00000880   _DevEmuRegs
00000985   _SysPwrCtrlRegs
00000a80   _FlashRegs
00000ae0   _CsmRegs
00000b00   _AdcResult
00000c00   _CpuTimer0Regs
00000c08   _CpuTimer1Regs
00000c10   _CpuTimer2Regs
00000ce0   _PieCtrlRegs
00000d00   _EmuKey
00000d00   _PieVectTable
00000d01   _EmuBMode
00000d02   _Flash_CallbackPtr
00000d04   _Flash_CPUScaleFactor
00001400   _Cla1Regs
00006000   _ECanaRegs
00006040   _ECanaLAMRegs
00006080   _ECanaMOTSRegs
000060c0   _ECanaMOTORegs
00006100   _ECanaMboxes
00006400   _Comp1Regs
00006420   _Comp2Regs
00006440   _Comp3Regs
00006800   _EPwm1Regs
00006840   _EPwm2Regs
00006880   _EPwm3Regs
000068c0   _EPwm4Regs
00006900   _EPwm5Regs
00006940   _EPwm6Regs
00006980   _EPwm7Regs
00006a00   _ECap1Regs
00006ac0   _HRCap1Regs
00006ae0   _HRCap2Regs
00006b00   _EQep1Regs
00006c00   _LinaRegs
00006f80   _GpioCtrlRegs
00006fc0   _GpioDataRegs
00006fe0   _GpioIntRegs
00007010   _SysCtrlRegs
00007040   _SpiaRegs
00007050   _SciaRegs
00007060   _NmiIntruptRegs
00007070   _XIntruptRegs
00007100   _AdcRegs
00007740   _SpibRegs
00007900   _I2caRegs
00008000   _InitFlash
00008000   _RamfuncsRunStart
0000801d   _DSP28x_usDelay
003d7e80   _PartIdRegs
003e8000   .text
003e8000   _Rider_MessageReceived4_Init
003e8000   ___text__
003e8002   _Rider_Controls_InHardwareTID2
003e823e   _Rider_Cont_MessageReceived4
003e8243   _Rider_Controls_InHardwareTID1
003eae57   _Rider_Controls_InHardwareTID0
003eae9e   _Rider_Controls_InHardw_Init
003eaf7d   _Rider_Controls_InHard_Start
003eb217   _Rider_Controls_InHar_UpdateTID2
003eb2ba   _Rider_Controls_InHar_UpdateTID1
003eb2bb   _Rider_Controls_InHar_UpdateTID0
003eb2c2   _Ri_MessageReceived4_Disable
003eb2c4   _Rider_Controls_InHa_Disable
003eb32d   _Rider_Controls_I_initialize
003eb4d5   _Rider_Controls_Full_CAN_Enable_terminate
003eb4d6   _Rider_Controls_Full_CAN_Enable_step2
003eb4db   _Rider_Controls_Full_CAN_Enable_step1
003eb845   _Rider_Controls_Full_CAN_Enable_step0
003eb84c   _Rider_Controls_Full_CAN_Enable_step
003eb85b   _Rider_Controls_Full_CAN_Enable_initialize
003eb8cf   _Rider_Controls_Full_CAN_Enable_SetEventsForThisBaseStep
003eb8dc   _Rider_Controls_Control
003ebc28   _Rider_Controls_Contr_initialize
003ebc36   _InitAdcAio
003ebc5c   _InitAdc
003ebc7a   _AdcChanSelect
003ebcd2   _AdcConversion
003ebdba   _AdcOffsetSelfCal
003ebddf   _rsvd_ISR
003ebde4   _XINT3_ISR
003ebde9   _XINT2_ISR
003ebdee   _XINT1_ISR
003ebdf3   _WAKEINT_ISR
003ebdf8   _USER9_ISR
003ebdfd   _USER8_ISR
003ebe02   _USER7_ISR
003ebe07   _USER6_ISR
003ebe0c   _USER5_ISR
003ebe11   _USER4_ISR
003ebe16   _USER3_ISR
003ebe1b   _USER2_ISR
003ebe20   _USER1_ISR
003ebe25   _USER12_ISR
003ebe2a   _USER11_ISR
003ebe2f   _USER10_ISR
003ebe34   _TINT0_ISR
003ebe39   _SPITXINTB_ISR
003ebe3e   _SPITXINTA_ISR
003ebe43   _SPIRXINTB_ISR
003ebe48   _SPIRXINTA_ISR
003ebe4d   _SCITXINTA_ISR
003ebe52   _SCIRXINTA_ISR
003ebe57   _RTOSINT_ISR
003ebe5c   _PIE_RESERVED
003ebe61   _NMI_ISR
003ebe66   _LVF_ISR
003ebe6b   _LUF_ISR
003ebe70   _LIN1INTA_ISR
003ebe75   _LIN0INTA_ISR
003ebe7a   _INT14_ISR
003ebe7f   _INT13_ISR
003ebe84   _ILLEGAL_ISR
003ebe89   _I2CINT2A_ISR
003ebe8e   _I2CINT1A_ISR
003ebe93   _HRCAP2_INT_ISR
003ebe98   _HRCAP1_INT_ISR
003ebe9d   _EQEP1_INT_ISR
003ebea2   _EPWM7_TZINT_ISR
003ebea7   _EPWM7_INT_ISR
003ebeac   _EPWM6_TZINT_ISR
003ebeb1   _EPWM6_INT_ISR
003ebeb6   _EPWM5_TZINT_ISR
003ebebb   _EPWM5_INT_ISR
003ebec0   _EPWM4_TZINT_ISR
003ebec5   _EPWM4_INT_ISR
003ebeca   _EPWM3_TZINT_ISR
003ebecf   _EPWM3_INT_ISR
003ebed4   _EPWM2_TZINT_ISR
003ebed9   _EPWM2_INT_ISR
003ebede   _EPWM1_TZINT_ISR
003ebee3   _EPWM1_INT_ISR
003ebee8   _EMUINT_ISR
003ebeed   _EMPTY_ISR
003ebef2   _ECAP1_INT_ISR
003ebef7   _ECAN1INTA_ISR
003ebefc   _ECAN0INTA_ISR
003ebf01   _DATALOG_ISR
003ebf06   _CLA1_INT8_ISR
003ebf0b   _CLA1_INT7_ISR
003ebf10   _CLA1_INT6_ISR
003ebf15   _CLA1_INT5_ISR
003ebf1a   _CLA1_INT4_ISR
003ebf1f   _CLA1_INT3_ISR
003ebf24   _CLA1_INT2_ISR
003ebf29   _CLA1_INT1_ISR
003ebf2e   _ADCINT9_ISR
003ebf33   _ADCINT8_ISR
003ebf38   _ADCINT7_ISR
003ebf3d   _ADCINT6_ISR
003ebf42   _ADCINT5_ISR
003ebf47   _ADCINT4_ISR
003ebf4c   _ADCINT3_ISR
003ebf51   _ADCINT2_ISR
003ebf56   _ADCINT1_ISR
003ebf5b   _XtalOscSel
003ebf6f   _ServiceDog
003ebf79   _IntOsc2Sel
003ebf8d   _IntOsc1Sel
003ebf9d   _DisableDog
003ebfa5   _InitPll
003ebff3   _InitPeripheralClocks
003ec03c   _InitSysCtrl
003ec04e   _ExtOscSel
003ec066   _CsmUnlock
003ec094   _init_eCAN_A
003ec127   _config_eCAN_A_mbx
003ec17b   _rt_OneStep
003ec1da   _main
003ec20d   _InitLinGpio
003ec20d   _InitLinaGpio
003ec225   _InitLin
003ec225   _InitLina
003ec27a   _GenIdParity
003ec29e   FS$$DIV
003ec321   _look1_iflf_plinlgpw
003ec39b   FS$$SUB
003ec3a0   FS$$ADD
003ec413   _rt_InitInfAndNaN
003ec432   _rtIsNaNF
003ec43f   _rtIsNaN
003ec44c   _rtIsInfF
003ec469   _rtIsInf
003ec486   _TINT0_isr
003ec4f3   _InitCpuTimers
003ec530   _ConfigCpuTimer
003ec555   _rt_roundd_snf
003ec5b7   FS$$MPY
003ec611   _c_int00
003ec655   _enableTimer0Interrupt
003ec65d   _disableTimer0Interrupt
003ec66b   _configureTimer0
003ec696   _init_board
003ec6d6   _modf
003ec707   _config_ADC_SOC0
003ec734   _fmod
003ec760   FS$$TOL
003ec789   _InitPieCtrl
003ec7a8   _EnableInterrupts
003ec7b1   ___memcpy_ff
003ec7d2   FS$$TOU
003ec7ef   L$$TOFS
003ec809   __args_main
003ec822   C$$EXIT
003ec822   _abort
003ec824   _exit
003ec83b   _rtGetMinusInfF
003ec842   _rtGetMinusInf
003ec847   _rtGetInfF
003ec84e   _rtGetInf
003ec853   FS$$CMP
003ec86a   _globalInterruptEnable
003ec86e   _globalInterruptDisable
003ec871   _c2000_flash_init
003ec880   _InitPieVectTable
003ec891   U$$TOFS
003ec8a1   _memset
003ec8ad   __register_unlock
003ec8b1   __register_lock
003ec8b5   __nop
003ec8b6   _rtGetNaNF
003ec8ba   _rtGetNaN
003ec8c7   _enable_interrupts
003ec8c8   _disableWatchdog
003ec8cf   FS$$NEG
003ec8d4   _PieVectTableInit
003ec8d4   ___etext__
003ec8d4   etext
003ec9d4   _rtCP_pooled_W8JaF1peqnCU
003ec9de   _rtCP_pooled_kXF479Tr1zzv
003ec9e8   _rtCP_pooled_4sEq7SW1OOvc
003ec9f0   _rtCP_pooled_qgZrQ0kJRiEc
003ec9f8   _Rider_Controls_Full_CAN_Enab_M
003ec9fc   _RamfuncsLoadStart
003eca1d   _RamfuncsLoadEnd
003eca1d   ___cinit__
003eca1d   cinit
003f7ff6   code_start
003f7ff8   _CsmPwl
ffffffff   ___binit__
ffffffff   ___c_args__
ffffffff   ___pinit__
ffffffff   binit
ffffffff   pinit

[286 symbols]
