******************************************************************************
             TMS320C2000 Linker PC v6.2.0                      
******************************************************************************
>> Linked Tue Mar 31 20:24:50 2015

OUTPUT FILE NAME:   <../Rider_Controls_InHardware.out>
ENTRY POINT SYMBOL: "_c_int00"  address: 003e9fca


MEMORY CONFIGURATION

         name            origin    length      used     unused   attr    fill
----------------------  --------  ---------  --------  --------  ----  --------
PAGE 0:
  BEGINRAM              00000000   00000002  00000000  00000002  RWIX
  PRAML0_L3             00008000   00002000  00000021  00001fdf  RWIX
  OTP                   003d7800   00000400  00000000  00000400  RWIX
  FLASH                 003e8000   0000fff6  000023df  0000dc17  RWIX
  BEGINFLASH            003f7ff6   00000002  00000002  00000000  RWIX
  CSM_PWL               003f7ff8   00000008  00000000  00000008  RWIX
  IQTABLES              003fe000   00000b50  00000000  00000b50  RWIX
  IQTABLES2             003feb50   0000008c  00000000  0000008c  RWIX
  IQTABLES3             003febdc   000000aa  00000000  000000aa  RWIX
  BOOTROM               003ff27c   00000d44  00000000  00000d44  RWIX
  RESET                 003fffc0   00000002  00000000  00000002  RWIX
  VECTORS               003fffc2   0000003e  00000000  0000003e  RWIX

PAGE 1:
  RAMM0M1               00000002   000007fe  00000302  000004fc  RWIX
  DEV_EMU               00000880   00000105  00000004  00000101  RWIX
  SYS_PWR_CTL           00000985   00000003  00000003  00000000  RWIX
  FLASH_REGS            00000a80   00000060  00000008  00000058  RWIX
  CSM                   00000ae0   00000010  00000010  00000000  RWIX
  ADC_RESULT            00000b00   00000020  00000020  00000000  RWIX
  CPU_TIMER0            00000c00   00000008  00000008  00000000  RWIX
  CPU_TIMER1            00000c08   00000008  00000008  00000000  RWIX
  CPU_TIMER2            00000c10   00000008  00000008  00000000  RWIX
  PIE_CTRL              00000ce0   00000020  0000001a  00000006  RWIX
  PIE_VECT              00000d00   00000100  00000100  00000000  RWIX
  CLA1                  00001400   00000080  00000040  00000040  RWIX
  ECANA                 00006000   00000040  00000034  0000000c  RWIX
  ECANA_LAM             00006040   00000040  00000040  00000000  RWIX
  ECANA_MOTS            00006080   00000040  00000040  00000000  RWIX
  ECANA_MOTO            000060c0   00000040  00000040  00000000  RWIX
  ECANA_MBOX            00006100   00000100  00000100  00000000  RWIX
  COMP1                 00006400   00000020  00000014  0000000c  RWIX
  COMP2                 00006420   00000020  00000014  0000000c  RWIX
  COMP3                 00006440   00000020  00000014  0000000c  RWIX
  EPWM1                 00006800   00000040  00000040  00000000  RWIX
  EPWM2                 00006840   00000040  00000040  00000000  RWIX
  EPWM3                 00006880   00000040  00000040  00000000  RWIX
  EPWM4                 000068c0   00000040  00000040  00000000  RWIX
  EPWM5                 00006900   00000040  00000040  00000000  RWIX
  EPWM6                 00006940   00000040  00000040  00000000  RWIX
  EPWM7                 00006980   00000040  00000040  00000000  RWIX
  ECAP1                 00006a00   00000020  00000020  00000000  RWIX
  HRCAP1                00006ac0   00000020  00000020  00000000  RWIX
  HRCAP2                00006ae0   00000020  00000020  00000000  RWIX
  EQEP1                 00006b00   00000040  00000040  00000000  RWIX
  LINA                  00006c00   00000080  0000004a  00000036  RWIX
  GPIOCTRL              00006f80   00000040  00000040  00000000  RWIX
  GPIODAT               00006fc0   00000020  00000020  00000000  RWIX
  GPIOINT               00006fe0   00000020  0000000c  00000014  RWIX
  SYSTEM                00007010   00000020  00000020  00000000  RWIX
  SPIA                  00007040   00000010  00000010  00000000  RWIX
  SCIA                  00007050   00000010  00000010  00000000  RWIX
  NMIINTRUPT            00007060   00000010  00000010  00000000  RWIX
  XINTRUPT              00007070   00000010  00000010  00000000  RWIX
  ADC                   00007100   00000080  00000050  00000030  RWIX
  SPIB                  00007740   00000010  00000010  00000000  RWIX
  I2CA                  00007900   00000040  00000022  0000001e  RWIX
  PARTID                003d7e80   00000001  00000001  00000000  RWIX
  CSM_PWL               003f7ff8   00000008  00000008  00000000  RWIX


SECTION ALLOCATION MAP

 output                                  attributes/
section   page    origin      length       input sections
--------  ----  ----------  ----------   ----------------
.pinit     0    003e8000    00000000     UNINITIALIZED

.text      0    003e8000    00002294     
                  003e8000    000016cb     Rider_Controls_InHardware.obj (.text)
                  003e96cb    000001a9     DSP2803x_Adc.obj (.text)
                  003e9874    0000017c     DSP2803x_DefaultIsr.obj (.text:retain)
                  003e99f0    00000139     DSP2803x_SysCtrl.obj (.text)
                  003e9b29    000000e7     MW_c28xx_can.obj (.text)
                  003e9c10    00000092     ert_main.obj (.text)
                  003e9ca2    00000091     DSP2803x_Lin.obj (.text)
                  003e9d33    00000083     rts2800_ml.lib : fs_div.obj (.text)
                  003e9db6    00000078                    : fs_add.obj (.text)
                  003e9e2e    00000073     rt_nonfinite.obj (.text)
                  003e9ea1    0000006d     c2803xSchedulerTimer0.obj (.text:retain)
                  003e9f0e    00000062     DSP2803x_CpuTimers.obj (.text)
                  003e9f70    0000005a     rts2800_ml.lib : fs_mpy.obj (.text)
                  003e9fca    00000044                    : boot.obj (.text)
                  003ea00e    00000041     c2803xSchedulerTimer0.obj (.text)
                  003ea04f    00000040     MW_c28xx_board.obj (.text)
                  003ea08f    00000031     rts2800_ml.lib : modf.obj (.text)
                  003ea0c0    0000002d     MW_c28xx_adc.obj (.text)
                  003ea0ed    0000002c     rts2800_ml.lib : fmod.obj (.text)
                  003ea119    00000029                    : fs_tol.obj (.text)
                  003ea142    00000028     DSP2803x_PieCtrl.obj (.text)
                  003ea16a    00000021     rts2800_ml.lib : memcpy_ff.obj (.text)
                  003ea18b    0000001d                    : fs_tou.obj (.text)
                  003ea1a8    0000001a                    : l_tofs.obj (.text)
                  003ea1c2    00000019                    : args_main.obj (.text)
                  003ea1db    00000019                    : exit.obj (.text)
                  003ea1f4    00000018     rtGetInf.obj (.text)
                  003ea20c    00000017     rts2800_ml.lib : fs_cmp.obj (.text)
                  003ea223    00000016     c2803xBoard_Realtime_Support.obj (.text)
                  003ea239    00000013     rts2800_ml.lib : ul_tofs.obj (.text)
                  003ea24c    00000011     DSP2803x_PieVect.obj (.text)
                  003ea25d    00000010     rts2800_ml.lib : u_tofs.obj (.text)
                  003ea26d    00000009     rtGetNaN.obj (.text)
                  003ea276    00000009     rts2800_ml.lib : _lock.obj (.text)
                  003ea27f    00000008     DSP2803x_CodeStartBranch.obj (.text)
                  003ea287    00000008     MW_c28xx_csl.obj (.text)
                  003ea28f    00000005     rts2800_ml.lib : fs_neg.obj (.text)

.econst    0    003ea294    00000104     
                  003ea294    00000100     DSP2803x_PieVect.obj (.econst)
                  003ea394    00000002     Rider_Controls_InHardware.obj (.econst)
                  003ea396    00000002     rtGetNaN.obj (.econst)

ramfuncs   0    003ea398    00000021     RUN ADDR = 00008000
                  003ea398    0000001d     DSP2803x_SysCtrl.obj (ramfuncs)
                  003ea3b5    00000004     DSP2803x_usDelay.obj (ramfuncs)

.cinit     0    003ea3b9    00000026     
                  003ea3b9    00000010     ert_main.obj (.cinit)
                  003ea3c9    0000000a     rts2800_ml.lib : _lock.obj (.cinit)
                  003ea3d3    0000000a                    : exit.obj (.cinit)
                  003ea3dd    00000002     --HOLE-- [fill = 0]

codestart 
*          0    003f7ff6    00000002     
                  003f7ff6    00000002     DSP2803x_CodeStartBranch.obj (codestart)

.reset     0    003fffc0    00000002     DSECT
                  003fffc0    00000002     rts2800_ml.lib : boot.obj (.reset)

.bss       1    00000002    00000000     UNINITIALIZED

.ebss      1    00000002    000002c2     UNINITIALIZED
                  00000002    00000018     DSP2803x_CpuTimers.obj (.ebss)
                  0000001a    00000010     can_datatype_ground.obj (.ebss)
                  0000002a    0000000c     rt_nonfinite.obj (.ebss)
                  00000036    00000007     ert_main.obj (.ebss)
                  0000003d    00000002     DSP2803x_Lin.obj (.ebss)
                  0000003f    00000001     --HOLE--
                  00000040    0000027a     Rider_Controls_InHardware.obj (.ebss)
                  000002ba    00000004     rts2800_ml.lib : _lock.obj (.ebss)
                  000002be    00000002     --HOLE--
                  000002c0    00000004                    : exit.obj (.ebss)

.data      1    00000002    00000000     UNINITIALIZED

.stack     1    000002c4    00000040     UNINITIALIZED
                  000002c4    00000040     --HOLE--

DevEmuRegsFile 
*          1    00000880    00000004     UNINITIALIZED
                  00000880    00000004     DSP2803x_GlobalVariableDefs.obj (DevEmuRegsFile)

SysPwrCtrlRegsFile 
*          1    00000985    00000003     UNINITIALIZED
                  00000985    00000003     DSP2803x_GlobalVariableDefs.obj (SysPwrCtrlRegsFile)

FlashRegsFile 
*          1    00000a80    00000008     UNINITIALIZED
                  00000a80    00000008     DSP2803x_GlobalVariableDefs.obj (FlashRegsFile)

CsmRegsFile 
*          1    00000ae0    00000010     UNINITIALIZED
                  00000ae0    00000010     DSP2803x_GlobalVariableDefs.obj (CsmRegsFile)

AdcResultFile 
*          1    00000b00    00000020     UNINITIALIZED
                  00000b00    00000020     DSP2803x_GlobalVariableDefs.obj (AdcResultFile)

CpuTimer0RegsFile 
*          1    00000c00    00000008     UNINITIALIZED
                  00000c00    00000008     DSP2803x_GlobalVariableDefs.obj (CpuTimer0RegsFile)

CpuTimer1RegsFile 
*          1    00000c08    00000008     UNINITIALIZED
                  00000c08    00000008     DSP2803x_GlobalVariableDefs.obj (CpuTimer1RegsFile)

CpuTimer2RegsFile 
*          1    00000c10    00000008     UNINITIALIZED
                  00000c10    00000008     DSP2803x_GlobalVariableDefs.obj (CpuTimer2RegsFile)

PieCtrlRegsFile 
*          1    00000ce0    0000001a     UNINITIALIZED
                  00000ce0    0000001a     DSP2803x_GlobalVariableDefs.obj (PieCtrlRegsFile)

PieVectTableFile 
*          1    00000d00    00000100     UNINITIALIZED
                  00000d00    00000100     DSP2803x_GlobalVariableDefs.obj (PieVectTableFile)

EmuKeyVar 
*          1    00000d00    00000001     UNINITIALIZED
                  00000d00    00000001     DSP2803x_GlobalVariableDefs.obj (EmuKeyVar)

EmuBModeVar 
*          1    00000d01    00000001     UNINITIALIZED
                  00000d01    00000001     DSP2803x_GlobalVariableDefs.obj (EmuBModeVar)

FlashCallbackVar 
*          1    00000d02    00000002     UNINITIALIZED
                  00000d02    00000002     DSP2803x_GlobalVariableDefs.obj (FlashCallbackVar)

FlashScalingVar 
*          1    00000d04    00000002     UNINITIALIZED
                  00000d04    00000002     DSP2803x_GlobalVariableDefs.obj (FlashScalingVar)

Cla1RegsFile 
*          1    00001400    00000040     UNINITIALIZED
                  00001400    00000040     DSP2803x_GlobalVariableDefs.obj (Cla1RegsFile)

ECanaRegsFile 
*          1    00006000    00000034     UNINITIALIZED
                  00006000    00000034     DSP2803x_GlobalVariableDefs.obj (ECanaRegsFile)

ECanaLAMRegsFile 
*          1    00006040    00000040     UNINITIALIZED
                  00006040    00000040     DSP2803x_GlobalVariableDefs.obj (ECanaLAMRegsFile)

ECanaMOTSRegsFile 
*          1    00006080    00000040     UNINITIALIZED
                  00006080    00000040     DSP2803x_GlobalVariableDefs.obj (ECanaMOTSRegsFile)

ECanaMOTORegsFile 
*          1    000060c0    00000040     UNINITIALIZED
                  000060c0    00000040     DSP2803x_GlobalVariableDefs.obj (ECanaMOTORegsFile)

ECanaMboxesFile 
*          1    00006100    00000100     UNINITIALIZED
                  00006100    00000100     DSP2803x_GlobalVariableDefs.obj (ECanaMboxesFile)

Comp1RegsFile 
*          1    00006400    00000014     UNINITIALIZED
                  00006400    00000014     DSP2803x_GlobalVariableDefs.obj (Comp1RegsFile)

Comp2RegsFile 
*          1    00006420    00000014     UNINITIALIZED
                  00006420    00000014     DSP2803x_GlobalVariableDefs.obj (Comp2RegsFile)

Comp3RegsFile 
*          1    00006440    00000014     UNINITIALIZED
                  00006440    00000014     DSP2803x_GlobalVariableDefs.obj (Comp3RegsFile)

EPwm1RegsFile 
*          1    00006800    00000040     UNINITIALIZED
                  00006800    00000040     DSP2803x_GlobalVariableDefs.obj (EPwm1RegsFile)

EPwm2RegsFile 
*          1    00006840    00000040     UNINITIALIZED
                  00006840    00000040     DSP2803x_GlobalVariableDefs.obj (EPwm2RegsFile)

EPwm3RegsFile 
*          1    00006880    00000040     UNINITIALIZED
                  00006880    00000040     DSP2803x_GlobalVariableDefs.obj (EPwm3RegsFile)

EPwm4RegsFile 
*          1    000068c0    00000040     UNINITIALIZED
                  000068c0    00000040     DSP2803x_GlobalVariableDefs.obj (EPwm4RegsFile)

EPwm5RegsFile 
*          1    00006900    00000040     UNINITIALIZED
                  00006900    00000040     DSP2803x_GlobalVariableDefs.obj (EPwm5RegsFile)

EPwm6RegsFile 
*          1    00006940    00000040     UNINITIALIZED
                  00006940    00000040     DSP2803x_GlobalVariableDefs.obj (EPwm6RegsFile)

EPwm7RegsFile 
*          1    00006980    00000040     UNINITIALIZED
                  00006980    00000040     DSP2803x_GlobalVariableDefs.obj (EPwm7RegsFile)

ECap1RegsFile 
*          1    00006a00    00000020     UNINITIALIZED
                  00006a00    00000020     DSP2803x_GlobalVariableDefs.obj (ECap1RegsFile)

HRCap1RegsFile 
*          1    00006ac0    00000020     UNINITIALIZED
                  00006ac0    00000020     DSP2803x_GlobalVariableDefs.obj (HRCap1RegsFile)

HRCap2RegsFile 
*          1    00006ae0    00000020     UNINITIALIZED
                  00006ae0    00000020     DSP2803x_GlobalVariableDefs.obj (HRCap2RegsFile)

EQep1RegsFile 
*          1    00006b00    00000040     UNINITIALIZED
                  00006b00    00000040     DSP2803x_GlobalVariableDefs.obj (EQep1RegsFile)

LinaRegsFile 
*          1    00006c00    0000004a     UNINITIALIZED
                  00006c00    0000004a     DSP2803x_GlobalVariableDefs.obj (LinaRegsFile)

GpioCtrlRegsFile 
*          1    00006f80    00000040     UNINITIALIZED
                  00006f80    00000040     DSP2803x_GlobalVariableDefs.obj (GpioCtrlRegsFile)

GpioDataRegsFile 
*          1    00006fc0    00000020     UNINITIALIZED
                  00006fc0    00000020     DSP2803x_GlobalVariableDefs.obj (GpioDataRegsFile)

GpioIntRegsFile 
*          1    00006fe0    0000000c     UNINITIALIZED
                  00006fe0    0000000c     DSP2803x_GlobalVariableDefs.obj (GpioIntRegsFile)

SysCtrlRegsFile 
*          1    00007010    00000020     UNINITIALIZED
                  00007010    00000020     DSP2803x_GlobalVariableDefs.obj (SysCtrlRegsFile)

SpiaRegsFile 
*          1    00007040    00000010     UNINITIALIZED
                  00007040    00000010     DSP2803x_GlobalVariableDefs.obj (SpiaRegsFile)

SciaRegsFile 
*          1    00007050    00000010     UNINITIALIZED
                  00007050    00000010     DSP2803x_GlobalVariableDefs.obj (SciaRegsFile)

NmiIntruptRegsFile 
*          1    00007060    00000010     UNINITIALIZED
                  00007060    00000010     DSP2803x_GlobalVariableDefs.obj (NmiIntruptRegsFile)

XIntruptRegsFile 
*          1    00007070    00000010     UNINITIALIZED
                  00007070    00000010     DSP2803x_GlobalVariableDefs.obj (XIntruptRegsFile)

AdcRegsFile 
*          1    00007100    00000050     UNINITIALIZED
                  00007100    00000050     DSP2803x_GlobalVariableDefs.obj (AdcRegsFile)

SpibRegsFile 
*          1    00007740    00000010     UNINITIALIZED
                  00007740    00000010     DSP2803x_GlobalVariableDefs.obj (SpibRegsFile)

I2caRegsFile 
*          1    00007900    00000022     UNINITIALIZED
                  00007900    00000022     DSP2803x_GlobalVariableDefs.obj (I2caRegsFile)

PartIdRegsFile 
*          1    003d7e80    00000001     UNINITIALIZED
                  003d7e80    00000001     DSP2803x_GlobalVariableDefs.obj (PartIdRegsFile)

CsmPwlFile 
*          1    003f7ff8    00000008     UNINITIALIZED
                  003f7ff8    00000008     DSP2803x_GlobalVariableDefs.obj (CsmPwlFile)


GLOBAL DATA SYMBOLS: SORTED BY DATA PAGE

address     data page           name
--------    ----------------    ----
00000002       0 (00000000)     _CpuTimer1
0000000a       0 (00000000)     _CpuTimer2
00000012       0 (00000000)     _CpuTimer0
0000001a       0 (00000000)     _CAN_DATATYPE_GROUND
0000002a       0 (00000000)     _rtMinusInf
0000002c       0 (00000000)     _rtInf
0000002e       0 (00000000)     _rtNaN
00000030       0 (00000000)     _rtMinusInfF
00000032       0 (00000000)     _rtInfF
00000034       0 (00000000)     _rtNaNF
00000036       0 (00000000)     _IsrOverrun
00000037       0 (00000000)     _need2runFlags
0000003a       0 (00000000)     _isRateRunning
0000003d       0 (00000000)     _P1
0000003e       0 (00000000)     _P0

00000040       1 (00000040)     _Rider_Controls_InHardware_M_
0000004c       1 (00000040)     _Rider_Controls_InHardware_DWork

00000080       2 (00000080)     _Rider_Controls_InHardware_Y

00000100       4 (00000100)     _Rider_Controls_InHardware_B

000002ba       a (00000280)     __unlock
000002bc       a (00000280)     __lock

000002c0       b (000002c0)     ___TI_cleanup_ptr
000002c2       b (000002c0)     ___TI_dtors_ptr
000002c4       b (000002c0)     __stack

00000880      22 (00000880)     _DevEmuRegs

00000985      26 (00000980)     _SysPwrCtrlRegs

00000a80      2a (00000a80)     _FlashRegs

00000ae0      2b (00000ac0)     _CsmRegs

00000b00      2c (00000b00)     _AdcResult

00000c00      30 (00000c00)     _CpuTimer0Regs
00000c08      30 (00000c00)     _CpuTimer1Regs
00000c10      30 (00000c00)     _CpuTimer2Regs

00000ce0      33 (00000cc0)     _PieCtrlRegs

00000d00      34 (00000d00)     _EmuKey
00000d00      34 (00000d00)     _PieVectTable
00000d01      34 (00000d00)     _EmuBMode
00000d02      34 (00000d00)     _Flash_CallbackPtr
00000d04      34 (00000d00)     _Flash_CPUScaleFactor

00001400      50 (00001400)     _Cla1Regs

00006000     180 (00006000)     _ECanaRegs

00006040     181 (00006040)     _ECanaLAMRegs

00006080     182 (00006080)     _ECanaMOTSRegs

000060c0     183 (000060c0)     _ECanaMOTORegs

00006100     184 (00006100)     _ECanaMboxes

00006400     190 (00006400)     _Comp1Regs
00006420     190 (00006400)     _Comp2Regs

00006440     191 (00006440)     _Comp3Regs

00006800     1a0 (00006800)     _EPwm1Regs

00006840     1a1 (00006840)     _EPwm2Regs

00006880     1a2 (00006880)     _EPwm3Regs

000068c0     1a3 (000068c0)     _EPwm4Regs

00006900     1a4 (00006900)     _EPwm5Regs

00006940     1a5 (00006940)     _EPwm6Regs

00006980     1a6 (00006980)     _EPwm7Regs

00006a00     1a8 (00006a00)     _ECap1Regs

00006ac0     1ab (00006ac0)     _HRCap1Regs
00006ae0     1ab (00006ac0)     _HRCap2Regs

00006b00     1ac (00006b00)     _EQep1Regs

00006c00     1b0 (00006c00)     _LinaRegs

00006f80     1be (00006f80)     _GpioCtrlRegs

00006fc0     1bf (00006fc0)     _GpioDataRegs
00006fe0     1bf (00006fc0)     _GpioIntRegs

00007010     1c0 (00007000)     _SysCtrlRegs

00007040     1c1 (00007040)     _SpiaRegs
00007050     1c1 (00007040)     _SciaRegs
00007060     1c1 (00007040)     _NmiIntruptRegs
00007070     1c1 (00007040)     _XIntruptRegs

00007100     1c4 (00007100)     _AdcRegs

00007740     1dd (00007740)     _SpibRegs

00007900     1e4 (00007900)     _I2caRegs

003d7e80    f5fa (003d7e80)     _PartIdRegs

003ea294    fa8a (003ea280)     _PieVectTableInit

003ea394    fa8e (003ea380)     _Rider_Controls_InHardware_M

003f7ff8    fdff (003f7fc0)     _CsmPwl


GLOBAL SYMBOLS: SORTED ALPHABETICALLY BY Name 

address    name
--------   ----
00000002   .bss
00000002   .data
003e8000   .text
003ea1db   C$$EXIT
003e9dbb   FS$$ADD
003ea20c   FS$$CMP
003e9d33   FS$$DIV
003e9f70   FS$$MPY
003ea28f   FS$$NEG
003e9db6   FS$$SUB
003ea119   FS$$TOL
003ea18b   FS$$TOU
003ea1a8   L$$TOFS
003ea25d   U$$TOFS
003ea239   UL$$TOFS
003e99eb   _ADCINT1_ISR
003e99e6   _ADCINT2_ISR
003e99e1   _ADCINT3_ISR
003e99dc   _ADCINT4_ISR
003e99d7   _ADCINT5_ISR
003e99d2   _ADCINT6_ISR
003e99cd   _ADCINT7_ISR
003e99c8   _ADCINT8_ISR
003e99c3   _ADCINT9_ISR
003e970f   _AdcChanSelect
003e9767   _AdcConversion
003e984f   _AdcOffsetSelfCal
00007100   _AdcRegs
00000b00   _AdcResult
0000001a   _CAN_DATATYPE_GROUND
003e99be   _CLA1_INT1_ISR
003e99b9   _CLA1_INT2_ISR
003e99b4   _CLA1_INT3_ISR
003e99af   _CLA1_INT4_ISR
003e99aa   _CLA1_INT5_ISR
003e99a5   _CLA1_INT6_ISR
003e99a0   _CLA1_INT7_ISR
003e999b   _CLA1_INT8_ISR
00001400   _Cla1Regs
00006400   _Comp1Regs
00006420   _Comp2Regs
00006440   _Comp3Regs
003e9f4b   _ConfigCpuTimer
00000012   _CpuTimer0
00000c00   _CpuTimer0Regs
00000002   _CpuTimer1
00000c08   _CpuTimer1Regs
0000000a   _CpuTimer2
00000c10   _CpuTimer2Regs
003f7ff8   _CsmPwl
00000ae0   _CsmRegs
003e9afb   _CsmUnlock
003e9996   _DATALOG_ISR
0000801d   _DSP28x_usDelay
00000880   _DevEmuRegs
003e9a32   _DisableDog
003e9991   _ECAN0INTA_ISR
003e998c   _ECAN1INTA_ISR
003e9987   _ECAP1_INT_ISR
00006040   _ECanaLAMRegs
000060c0   _ECanaMOTORegs
00006080   _ECanaMOTSRegs
00006100   _ECanaMboxes
00006000   _ECanaRegs
00006a00   _ECap1Regs
003e9982   _EMPTY_ISR
003e997d   _EMUINT_ISR
003e9978   _EPWM1_INT_ISR
003e9973   _EPWM1_TZINT_ISR
003e996e   _EPWM2_INT_ISR
003e9969   _EPWM2_TZINT_ISR
003e9964   _EPWM3_INT_ISR
003e995f   _EPWM3_TZINT_ISR
003e995a   _EPWM4_INT_ISR
003e9955   _EPWM4_TZINT_ISR
003e9950   _EPWM5_INT_ISR
003e994b   _EPWM5_TZINT_ISR
003e9946   _EPWM6_INT_ISR
003e9941   _EPWM6_TZINT_ISR
003e993c   _EPWM7_INT_ISR
003e9937   _EPWM7_TZINT_ISR
00006800   _EPwm1Regs
00006840   _EPwm2Regs
00006880   _EPwm3Regs
000068c0   _EPwm4Regs
00006900   _EPwm5Regs
00006940   _EPwm6Regs
00006980   _EPwm7Regs
003e9932   _EQEP1_INT_ISR
00006b00   _EQep1Regs
00000d01   _EmuBMode
00000d00   _EmuKey
003ea161   _EnableInterrupts
003e9ae3   _ExtOscSel
00000a80   _FlashRegs
00000d04   _Flash_CPUScaleFactor
00000d02   _Flash_CallbackPtr
003e9d0f   _GenIdParity
00006f80   _GpioCtrlRegs
00006fc0   _GpioDataRegs
00006fe0   _GpioIntRegs
003e992d   _HRCAP1_INT_ISR
003e9928   _HRCAP2_INT_ISR
00006ac0   _HRCap1Regs
00006ae0   _HRCap2Regs
003e9923   _I2CINT1A_ISR
003e991e   _I2CINT2A_ISR
00007900   _I2caRegs
003e9919   _ILLEGAL_ISR
003e9914   _INT13_ISR
003e990f   _INT14_ISR
003e96f1   _InitAdc
003e96cb   _InitAdcAio
003e9f0e   _InitCpuTimers
00008000   _InitFlash
003e9cba   _InitLin
003e9ca2   _InitLinGpio
003e9cba   _InitLina
003e9ca2   _InitLinaGpio
003e9a88   _InitPeripheralClocks
003ea142   _InitPieCtrl
003ea24c   _InitPieVectTable
003e9a3a   _InitPll
003e9ad1   _InitSysCtrl
003e9a22   _IntOsc1Sel
003e9a0e   _IntOsc2Sel
00000036   _IsrOverrun
003e990a   _LIN0INTA_ISR
003e9905   _LIN1INTA_ISR
003e9900   _LUF_ISR
003e98fb   _LVF_ISR
00006c00   _LinaRegs
003e98f6   _NMI_ISR
00007060   _NmiIntruptRegs
0000003e   _P0
0000003d   _P1
003e98f1   _PIE_RESERVED
003d7e80   _PartIdRegs
00000ce0   _PieCtrlRegs
00000d00   _PieVectTable
003ea294   _PieVectTableInit
003e98ec   _RTOSINT_ISR
003ea3b9   _RamfuncsLoadEnd
003ea398   _RamfuncsLoadStart
00008000   _RamfuncsRunStart
00000100   _Rider_Controls_InHardware_B
0000004c   _Rider_Controls_InHardware_DWork
003ea394   _Rider_Controls_InHardware_M
00000040   _Rider_Controls_InHardware_M_
003e96be   _Rider_Controls_InHardware_SetEventsForThisBaseStep
00000080   _Rider_Controls_InHardware_Y
003e939d   _Rider_Controls_InHardware_initialize
003e938e   _Rider_Controls_InHardware_step
003e9356   _Rider_Controls_InHardware_step0
003e9309   _Rider_Controls_InHardware_step1
003e8063   _Rider_Controls_InHardware_step2
003e8062   _Rider_Controls_InHardware_terminate
003e98e7   _SCIRXINTA_ISR
003e98e2   _SCITXINTA_ISR
003e98dd   _SPIRXINTA_ISR
003e98d8   _SPIRXINTB_ISR
003e98d3   _SPITXINTA_ISR
003e98ce   _SPITXINTB_ISR
00007050   _SciaRegs
003e9a04   _ServiceDog
00007040   _SpiaRegs
00007740   _SpibRegs
00007010   _SysCtrlRegs
00000985   _SysPwrCtrlRegs
003e98c9   _TINT0_ISR
003e9ea1   _TINT0_isr
003e98c4   _USER10_ISR
003e98bf   _USER11_ISR
003e98ba   _USER12_ISR
003e98b5   _USER1_ISR
003e98b0   _USER2_ISR
003e98ab   _USER3_ISR
003e98a6   _USER4_ISR
003e98a1   _USER5_ISR
003e989c   _USER6_ISR
003e9897   _USER7_ISR
003e9892   _USER8_ISR
003e988d   _USER9_ISR
003e9888   _WAKEINT_ISR
003e9883   _XINT1_ISR
003e987e   _XINT2_ISR
003e9879   _XINT3_ISR
00007070   _XIntruptRegs
003e99f0   _XtalOscSel
00000304   __STACK_END
00000040   __STACK_SIZE
00000001   __TI_args_main
000002c0   ___TI_cleanup_ptr
000002c2   ___TI_dtors_ptr
ffffffff   ___binit__
00000002   ___bss__
ffffffff   ___c_args__
003ea3b9   ___cinit__
00000002   ___data__
00000002   ___edata__
00000002   ___end__
003ea294   ___etext__
003ea16a   ___memcpy_ff
ffffffff   ___pinit__
003e8000   ___text__
003ea1c2   __args_main
000002bc   __lock
003ea27e   __nop
003ea27a   __register_lock
003ea276   __register_unlock
000002c4   __stack
000002ba   __unlock
003ea1db   _abort
003ea22a   _c2000_flash_init
003e9fca   _c_int00
003ea0c0   _config_ADC_SOC0
003e9bbc   _config_eCAN_A_mbx
003ea024   _configureTimer0
003ea016   _disableTimer0Interrupt
003ea288   _disableWatchdog
003ea00e   _enableTimer0Interrupt
003ea287   _enable_interrupts
003ea1dd   _exit
003ea0ed   _fmod
003ea227   _globalInterruptDisable
003ea223   _globalInterruptEnable
003ea04f   _init_board
003e9b29   _init_eCAN_A
0000003a   _isRateRunning
003e9c6f   _main
003ea08f   _modf
00000037   _need2runFlags
003e9874   _rsvd_ISR
003ea207   _rtGetInf
003ea200   _rtGetInfF
003ea1fb   _rtGetMinusInf
003ea1f4   _rtGetMinusInfF
003ea271   _rtGetNaN
003ea26d   _rtGetNaNF
0000002c   _rtInf
00000032   _rtInfF
003e9e84   _rtIsInf
003e9e67   _rtIsInfF
003e9e5a   _rtIsNaN
003e9e4d   _rtIsNaNF
0000002a   _rtMinusInf
00000030   _rtMinusInfF
0000002e   _rtNaN
00000034   _rtNaNF
003e9e2e   _rt_InitInfAndNaN
003e9c10   _rt_OneStep
003e8000   _rt_roundd_snf
ffffffff   binit
003ea3b9   cinit
003f7ff6   code_start
00000002   edata
00000002   end
003ea294   etext
ffffffff   pinit


GLOBAL SYMBOLS: SORTED BY Symbol Address 

address    name
--------   ----
00000001   __TI_args_main
00000002   .bss
00000002   .data
00000002   _CpuTimer1
00000002   ___bss__
00000002   ___data__
00000002   ___edata__
00000002   ___end__
00000002   edata
00000002   end
0000000a   _CpuTimer2
00000012   _CpuTimer0
0000001a   _CAN_DATATYPE_GROUND
0000002a   _rtMinusInf
0000002c   _rtInf
0000002e   _rtNaN
00000030   _rtMinusInfF
00000032   _rtInfF
00000034   _rtNaNF
00000036   _IsrOverrun
00000037   _need2runFlags
0000003a   _isRateRunning
0000003d   _P1
0000003e   _P0
00000040   _Rider_Controls_InHardware_M_
00000040   __STACK_SIZE
0000004c   _Rider_Controls_InHardware_DWork
00000080   _Rider_Controls_InHardware_Y
00000100   _Rider_Controls_InHardware_B
000002ba   __unlock
000002bc   __lock
000002c0   ___TI_cleanup_ptr
000002c2   ___TI_dtors_ptr
000002c4   __stack
00000304   __STACK_END
00000880   _DevEmuRegs
00000985   _SysPwrCtrlRegs
00000a80   _FlashRegs
00000ae0   _CsmRegs
00000b00   _AdcResult
00000c00   _CpuTimer0Regs
00000c08   _CpuTimer1Regs
00000c10   _CpuTimer2Regs
00000ce0   _PieCtrlRegs
00000d00   _EmuKey
00000d00   _PieVectTable
00000d01   _EmuBMode
00000d02   _Flash_CallbackPtr
00000d04   _Flash_CPUScaleFactor
00001400   _Cla1Regs
00006000   _ECanaRegs
00006040   _ECanaLAMRegs
00006080   _ECanaMOTSRegs
000060c0   _ECanaMOTORegs
00006100   _ECanaMboxes
00006400   _Comp1Regs
00006420   _Comp2Regs
00006440   _Comp3Regs
00006800   _EPwm1Regs
00006840   _EPwm2Regs
00006880   _EPwm3Regs
000068c0   _EPwm4Regs
00006900   _EPwm5Regs
00006940   _EPwm6Regs
00006980   _EPwm7Regs
00006a00   _ECap1Regs
00006ac0   _HRCap1Regs
00006ae0   _HRCap2Regs
00006b00   _EQep1Regs
00006c00   _LinaRegs
00006f80   _GpioCtrlRegs
00006fc0   _GpioDataRegs
00006fe0   _GpioIntRegs
00007010   _SysCtrlRegs
00007040   _SpiaRegs
00007050   _SciaRegs
00007060   _NmiIntruptRegs
00007070   _XIntruptRegs
00007100   _AdcRegs
00007740   _SpibRegs
00007900   _I2caRegs
00008000   _InitFlash
00008000   _RamfuncsRunStart
0000801d   _DSP28x_usDelay
003d7e80   _PartIdRegs
003e8000   .text
003e8000   ___text__
003e8000   _rt_roundd_snf
003e8062   _Rider_Controls_InHardware_terminate
003e8063   _Rider_Controls_InHardware_step2
003e9309   _Rider_Controls_InHardware_step1
003e9356   _Rider_Controls_InHardware_step0
003e938e   _Rider_Controls_InHardware_step
003e939d   _Rider_Controls_InHardware_initialize
003e96be   _Rider_Controls_InHardware_SetEventsForThisBaseStep
003e96cb   _InitAdcAio
003e96f1   _InitAdc
003e970f   _AdcChanSelect
003e9767   _AdcConversion
003e984f   _AdcOffsetSelfCal
003e9874   _rsvd_ISR
003e9879   _XINT3_ISR
003e987e   _XINT2_ISR
003e9883   _XINT1_ISR
003e9888   _WAKEINT_ISR
003e988d   _USER9_ISR
003e9892   _USER8_ISR
003e9897   _USER7_ISR
003e989c   _USER6_ISR
003e98a1   _USER5_ISR
003e98a6   _USER4_ISR
003e98ab   _USER3_ISR
003e98b0   _USER2_ISR
003e98b5   _USER1_ISR
003e98ba   _USER12_ISR
003e98bf   _USER11_ISR
003e98c4   _USER10_ISR
003e98c9   _TINT0_ISR
003e98ce   _SPITXINTB_ISR
003e98d3   _SPITXINTA_ISR
003e98d8   _SPIRXINTB_ISR
003e98dd   _SPIRXINTA_ISR
003e98e2   _SCITXINTA_ISR
003e98e7   _SCIRXINTA_ISR
003e98ec   _RTOSINT_ISR
003e98f1   _PIE_RESERVED
003e98f6   _NMI_ISR
003e98fb   _LVF_ISR
003e9900   _LUF_ISR
003e9905   _LIN1INTA_ISR
003e990a   _LIN0INTA_ISR
003e990f   _INT14_ISR
003e9914   _INT13_ISR
003e9919   _ILLEGAL_ISR
003e991e   _I2CINT2A_ISR
003e9923   _I2CINT1A_ISR
003e9928   _HRCAP2_INT_ISR
003e992d   _HRCAP1_INT_ISR
003e9932   _EQEP1_INT_ISR
003e9937   _EPWM7_TZINT_ISR
003e993c   _EPWM7_INT_ISR
003e9941   _EPWM6_TZINT_ISR
003e9946   _EPWM6_INT_ISR
003e994b   _EPWM5_TZINT_ISR
003e9950   _EPWM5_INT_ISR
003e9955   _EPWM4_TZINT_ISR
003e995a   _EPWM4_INT_ISR
003e995f   _EPWM3_TZINT_ISR
003e9964   _EPWM3_INT_ISR
003e9969   _EPWM2_TZINT_ISR
003e996e   _EPWM2_INT_ISR
003e9973   _EPWM1_TZINT_ISR
003e9978   _EPWM1_INT_ISR
003e997d   _EMUINT_ISR
003e9982   _EMPTY_ISR
003e9987   _ECAP1_INT_ISR
003e998c   _ECAN1INTA_ISR
003e9991   _ECAN0INTA_ISR
003e9996   _DATALOG_ISR
003e999b   _CLA1_INT8_ISR
003e99a0   _CLA1_INT7_ISR
003e99a5   _CLA1_INT6_ISR
003e99aa   _CLA1_INT5_ISR
003e99af   _CLA1_INT4_ISR
003e99b4   _CLA1_INT3_ISR
003e99b9   _CLA1_INT2_ISR
003e99be   _CLA1_INT1_ISR
003e99c3   _ADCINT9_ISR
003e99c8   _ADCINT8_ISR
003e99cd   _ADCINT7_ISR
003e99d2   _ADCINT6_ISR
003e99d7   _ADCINT5_ISR
003e99dc   _ADCINT4_ISR
003e99e1   _ADCINT3_ISR
003e99e6   _ADCINT2_ISR
003e99eb   _ADCINT1_ISR
003e99f0   _XtalOscSel
003e9a04   _ServiceDog
003e9a0e   _IntOsc2Sel
003e9a22   _IntOsc1Sel
003e9a32   _DisableDog
003e9a3a   _InitPll
003e9a88   _InitPeripheralClocks
003e9ad1   _InitSysCtrl
003e9ae3   _ExtOscSel
003e9afb   _CsmUnlock
003e9b29   _init_eCAN_A
003e9bbc   _config_eCAN_A_mbx
003e9c10   _rt_OneStep
003e9c6f   _main
003e9ca2   _InitLinGpio
003e9ca2   _InitLinaGpio
003e9cba   _InitLin
003e9cba   _InitLina
003e9d0f   _GenIdParity
003e9d33   FS$$DIV
003e9db6   FS$$SUB
003e9dbb   FS$$ADD
003e9e2e   _rt_InitInfAndNaN
003e9e4d   _rtIsNaNF
003e9e5a   _rtIsNaN
003e9e67   _rtIsInfF
003e9e84   _rtIsInf
003e9ea1   _TINT0_isr
003e9f0e   _InitCpuTimers
003e9f4b   _ConfigCpuTimer
003e9f70   FS$$MPY
003e9fca   _c_int00
003ea00e   _enableTimer0Interrupt
003ea016   _disableTimer0Interrupt
003ea024   _configureTimer0
003ea04f   _init_board
003ea08f   _modf
003ea0c0   _config_ADC_SOC0
003ea0ed   _fmod
003ea119   FS$$TOL
003ea142   _InitPieCtrl
003ea161   _EnableInterrupts
003ea16a   ___memcpy_ff
003ea18b   FS$$TOU
003ea1a8   L$$TOFS
003ea1c2   __args_main
003ea1db   C$$EXIT
003ea1db   _abort
003ea1dd   _exit
003ea1f4   _rtGetMinusInfF
003ea1fb   _rtGetMinusInf
003ea200   _rtGetInfF
003ea207   _rtGetInf
003ea20c   FS$$CMP
003ea223   _globalInterruptEnable
003ea227   _globalInterruptDisable
003ea22a   _c2000_flash_init
003ea239   UL$$TOFS
003ea24c   _InitPieVectTable
003ea25d   U$$TOFS
003ea26d   _rtGetNaNF
003ea271   _rtGetNaN
003ea276   __register_unlock
003ea27a   __register_lock
003ea27e   __nop
003ea287   _enable_interrupts
003ea288   _disableWatchdog
003ea28f   FS$$NEG
003ea294   _PieVectTableInit
003ea294   ___etext__
003ea294   etext
003ea394   _Rider_Controls_InHardware_M
003ea398   _RamfuncsLoadStart
003ea3b9   _RamfuncsLoadEnd
003ea3b9   ___cinit__
003ea3b9   cinit
003f7ff6   code_start
003f7ff8   _CsmPwl
ffffffff   ___binit__
ffffffff   ___c_args__
ffffffff   ___pinit__
ffffffff   binit
ffffffff   pinit

[259 symbols]
