******************************************************************************
             TMS320C2000 Linker PC v6.2.0                      
******************************************************************************
>> Linked Thu Jun 18 12:58:42 2015

OUTPUT FILE NAME:   <../Rider_Controls_InHardware.out>
ENTRY POINT SYMBOL: "_c_int00"  address: 003eb890


MEMORY CONFIGURATION

         name            origin    length      used     unused   attr    fill
----------------------  --------  ---------  --------  --------  ----  --------
PAGE 0:
  BEGINRAM              00000000   00000002  00000000  00000002  RWIX
  PRAML0_L3             00008000   00002000  00000021  00001fdf  RWIX
  OTP                   003d7800   00000400  00000000  00000400  RWIX
  FLASH                 003e8000   0000fff6  00003b8b  0000c46b  RWIX
  BEGINFLASH            003f7ff6   00000002  00000002  00000000  RWIX
  CSM_PWL               003f7ff8   00000008  00000000  00000008  RWIX
  IQTABLES              003fe000   00000b50  00000000  00000b50  RWIX
  IQTABLES2             003feb50   0000008c  00000000  0000008c  RWIX
  IQTABLES3             003febdc   000000aa  00000000  000000aa  RWIX
  BOOTROM               003ff27c   00000d44  00000000  00000d44  RWIX
  RESET                 003fffc0   00000002  00000000  00000002  RWIX
  VECTORS               003fffc2   0000003e  00000000  0000003e  RWIX

PAGE 1:
  RAMM0M1               00000002   000007fe  000004b2  0000034c  RWIX
  DEV_EMU               00000880   00000105  00000004  00000101  RWIX
  SYS_PWR_CTL           00000985   00000003  00000003  00000000  RWIX
  FLASH_REGS            00000a80   00000060  00000008  00000058  RWIX
  CSM                   00000ae0   00000010  00000010  00000000  RWIX
  ADC_RESULT            00000b00   00000020  00000020  00000000  RWIX
  CPU_TIMER0            00000c00   00000008  00000008  00000000  RWIX
  CPU_TIMER1            00000c08   00000008  00000008  00000000  RWIX
  CPU_TIMER2            00000c10   00000008  00000008  00000000  RWIX
  PIE_CTRL              00000ce0   00000020  0000001a  00000006  RWIX
  PIE_VECT              00000d00   00000100  00000100  00000000  RWIX
  CLA1                  00001400   00000080  00000040  00000040  RWIX
  ECANA                 00006000   00000040  00000034  0000000c  RWIX
  ECANA_LAM             00006040   00000040  00000040  00000000  RWIX
  ECANA_MOTS            00006080   00000040  00000040  00000000  RWIX
  ECANA_MOTO            000060c0   00000040  00000040  00000000  RWIX
  ECANA_MBOX            00006100   00000100  00000100  00000000  RWIX
  COMP1                 00006400   00000020  00000014  0000000c  RWIX
  COMP2                 00006420   00000020  00000014  0000000c  RWIX
  COMP3                 00006440   00000020  00000014  0000000c  RWIX
  EPWM1                 00006800   00000040  00000040  00000000  RWIX
  EPWM2                 00006840   00000040  00000040  00000000  RWIX
  EPWM3                 00006880   00000040  00000040  00000000  RWIX
  EPWM4                 000068c0   00000040  00000040  00000000  RWIX
  EPWM5                 00006900   00000040  00000040  00000000  RWIX
  EPWM6                 00006940   00000040  00000040  00000000  RWIX
  EPWM7                 00006980   00000040  00000040  00000000  RWIX
  ECAP1                 00006a00   00000020  00000020  00000000  RWIX
  HRCAP1                00006ac0   00000020  00000020  00000000  RWIX
  HRCAP2                00006ae0   00000020  00000020  00000000  RWIX
  EQEP1                 00006b00   00000040  00000040  00000000  RWIX
  LINA                  00006c00   00000080  0000004a  00000036  RWIX
  GPIOCTRL              00006f80   00000040  00000040  00000000  RWIX
  GPIODAT               00006fc0   00000020  00000020  00000000  RWIX
  GPIOINT               00006fe0   00000020  0000000c  00000014  RWIX
  SYSTEM                00007010   00000020  00000020  00000000  RWIX
  SPIA                  00007040   00000010  00000010  00000000  RWIX
  SCIA                  00007050   00000010  00000010  00000000  RWIX
  NMIINTRUPT            00007060   00000010  00000010  00000000  RWIX
  XINTRUPT              00007070   00000010  00000010  00000000  RWIX
  ADC                   00007100   00000080  00000050  00000030  RWIX
  SPIB                  00007740   00000010  00000010  00000000  RWIX
  I2CA                  00007900   00000040  00000022  0000001e  RWIX
  PARTID                003d7e80   00000001  00000001  00000000  RWIX
  CSM_PWL               003f7ff8   00000008  00000008  00000000  RWIX


SECTION ALLOCATION MAP

 output                                  attributes/
section   page    origin      length       input sections
--------  ----  ----------  ----------   ----------------
.pinit     0    003e8000    00000000     UNINITIALIZED

.text      0    003e8000    00003a42     
                  003e8000    00003043     Rider_Controls_InHardware.obj (.text)
                  003eb043    000001a9     DSP2803x_Adc.obj (.text)
                  003eb1ec    0000017c     DSP2803x_DefaultIsr.obj (.text:retain)
                  003eb368    00000139     DSP2803x_SysCtrl.obj (.text)
                  003eb4a1    000000e7     MW_c28xx_can.obj (.text)
                  003eb588    00000092     ert_main.obj (.text)
                  003eb61a    00000091     DSP2803x_Lin.obj (.text)
                  003eb6ab    00000078     rts2800_ml.lib : fs_add.obj (.text)
                  003eb723    0000006d     c2803xSchedulerTimer0.obj (.text:retain)
                  003eb790    00000062     DSP2803x_CpuTimers.obj (.text)
                  003eb7f2    0000005a     rts2800_ml.lib : fs_mpy.obj (.text)
                  003eb84c    00000044     MW_c28xx_board.obj (.text)
                  003eb890    00000044     rts2800_ml.lib : boot.obj (.text)
                  003eb8d4    00000041     c2803xSchedulerTimer0.obj (.text)
                  003eb915    0000002d     MW_c28xx_adc.obj (.text)
                  003eb942    00000029     rts2800_ml.lib : fs_tol.obj (.text)
                  003eb96b    00000028     DSP2803x_PieCtrl.obj (.text)
                  003eb993    00000021     rts2800_ml.lib : memcpy_ff.obj (.text)
                  003eb9b4    00000019                    : args_main.obj (.text)
                  003eb9cd    00000019                    : exit.obj (.text)
                  003eb9e6    00000016     c2803xBoard_Realtime_Support.obj (.text)
                  003eb9fc    00000011     DSP2803x_PieVect.obj (.text)
                  003eba0d    00000010     rts2800_ml.lib : u_tofs.obj (.text)
                  003eba1d    0000000c                    : memset.obj (.text)
                  003eba29    00000009                    : _lock.obj (.text)
                  003eba32    00000008     DSP2803x_CodeStartBranch.obj (.text)
                  003eba3a    00000008     MW_c28xx_csl.obj (.text)

.econst    0    003eba42    00000102     
                  003eba42    00000100     DSP2803x_PieVect.obj (.econst)
                  003ebb42    00000002     Rider_Controls_InHardware.obj (.econst)

ramfuncs   0    003ebb44    00000021     RUN ADDR = 00008000
                  003ebb44    0000001d     DSP2803x_SysCtrl.obj (ramfuncs)
                  003ebb61    00000004     DSP2803x_usDelay.obj (ramfuncs)

.cinit     0    003ebb65    00000026     
                  003ebb65    00000010     ert_main.obj (.cinit)
                  003ebb75    0000000a     rts2800_ml.lib : _lock.obj (.cinit)
                  003ebb7f    0000000a                    : exit.obj (.cinit)
                  003ebb89    00000002     --HOLE-- [fill = 0]

codestart 
*          0    003f7ff6    00000002     
                  003f7ff6    00000002     DSP2803x_CodeStartBranch.obj (codestart)

.reset     0    003fffc0    00000002     DSECT
                  003fffc0    00000002     rts2800_ml.lib : boot.obj (.reset)

.bss       1    00000002    00000000     UNINITIALIZED

.ebss      1    00000002    00000472     UNINITIALIZED
                  00000002    00000018     DSP2803x_CpuTimers.obj (.ebss)
                  0000001a    00000010     can_datatype_ground.obj (.ebss)
                  0000002a    00000007     ert_main.obj (.ebss)
                  00000031    00000001     --HOLE--
                  00000032    00000004     rts2800_ml.lib : _lock.obj (.ebss)
                  00000036    00000004                    : exit.obj (.ebss)
                  0000003a    00000002     DSP2803x_Lin.obj (.ebss)
                  0000003c    00000004     --HOLE--
                  00000040    00000434     Rider_Controls_InHardware.obj (.ebss)

.data      1    00000002    00000000     UNINITIALIZED

.stack     1    00000474    00000040     UNINITIALIZED
                  00000474    00000040     --HOLE--

DevEmuRegsFile 
*          1    00000880    00000004     UNINITIALIZED
                  00000880    00000004     DSP2803x_GlobalVariableDefs.obj (DevEmuRegsFile)

SysPwrCtrlRegsFile 
*          1    00000985    00000003     UNINITIALIZED
                  00000985    00000003     DSP2803x_GlobalVariableDefs.obj (SysPwrCtrlRegsFile)

FlashRegsFile 
*          1    00000a80    00000008     UNINITIALIZED
                  00000a80    00000008     DSP2803x_GlobalVariableDefs.obj (FlashRegsFile)

CsmRegsFile 
*          1    00000ae0    00000010     UNINITIALIZED
                  00000ae0    00000010     DSP2803x_GlobalVariableDefs.obj (CsmRegsFile)

AdcResultFile 
*          1    00000b00    00000020     UNINITIALIZED
                  00000b00    00000020     DSP2803x_GlobalVariableDefs.obj (AdcResultFile)

CpuTimer0RegsFile 
*          1    00000c00    00000008     UNINITIALIZED
                  00000c00    00000008     DSP2803x_GlobalVariableDefs.obj (CpuTimer0RegsFile)

CpuTimer1RegsFile 
*          1    00000c08    00000008     UNINITIALIZED
                  00000c08    00000008     DSP2803x_GlobalVariableDefs.obj (CpuTimer1RegsFile)

CpuTimer2RegsFile 
*          1    00000c10    00000008     UNINITIALIZED
                  00000c10    00000008     DSP2803x_GlobalVariableDefs.obj (CpuTimer2RegsFile)

PieCtrlRegsFile 
*          1    00000ce0    0000001a     UNINITIALIZED
                  00000ce0    0000001a     DSP2803x_GlobalVariableDefs.obj (PieCtrlRegsFile)

PieVectTableFile 
*          1    00000d00    00000100     UNINITIALIZED
                  00000d00    00000100     DSP2803x_GlobalVariableDefs.obj (PieVectTableFile)

EmuKeyVar 
*          1    00000d00    00000001     UNINITIALIZED
                  00000d00    00000001     DSP2803x_GlobalVariableDefs.obj (EmuKeyVar)

EmuBModeVar 
*          1    00000d01    00000001     UNINITIALIZED
                  00000d01    00000001     DSP2803x_GlobalVariableDefs.obj (EmuBModeVar)

FlashCallbackVar 
*          1    00000d02    00000002     UNINITIALIZED
                  00000d02    00000002     DSP2803x_GlobalVariableDefs.obj (FlashCallbackVar)

FlashScalingVar 
*          1    00000d04    00000002     UNINITIALIZED
                  00000d04    00000002     DSP2803x_GlobalVariableDefs.obj (FlashScalingVar)

Cla1RegsFile 
*          1    00001400    00000040     UNINITIALIZED
                  00001400    00000040     DSP2803x_GlobalVariableDefs.obj (Cla1RegsFile)

ECanaRegsFile 
*          1    00006000    00000034     UNINITIALIZED
                  00006000    00000034     DSP2803x_GlobalVariableDefs.obj (ECanaRegsFile)

ECanaLAMRegsFile 
*          1    00006040    00000040     UNINITIALIZED
                  00006040    00000040     DSP2803x_GlobalVariableDefs.obj (ECanaLAMRegsFile)

ECanaMOTSRegsFile 
*          1    00006080    00000040     UNINITIALIZED
                  00006080    00000040     DSP2803x_GlobalVariableDefs.obj (ECanaMOTSRegsFile)

ECanaMOTORegsFile 
*          1    000060c0    00000040     UNINITIALIZED
                  000060c0    00000040     DSP2803x_GlobalVariableDefs.obj (ECanaMOTORegsFile)

ECanaMboxesFile 
*          1    00006100    00000100     UNINITIALIZED
                  00006100    00000100     DSP2803x_GlobalVariableDefs.obj (ECanaMboxesFile)

Comp1RegsFile 
*          1    00006400    00000014     UNINITIALIZED
                  00006400    00000014     DSP2803x_GlobalVariableDefs.obj (Comp1RegsFile)

Comp2RegsFile 
*          1    00006420    00000014     UNINITIALIZED
                  00006420    00000014     DSP2803x_GlobalVariableDefs.obj (Comp2RegsFile)

Comp3RegsFile 
*          1    00006440    00000014     UNINITIALIZED
                  00006440    00000014     DSP2803x_GlobalVariableDefs.obj (Comp3RegsFile)

EPwm1RegsFile 
*          1    00006800    00000040     UNINITIALIZED
                  00006800    00000040     DSP2803x_GlobalVariableDefs.obj (EPwm1RegsFile)

EPwm2RegsFile 
*          1    00006840    00000040     UNINITIALIZED
                  00006840    00000040     DSP2803x_GlobalVariableDefs.obj (EPwm2RegsFile)

EPwm3RegsFile 
*          1    00006880    00000040     UNINITIALIZED
                  00006880    00000040     DSP2803x_GlobalVariableDefs.obj (EPwm3RegsFile)

EPwm4RegsFile 
*          1    000068c0    00000040     UNINITIALIZED
                  000068c0    00000040     DSP2803x_GlobalVariableDefs.obj (EPwm4RegsFile)

EPwm5RegsFile 
*          1    00006900    00000040     UNINITIALIZED
                  00006900    00000040     DSP2803x_GlobalVariableDefs.obj (EPwm5RegsFile)

EPwm6RegsFile 
*          1    00006940    00000040     UNINITIALIZED
                  00006940    00000040     DSP2803x_GlobalVariableDefs.obj (EPwm6RegsFile)

EPwm7RegsFile 
*          1    00006980    00000040     UNINITIALIZED
                  00006980    00000040     DSP2803x_GlobalVariableDefs.obj (EPwm7RegsFile)

ECap1RegsFile 
*          1    00006a00    00000020     UNINITIALIZED
                  00006a00    00000020     DSP2803x_GlobalVariableDefs.obj (ECap1RegsFile)

HRCap1RegsFile 
*          1    00006ac0    00000020     UNINITIALIZED
                  00006ac0    00000020     DSP2803x_GlobalVariableDefs.obj (HRCap1RegsFile)

HRCap2RegsFile 
*          1    00006ae0    00000020     UNINITIALIZED
                  00006ae0    00000020     DSP2803x_GlobalVariableDefs.obj (HRCap2RegsFile)

EQep1RegsFile 
*          1    00006b00    00000040     UNINITIALIZED
                  00006b00    00000040     DSP2803x_GlobalVariableDefs.obj (EQep1RegsFile)

LinaRegsFile 
*          1    00006c00    0000004a     UNINITIALIZED
                  00006c00    0000004a     DSP2803x_GlobalVariableDefs.obj (LinaRegsFile)

GpioCtrlRegsFile 
*          1    00006f80    00000040     UNINITIALIZED
                  00006f80    00000040     DSP2803x_GlobalVariableDefs.obj (GpioCtrlRegsFile)

GpioDataRegsFile 
*          1    00006fc0    00000020     UNINITIALIZED
                  00006fc0    00000020     DSP2803x_GlobalVariableDefs.obj (GpioDataRegsFile)

GpioIntRegsFile 
*          1    00006fe0    0000000c     UNINITIALIZED
                  00006fe0    0000000c     DSP2803x_GlobalVariableDefs.obj (GpioIntRegsFile)

SysCtrlRegsFile 
*          1    00007010    00000020     UNINITIALIZED
                  00007010    00000020     DSP2803x_GlobalVariableDefs.obj (SysCtrlRegsFile)

SpiaRegsFile 
*          1    00007040    00000010     UNINITIALIZED
                  00007040    00000010     DSP2803x_GlobalVariableDefs.obj (SpiaRegsFile)

SciaRegsFile 
*          1    00007050    00000010     UNINITIALIZED
                  00007050    00000010     DSP2803x_GlobalVariableDefs.obj (SciaRegsFile)

NmiIntruptRegsFile 
*          1    00007060    00000010     UNINITIALIZED
                  00007060    00000010     DSP2803x_GlobalVariableDefs.obj (NmiIntruptRegsFile)

XIntruptRegsFile 
*          1    00007070    00000010     UNINITIALIZED
                  00007070    00000010     DSP2803x_GlobalVariableDefs.obj (XIntruptRegsFile)

AdcRegsFile 
*          1    00007100    00000050     UNINITIALIZED
                  00007100    00000050     DSP2803x_GlobalVariableDefs.obj (AdcRegsFile)

SpibRegsFile 
*          1    00007740    00000010     UNINITIALIZED
                  00007740    00000010     DSP2803x_GlobalVariableDefs.obj (SpibRegsFile)

I2caRegsFile 
*          1    00007900    00000022     UNINITIALIZED
                  00007900    00000022     DSP2803x_GlobalVariableDefs.obj (I2caRegsFile)

PartIdRegsFile 
*          1    003d7e80    00000001     UNINITIALIZED
                  003d7e80    00000001     DSP2803x_GlobalVariableDefs.obj (PartIdRegsFile)

CsmPwlFile 
*          1    003f7ff8    00000008     UNINITIALIZED
                  003f7ff8    00000008     DSP2803x_GlobalVariableDefs.obj (CsmPwlFile)


GLOBAL DATA SYMBOLS: SORTED BY DATA PAGE

address     data page           name
--------    ----------------    ----
00000002       0 (00000000)     _CpuTimer1
0000000a       0 (00000000)     _CpuTimer2
00000012       0 (00000000)     _CpuTimer0
0000001a       0 (00000000)     _CAN_DATATYPE_GROUND
0000002a       0 (00000000)     _IsrOverrun
0000002b       0 (00000000)     _need2runFlags
0000002e       0 (00000000)     _isRateRunning
00000032       0 (00000000)     __unlock
00000034       0 (00000000)     __lock
00000036       0 (00000000)     ___TI_cleanup_ptr
00000038       0 (00000000)     ___TI_dtors_ptr
0000003a       0 (00000000)     _P1
0000003b       0 (00000000)     _P0

00000040       1 (00000040)     _Rider_Controls_InHardware_M_

00000080       2 (00000080)     _Rider_Controls_InHardware_Y

00000100       4 (00000100)     _Rider_Controls_InHardware_DWork

00000200       8 (00000200)     _Rider_Controls_InHardware_B

00000474      11 (00000440)     __stack

00000880      22 (00000880)     _DevEmuRegs

00000985      26 (00000980)     _SysPwrCtrlRegs

00000a80      2a (00000a80)     _FlashRegs

00000ae0      2b (00000ac0)     _CsmRegs

00000b00      2c (00000b00)     _AdcResult

00000c00      30 (00000c00)     _CpuTimer0Regs
00000c08      30 (00000c00)     _CpuTimer1Regs
00000c10      30 (00000c00)     _CpuTimer2Regs

00000ce0      33 (00000cc0)     _PieCtrlRegs

00000d00      34 (00000d00)     _EmuKey
00000d00      34 (00000d00)     _PieVectTable
00000d01      34 (00000d00)     _EmuBMode
00000d02      34 (00000d00)     _Flash_CallbackPtr
00000d04      34 (00000d00)     _Flash_CPUScaleFactor

00001400      50 (00001400)     _Cla1Regs

00006000     180 (00006000)     _ECanaRegs

00006040     181 (00006040)     _ECanaLAMRegs

00006080     182 (00006080)     _ECanaMOTSRegs

000060c0     183 (000060c0)     _ECanaMOTORegs

00006100     184 (00006100)     _ECanaMboxes

00006400     190 (00006400)     _Comp1Regs
00006420     190 (00006400)     _Comp2Regs

00006440     191 (00006440)     _Comp3Regs

00006800     1a0 (00006800)     _EPwm1Regs

00006840     1a1 (00006840)     _EPwm2Regs

00006880     1a2 (00006880)     _EPwm3Regs

000068c0     1a3 (000068c0)     _EPwm4Regs

00006900     1a4 (00006900)     _EPwm5Regs

00006940     1a5 (00006940)     _EPwm6Regs

00006980     1a6 (00006980)     _EPwm7Regs

00006a00     1a8 (00006a00)     _ECap1Regs

00006ac0     1ab (00006ac0)     _HRCap1Regs
00006ae0     1ab (00006ac0)     _HRCap2Regs

00006b00     1ac (00006b00)     _EQep1Regs

00006c00     1b0 (00006c00)     _LinaRegs

00006f80     1be (00006f80)     _GpioCtrlRegs

00006fc0     1bf (00006fc0)     _GpioDataRegs
00006fe0     1bf (00006fc0)     _GpioIntRegs

00007010     1c0 (00007000)     _SysCtrlRegs

00007040     1c1 (00007040)     _SpiaRegs
00007050     1c1 (00007040)     _SciaRegs
00007060     1c1 (00007040)     _NmiIntruptRegs
00007070     1c1 (00007040)     _XIntruptRegs

00007100     1c4 (00007100)     _AdcRegs

00007740     1dd (00007740)     _SpibRegs

00007900     1e4 (00007900)     _I2caRegs

003d7e80    f5fa (003d7e80)     _PartIdRegs

003eba42    fae9 (003eba40)     _PieVectTableInit

003ebb42    faed (003ebb40)     _Rider_Controls_InHardware_M

003f7ff8    fdff (003f7fc0)     _CsmPwl


GLOBAL SYMBOLS: SORTED ALPHABETICALLY BY Name 

address    name
--------   ----
00000002   .bss
00000002   .data
003e8000   .text
003eb9cd   C$$EXIT
003eb6b0   FS$$ADD
003eb7f2   FS$$MPY
003eb6ab   FS$$SUB
003eb942   FS$$TOL
003eba0d   U$$TOFS
003eb363   _ADCINT1_ISR
003eb35e   _ADCINT2_ISR
003eb359   _ADCINT3_ISR
003eb354   _ADCINT4_ISR
003eb34f   _ADCINT5_ISR
003eb34a   _ADCINT6_ISR
003eb345   _ADCINT7_ISR
003eb340   _ADCINT8_ISR
003eb33b   _ADCINT9_ISR
003eb087   _AdcChanSelect
003eb0df   _AdcConversion
003eb1c7   _AdcOffsetSelfCal
00007100   _AdcRegs
00000b00   _AdcResult
0000001a   _CAN_DATATYPE_GROUND
003eb336   _CLA1_INT1_ISR
003eb331   _CLA1_INT2_ISR
003eb32c   _CLA1_INT3_ISR
003eb327   _CLA1_INT4_ISR
003eb322   _CLA1_INT5_ISR
003eb31d   _CLA1_INT6_ISR
003eb318   _CLA1_INT7_ISR
003eb313   _CLA1_INT8_ISR
00001400   _Cla1Regs
00006400   _Comp1Regs
00006420   _Comp2Regs
00006440   _Comp3Regs
003eb7cd   _ConfigCpuTimer
00000012   _CpuTimer0
00000c00   _CpuTimer0Regs
00000002   _CpuTimer1
00000c08   _CpuTimer1Regs
0000000a   _CpuTimer2
00000c10   _CpuTimer2Regs
003f7ff8   _CsmPwl
00000ae0   _CsmRegs
003eb473   _CsmUnlock
003eb30e   _DATALOG_ISR
0000801d   _DSP28x_usDelay
00000880   _DevEmuRegs
003eb3aa   _DisableDog
003eb309   _ECAN0INTA_ISR
003eb304   _ECAN1INTA_ISR
003eb2ff   _ECAP1_INT_ISR
00006040   _ECanaLAMRegs
000060c0   _ECanaMOTORegs
00006080   _ECanaMOTSRegs
00006100   _ECanaMboxes
00006000   _ECanaRegs
00006a00   _ECap1Regs
003eb2fa   _EMPTY_ISR
003eb2f5   _EMUINT_ISR
003eb2f0   _EPWM1_INT_ISR
003eb2eb   _EPWM1_TZINT_ISR
003eb2e6   _EPWM2_INT_ISR
003eb2e1   _EPWM2_TZINT_ISR
003eb2dc   _EPWM3_INT_ISR
003eb2d7   _EPWM3_TZINT_ISR
003eb2d2   _EPWM4_INT_ISR
003eb2cd   _EPWM4_TZINT_ISR
003eb2c8   _EPWM5_INT_ISR
003eb2c3   _EPWM5_TZINT_ISR
003eb2be   _EPWM6_INT_ISR
003eb2b9   _EPWM6_TZINT_ISR
003eb2b4   _EPWM7_INT_ISR
003eb2af   _EPWM7_TZINT_ISR
00006800   _EPwm1Regs
00006840   _EPwm2Regs
00006880   _EPwm3Regs
000068c0   _EPwm4Regs
00006900   _EPwm5Regs
00006940   _EPwm6Regs
00006980   _EPwm7Regs
003eb2aa   _EQEP1_INT_ISR
00006b00   _EQep1Regs
00000d01   _EmuBMode
00000d00   _EmuKey
003eb98a   _EnableInterrupts
003eb45b   _ExtOscSel
00000a80   _FlashRegs
00000d04   _Flash_CPUScaleFactor
00000d02   _Flash_CallbackPtr
003eb687   _GenIdParity
00006f80   _GpioCtrlRegs
00006fc0   _GpioDataRegs
00006fe0   _GpioIntRegs
003eb2a5   _HRCAP1_INT_ISR
003eb2a0   _HRCAP2_INT_ISR
00006ac0   _HRCap1Regs
00006ae0   _HRCap2Regs
003eb29b   _I2CINT1A_ISR
003eb296   _I2CINT2A_ISR
00007900   _I2caRegs
003eb291   _ILLEGAL_ISR
003eb28c   _INT13_ISR
003eb287   _INT14_ISR
003eb069   _InitAdc
003eb043   _InitAdcAio
003eb790   _InitCpuTimers
00008000   _InitFlash
003eb632   _InitLin
003eb61a   _InitLinGpio
003eb632   _InitLina
003eb61a   _InitLinaGpio
003eb400   _InitPeripheralClocks
003eb96b   _InitPieCtrl
003eb9fc   _InitPieVectTable
003eb3b2   _InitPll
003eb449   _InitSysCtrl
003eb39a   _IntOsc1Sel
003eb386   _IntOsc2Sel
0000002a   _IsrOverrun
003eb282   _LIN0INTA_ISR
003eb27d   _LIN1INTA_ISR
003eb278   _LUF_ISR
003eb273   _LVF_ISR
00006c00   _LinaRegs
003eb26e   _NMI_ISR
00007060   _NmiIntruptRegs
0000003b   _P0
0000003a   _P1
003eb269   _PIE_RESERVED
003d7e80   _PartIdRegs
00000ce0   _PieCtrlRegs
00000d00   _PieVectTable
003eba42   _PieVectTableInit
003eb264   _RTOSINT_ISR
003ebb65   _RamfuncsLoadEnd
003ebb44   _RamfuncsLoadStart
00008000   _RamfuncsRunStart
003eb041   _Ri_MessageReceived4_Disable
003e81ec   _Rider_Cont_MessageReceived4
00000200   _Rider_Controls_InHardware_B
00000100   _Rider_Controls_InHardware_DWork
003ebb42   _Rider_Controls_InHardware_M
00000040   _Rider_Controls_InHardware_M_
003eb034   _Rider_Controls_InHardware_SetEventsForThisBaseStep
00000080   _Rider_Controls_InHardware_Y
003eabb7   _Rider_Controls_InHardware_initialize
003eaba8   _Rider_Controls_InHardware_step
003eab70   _Rider_Controls_InHardware_step0
003e81f1   _Rider_Controls_InHardware_step1
003e8003   _Rider_Controls_InHardware_step2
003e8002   _Rider_Controls_InHardware_terminate
003e8000   _Rider_MessageReceived4_Init
003eb25f   _SCIRXINTA_ISR
003eb25a   _SCITXINTA_ISR
003eb255   _SPIRXINTA_ISR
003eb250   _SPIRXINTB_ISR
003eb24b   _SPITXINTA_ISR
003eb246   _SPITXINTB_ISR
00007050   _SciaRegs
003eb37c   _ServiceDog
00007040   _SpiaRegs
00007740   _SpibRegs
00007010   _SysCtrlRegs
00000985   _SysPwrCtrlRegs
003eb241   _TINT0_ISR
003eb723   _TINT0_isr
003eb23c   _USER10_ISR
003eb237   _USER11_ISR
003eb232   _USER12_ISR
003eb22d   _USER1_ISR
003eb228   _USER2_ISR
003eb223   _USER3_ISR
003eb21e   _USER4_ISR
003eb219   _USER5_ISR
003eb214   _USER6_ISR
003eb20f   _USER7_ISR
003eb20a   _USER8_ISR
003eb205   _USER9_ISR
003eb200   _WAKEINT_ISR
003eb1fb   _XINT1_ISR
003eb1f6   _XINT2_ISR
003eb1f1   _XINT3_ISR
00007070   _XIntruptRegs
003eb368   _XtalOscSel
000004b4   __STACK_END
00000040   __STACK_SIZE
00000001   __TI_args_main
00000036   ___TI_cleanup_ptr
00000038   ___TI_dtors_ptr
ffffffff   ___binit__
00000002   ___bss__
ffffffff   ___c_args__
003ebb65   ___cinit__
00000002   ___data__
00000002   ___edata__
00000002   ___end__
003eba42   ___etext__
003eb993   ___memcpy_ff
ffffffff   ___pinit__
003e8000   ___text__
003eb9b4   __args_main
00000034   __lock
003eba31   __nop
003eba2d   __register_lock
003eba29   __register_unlock
00000474   __stack
00000032   __unlock
003eb9cd   _abort
003eb9ed   _c2000_flash_init
003eb890   _c_int00
003eb915   _config_ADC_SOC0
003eb534   _config_eCAN_A_mbx
003eb8ea   _configureTimer0
003eb8dc   _disableTimer0Interrupt
003eba3b   _disableWatchdog
003eb8d4   _enableTimer0Interrupt
003eba3a   _enable_interrupts
003eb9cf   _exit
003eb9ea   _globalInterruptDisable
003eb9e6   _globalInterruptEnable
003eb84c   _init_board
003eb4a1   _init_eCAN_A
0000002e   _isRateRunning
003eb5e7   _main
003eba1d   _memset
0000002b   _need2runFlags
003eb1ec   _rsvd_ISR
003eb588   _rt_OneStep
ffffffff   binit
003ebb65   cinit
003f7ff6   code_start
00000002   edata
00000002   end
003eba42   etext
ffffffff   pinit


GLOBAL SYMBOLS: SORTED BY Symbol Address 

address    name
--------   ----
00000001   __TI_args_main
00000002   .bss
00000002   .data
00000002   _CpuTimer1
00000002   ___bss__
00000002   ___data__
00000002   ___edata__
00000002   ___end__
00000002   edata
00000002   end
0000000a   _CpuTimer2
00000012   _CpuTimer0
0000001a   _CAN_DATATYPE_GROUND
0000002a   _IsrOverrun
0000002b   _need2runFlags
0000002e   _isRateRunning
00000032   __unlock
00000034   __lock
00000036   ___TI_cleanup_ptr
00000038   ___TI_dtors_ptr
0000003a   _P1
0000003b   _P0
00000040   _Rider_Controls_InHardware_M_
00000040   __STACK_SIZE
00000080   _Rider_Controls_InHardware_Y
00000100   _Rider_Controls_InHardware_DWork
00000200   _Rider_Controls_InHardware_B
00000474   __stack
000004b4   __STACK_END
00000880   _DevEmuRegs
00000985   _SysPwrCtrlRegs
00000a80   _FlashRegs
00000ae0   _CsmRegs
00000b00   _AdcResult
00000c00   _CpuTimer0Regs
00000c08   _CpuTimer1Regs
00000c10   _CpuTimer2Regs
00000ce0   _PieCtrlRegs
00000d00   _EmuKey
00000d00   _PieVectTable
00000d01   _EmuBMode
00000d02   _Flash_CallbackPtr
00000d04   _Flash_CPUScaleFactor
00001400   _Cla1Regs
00006000   _ECanaRegs
00006040   _ECanaLAMRegs
00006080   _ECanaMOTSRegs
000060c0   _ECanaMOTORegs
00006100   _ECanaMboxes
00006400   _Comp1Regs
00006420   _Comp2Regs
00006440   _Comp3Regs
00006800   _EPwm1Regs
00006840   _EPwm2Regs
00006880   _EPwm3Regs
000068c0   _EPwm4Regs
00006900   _EPwm5Regs
00006940   _EPwm6Regs
00006980   _EPwm7Regs
00006a00   _ECap1Regs
00006ac0   _HRCap1Regs
00006ae0   _HRCap2Regs
00006b00   _EQep1Regs
00006c00   _LinaRegs
00006f80   _GpioCtrlRegs
00006fc0   _GpioDataRegs
00006fe0   _GpioIntRegs
00007010   _SysCtrlRegs
00007040   _SpiaRegs
00007050   _SciaRegs
00007060   _NmiIntruptRegs
00007070   _XIntruptRegs
00007100   _AdcRegs
00007740   _SpibRegs
00007900   _I2caRegs
00008000   _InitFlash
00008000   _RamfuncsRunStart
0000801d   _DSP28x_usDelay
003d7e80   _PartIdRegs
003e8000   .text
003e8000   _Rider_MessageReceived4_Init
003e8000   ___text__
003e8002   _Rider_Controls_InHardware_terminate
003e8003   _Rider_Controls_InHardware_step2
003e81ec   _Rider_Cont_MessageReceived4
003e81f1   _Rider_Controls_InHardware_step1
003eab70   _Rider_Controls_InHardware_step0
003eaba8   _Rider_Controls_InHardware_step
003eabb7   _Rider_Controls_InHardware_initialize
003eb034   _Rider_Controls_InHardware_SetEventsForThisBaseStep
003eb041   _Ri_MessageReceived4_Disable
003eb043   _InitAdcAio
003eb069   _InitAdc
003eb087   _AdcChanSelect
003eb0df   _AdcConversion
003eb1c7   _AdcOffsetSelfCal
003eb1ec   _rsvd_ISR
003eb1f1   _XINT3_ISR
003eb1f6   _XINT2_ISR
003eb1fb   _XINT1_ISR
003eb200   _WAKEINT_ISR
003eb205   _USER9_ISR
003eb20a   _USER8_ISR
003eb20f   _USER7_ISR
003eb214   _USER6_ISR
003eb219   _USER5_ISR
003eb21e   _USER4_ISR
003eb223   _USER3_ISR
003eb228   _USER2_ISR
003eb22d   _USER1_ISR
003eb232   _USER12_ISR
003eb237   _USER11_ISR
003eb23c   _USER10_ISR
003eb241   _TINT0_ISR
003eb246   _SPITXINTB_ISR
003eb24b   _SPITXINTA_ISR
003eb250   _SPIRXINTB_ISR
003eb255   _SPIRXINTA_ISR
003eb25a   _SCITXINTA_ISR
003eb25f   _SCIRXINTA_ISR
003eb264   _RTOSINT_ISR
003eb269   _PIE_RESERVED
003eb26e   _NMI_ISR
003eb273   _LVF_ISR
003eb278   _LUF_ISR
003eb27d   _LIN1INTA_ISR
003eb282   _LIN0INTA_ISR
003eb287   _INT14_ISR
003eb28c   _INT13_ISR
003eb291   _ILLEGAL_ISR
003eb296   _I2CINT2A_ISR
003eb29b   _I2CINT1A_ISR
003eb2a0   _HRCAP2_INT_ISR
003eb2a5   _HRCAP1_INT_ISR
003eb2aa   _EQEP1_INT_ISR
003eb2af   _EPWM7_TZINT_ISR
003eb2b4   _EPWM7_INT_ISR
003eb2b9   _EPWM6_TZINT_ISR
003eb2be   _EPWM6_INT_ISR
003eb2c3   _EPWM5_TZINT_ISR
003eb2c8   _EPWM5_INT_ISR
003eb2cd   _EPWM4_TZINT_ISR
003eb2d2   _EPWM4_INT_ISR
003eb2d7   _EPWM3_TZINT_ISR
003eb2dc   _EPWM3_INT_ISR
003eb2e1   _EPWM2_TZINT_ISR
003eb2e6   _EPWM2_INT_ISR
003eb2eb   _EPWM1_TZINT_ISR
003eb2f0   _EPWM1_INT_ISR
003eb2f5   _EMUINT_ISR
003eb2fa   _EMPTY_ISR
003eb2ff   _ECAP1_INT_ISR
003eb304   _ECAN1INTA_ISR
003eb309   _ECAN0INTA_ISR
003eb30e   _DATALOG_ISR
003eb313   _CLA1_INT8_ISR
003eb318   _CLA1_INT7_ISR
003eb31d   _CLA1_INT6_ISR
003eb322   _CLA1_INT5_ISR
003eb327   _CLA1_INT4_ISR
003eb32c   _CLA1_INT3_ISR
003eb331   _CLA1_INT2_ISR
003eb336   _CLA1_INT1_ISR
003eb33b   _ADCINT9_ISR
003eb340   _ADCINT8_ISR
003eb345   _ADCINT7_ISR
003eb34a   _ADCINT6_ISR
003eb34f   _ADCINT5_ISR
003eb354   _ADCINT4_ISR
003eb359   _ADCINT3_ISR
003eb35e   _ADCINT2_ISR
003eb363   _ADCINT1_ISR
003eb368   _XtalOscSel
003eb37c   _ServiceDog
003eb386   _IntOsc2Sel
003eb39a   _IntOsc1Sel
003eb3aa   _DisableDog
003eb3b2   _InitPll
003eb400   _InitPeripheralClocks
003eb449   _InitSysCtrl
003eb45b   _ExtOscSel
003eb473   _CsmUnlock
003eb4a1   _init_eCAN_A
003eb534   _config_eCAN_A_mbx
003eb588   _rt_OneStep
003eb5e7   _main
003eb61a   _InitLinGpio
003eb61a   _InitLinaGpio
003eb632   _InitLin
003eb632   _InitLina
003eb687   _GenIdParity
003eb6ab   FS$$SUB
003eb6b0   FS$$ADD
003eb723   _TINT0_isr
003eb790   _InitCpuTimers
003eb7cd   _ConfigCpuTimer
003eb7f2   FS$$MPY
003eb84c   _init_board
003eb890   _c_int00
003eb8d4   _enableTimer0Interrupt
003eb8dc   _disableTimer0Interrupt
003eb8ea   _configureTimer0
003eb915   _config_ADC_SOC0
003eb942   FS$$TOL
003eb96b   _InitPieCtrl
003eb98a   _EnableInterrupts
003eb993   ___memcpy_ff
003eb9b4   __args_main
003eb9cd   C$$EXIT
003eb9cd   _abort
003eb9cf   _exit
003eb9e6   _globalInterruptEnable
003eb9ea   _globalInterruptDisable
003eb9ed   _c2000_flash_init
003eb9fc   _InitPieVectTable
003eba0d   U$$TOFS
003eba1d   _memset
003eba29   __register_unlock
003eba2d   __register_lock
003eba31   __nop
003eba3a   _enable_interrupts
003eba3b   _disableWatchdog
003eba42   _PieVectTableInit
003eba42   ___etext__
003eba42   etext
003ebb42   _Rider_Controls_InHardware_M
003ebb44   _RamfuncsLoadStart
003ebb65   _RamfuncsLoadEnd
003ebb65   ___cinit__
003ebb65   cinit
003f7ff6   code_start
003f7ff8   _CsmPwl
ffffffff   ___binit__
ffffffff   ___c_args__
ffffffff   ___pinit__
ffffffff   binit
ffffffff   pinit

[237 symbols]
