******************************************************************************
             TMS320C2000 Linker PC v6.2.0                      
******************************************************************************
>> Linked Sun Mar 01 12:00:38 2015

OUTPUT FILE NAME:   <../Rider_Controls_Control_CAN_Enable.out>
ENTRY POINT SYMBOL: "_c_int00"  address: 003e905a


MEMORY CONFIGURATION

         name            origin    length      used     unused   attr    fill
----------------------  --------  ---------  --------  --------  ----  --------
PAGE 0:
  BEGINRAM              00000000   00000002  00000000  00000002  RWIX
  PRAML0_L3             00008000   00002000  00000021  00001fdf  RWIX
  OTP                   003d7800   00000400  00000000  00000400  RWIX
  FLASH                 003e8000   0000fff6  0000139a  0000ec5c  RWIX
  BEGINFLASH            003f7ff6   00000002  00000002  00000000  RWIX
  CSM_PWL               003f7ff8   00000008  00000000  00000008  RWIX
  IQTABLES              003fe000   00000b50  00000000  00000b50  RWIX
  IQTABLES2             003feb50   0000008c  00000000  0000008c  RWIX
  IQTABLES3             003febdc   000000aa  00000000  000000aa  RWIX
  BOOTROM               003ff27c   00000d44  00000000  00000d44  RWIX
  RESET                 003fffc0   00000002  00000000  00000002  RWIX
  VECTORS               003fffc2   0000003e  00000000  0000003e  RWIX

PAGE 1:
  RAMM0M1               00000002   000007fe  00000112  000006ec  RWIX
  DEV_EMU               00000880   00000105  00000004  00000101  RWIX
  SYS_PWR_CTL           00000985   00000003  00000003  00000000  RWIX
  FLASH_REGS            00000a80   00000060  00000008  00000058  RWIX
  CSM                   00000ae0   00000010  00000010  00000000  RWIX
  ADC_RESULT            00000b00   00000020  00000020  00000000  RWIX
  CPU_TIMER0            00000c00   00000008  00000008  00000000  RWIX
  CPU_TIMER1            00000c08   00000008  00000008  00000000  RWIX
  CPU_TIMER2            00000c10   00000008  00000008  00000000  RWIX
  PIE_CTRL              00000ce0   00000020  0000001a  00000006  RWIX
  PIE_VECT              00000d00   00000100  00000100  00000000  RWIX
  CLA1                  00001400   00000080  00000040  00000040  RWIX
  ECANA                 00006000   00000040  00000034  0000000c  RWIX
  ECANA_LAM             00006040   00000040  00000040  00000000  RWIX
  ECANA_MOTS            00006080   00000040  00000040  00000000  RWIX
  ECANA_MOTO            000060c0   00000040  00000040  00000000  RWIX
  ECANA_MBOX            00006100   00000100  00000100  00000000  RWIX
  COMP1                 00006400   00000020  00000014  0000000c  RWIX
  COMP2                 00006420   00000020  00000014  0000000c  RWIX
  COMP3                 00006440   00000020  00000014  0000000c  RWIX
  EPWM1                 00006800   00000040  00000040  00000000  RWIX
  EPWM2                 00006840   00000040  00000040  00000000  RWIX
  EPWM3                 00006880   00000040  00000040  00000000  RWIX
  EPWM4                 000068c0   00000040  00000040  00000000  RWIX
  EPWM5                 00006900   00000040  00000040  00000000  RWIX
  EPWM6                 00006940   00000040  00000040  00000000  RWIX
  EPWM7                 00006980   00000040  00000040  00000000  RWIX
  ECAP1                 00006a00   00000020  00000020  00000000  RWIX
  HRCAP1                00006ac0   00000020  00000020  00000000  RWIX
  HRCAP2                00006ae0   00000020  00000020  00000000  RWIX
  EQEP1                 00006b00   00000040  00000040  00000000  RWIX
  LINA                  00006c00   00000080  0000004a  00000036  RWIX
  GPIOCTRL              00006f80   00000040  00000040  00000000  RWIX
  GPIODAT               00006fc0   00000020  00000020  00000000  RWIX
  GPIOINT               00006fe0   00000020  0000000c  00000014  RWIX
  SYSTEM                00007010   00000020  00000020  00000000  RWIX
  SPIA                  00007040   00000010  00000010  00000000  RWIX
  SCIA                  00007050   00000010  00000010  00000000  RWIX
  NMIINTRUPT            00007060   00000010  00000010  00000000  RWIX
  XINTRUPT              00007070   00000010  00000010  00000000  RWIX
  ADC                   00007100   00000080  00000050  00000030  RWIX
  SPIB                  00007740   00000010  00000010  00000000  RWIX
  I2CA                  00007900   00000040  00000022  0000001e  RWIX
  PARTID                003d7e80   00000001  00000001  00000000  RWIX
  CSM_PWL               003f7ff8   00000008  00000008  00000000  RWIX


SECTION ALLOCATION MAP

 output                                  attributes/
section   page    origin      length       input sections
--------  ----  ----------  ----------   ----------------
.pinit     0    003e8000    00000000     UNINITIALIZED

.text      0    003e8000    0000123b     
                  003e8000    000006a4     Rider_Controls_Control_CAN_Enable.obj (.text)
                  003e86a4    000001a9     DSP2803x_Adc.obj (.text)
                  003e884d    0000017c     DSP2803x_DefaultIsr.obj (.text:retain)
                  003e89c9    00000139     DSP2803x_SysCtrl.obj (.text)
                  003e8b02    000000e7     MW_c28xx_can.obj (.text)
                  003e8be9    00000091     DSP2803x_Lin.obj (.text)
                  003e8c7a    00000089     Rider_Controls_Control_rtwlib.lib : Rider_Controls_Control.obj (.text)
                  003e8d03    00000083     rts2800_ml.lib : fs_div.obj (.text)
                  003e8d86    0000007a     rtwshared.lib : look1_iflf_plinlgpw.obj (.text)
                  003e8e00    00000078     rts2800_ml.lib : fs_add.obj (.text)
                  003e8e78    00000073     rtwshared.lib : rt_nonfinite.obj (.text)
                  003e8eeb    0000006d     c2803xSchedulerTimer0.obj (.text:retain)
                  003e8f58    00000062     DSP2803x_CpuTimers.obj (.text)
                  003e8fba    0000005a     rts2800_ml.lib : fs_mpy.obj (.text)
                  003e9014    00000046     ert_main.obj (.text)
                  003e905a    00000044     rts2800_ml.lib : boot.obj (.text)
                  003e909e    00000041     c2803xSchedulerTimer0.obj (.text)
                  003e90df    00000040     MW_c28xx_board.obj (.text)
                  003e911f    00000029     rts2800_ml.lib : fs_tol.obj (.text)
                  003e9148    00000028     DSP2803x_PieCtrl.obj (.text)
                  003e9170    00000021     rts2800_ml.lib : memcpy_ff.obj (.text)
                  003e9191    00000019                    : args_main.obj (.text)
                  003e91aa    00000019                    : exit.obj (.text)
                  003e91c3    00000018     rtwshared.lib : rtGetInf.obj (.text)
                  003e91db    00000017     rts2800_ml.lib : fs_cmp.obj (.text)
                  003e91f2    00000016     c2803xBoard_Realtime_Support.obj (.text)
                  003e9208    00000011     DSP2803x_PieVect.obj (.text)
                  003e9219    00000009     rts2800_ml.lib : _lock.obj (.text)
                  003e9222    00000009     rtwshared.lib : rtGetNaN.obj (.text)
                  003e922b    00000008     DSP2803x_CodeStartBranch.obj (.text)
                  003e9233    00000008     MW_c28xx_csl.obj (.text)

.econst    0    003e923c    00000120     
                  003e923c    00000100     DSP2803x_PieVect.obj (.econst)
                  003e933c    00000008     rtwshared.lib : const_params.obj (.econst:_rtCP_pooled_4sEq7SW1OOvc)
                  003e9344    00000008                   : const_params.obj (.econst:_rtCP_pooled_G5QjCU51rqED)
                  003e934c    00000006                   : const_params.obj (.econst:_rtCP_pooled_1ozRLNp3qYGp)
                  003e9352    00000006                   : const_params.obj (.econst:_rtCP_pooled_n98CE2fPWX66)
                  003e9358    00000002     Rider_Controls_Control_CAN_Enable.obj (.econst)
                  003e935a    00000002     rtwshared.lib : rtGetNaN.obj (.econst)

ramfuncs   0    003e935c    00000021     RUN ADDR = 00008000
                  003e935c    0000001d     DSP2803x_SysCtrl.obj (ramfuncs)
                  003e9379    00000004     DSP2803x_usDelay.obj (ramfuncs)

.cinit     0    003e937d    0000001e     
                  003e937d    0000000a     rts2800_ml.lib : _lock.obj (.cinit)
                  003e9387    0000000a                    : exit.obj (.cinit)
                  003e9391    00000008     ert_main.obj (.cinit)
                  003e9399    00000002     --HOLE-- [fill = 0]

codestart 
*          0    003f7ff6    00000002     
                  003f7ff6    00000002     DSP2803x_CodeStartBranch.obj (codestart)

.reset     0    003fffc0    00000002     DSECT
                  003fffc0    00000002     rts2800_ml.lib : boot.obj (.reset)

.bss       1    00000002    00000000     UNINITIALIZED

.ebss      1    00000002    000000d2     UNINITIALIZED
                  00000002    00000018     DSP2803x_CpuTimers.obj (.ebss)
                  0000001a    00000010     can_datatype_ground.obj (.ebss)
                  0000002a    0000000c     rtwshared.lib : rt_nonfinite.obj (.ebss)
                  00000036    00000006     Rider_Controls_Control_rtwlib.lib : Rider_Controls_Control.obj (.ebss)
                  0000003c    00000004     rts2800_ml.lib : _lock.obj (.ebss)
                  00000040    0000008c     Rider_Controls_Control_CAN_Enable.obj (.ebss)
                  000000cc    00000004     rts2800_ml.lib : exit.obj (.ebss)
                  000000d0    00000002     DSP2803x_Lin.obj (.ebss)
                  000000d2    00000002     ert_main.obj (.ebss)

.data      1    00000002    00000000     UNINITIALIZED

.stack     1    000000d4    00000040     UNINITIALIZED
                  000000d4    00000040     --HOLE--

DevEmuRegsFile 
*          1    00000880    00000004     UNINITIALIZED
                  00000880    00000004     DSP2803x_GlobalVariableDefs.obj (DevEmuRegsFile)

SysPwrCtrlRegsFile 
*          1    00000985    00000003     UNINITIALIZED
                  00000985    00000003     DSP2803x_GlobalVariableDefs.obj (SysPwrCtrlRegsFile)

FlashRegsFile 
*          1    00000a80    00000008     UNINITIALIZED
                  00000a80    00000008     DSP2803x_GlobalVariableDefs.obj (FlashRegsFile)

CsmRegsFile 
*          1    00000ae0    00000010     UNINITIALIZED
                  00000ae0    00000010     DSP2803x_GlobalVariableDefs.obj (CsmRegsFile)

AdcResultFile 
*          1    00000b00    00000020     UNINITIALIZED
                  00000b00    00000020     DSP2803x_GlobalVariableDefs.obj (AdcResultFile)

CpuTimer0RegsFile 
*          1    00000c00    00000008     UNINITIALIZED
                  00000c00    00000008     DSP2803x_GlobalVariableDefs.obj (CpuTimer0RegsFile)

CpuTimer1RegsFile 
*          1    00000c08    00000008     UNINITIALIZED
                  00000c08    00000008     DSP2803x_GlobalVariableDefs.obj (CpuTimer1RegsFile)

CpuTimer2RegsFile 
*          1    00000c10    00000008     UNINITIALIZED
                  00000c10    00000008     DSP2803x_GlobalVariableDefs.obj (CpuTimer2RegsFile)

PieCtrlRegsFile 
*          1    00000ce0    0000001a     UNINITIALIZED
                  00000ce0    0000001a     DSP2803x_GlobalVariableDefs.obj (PieCtrlRegsFile)

PieVectTableFile 
*          1    00000d00    00000100     UNINITIALIZED
                  00000d00    00000100     DSP2803x_GlobalVariableDefs.obj (PieVectTableFile)

EmuKeyVar 
*          1    00000d00    00000001     UNINITIALIZED
                  00000d00    00000001     DSP2803x_GlobalVariableDefs.obj (EmuKeyVar)

EmuBModeVar 
*          1    00000d01    00000001     UNINITIALIZED
                  00000d01    00000001     DSP2803x_GlobalVariableDefs.obj (EmuBModeVar)

FlashCallbackVar 
*          1    00000d02    00000002     UNINITIALIZED
                  00000d02    00000002     DSP2803x_GlobalVariableDefs.obj (FlashCallbackVar)

FlashScalingVar 
*          1    00000d04    00000002     UNINITIALIZED
                  00000d04    00000002     DSP2803x_GlobalVariableDefs.obj (FlashScalingVar)

Cla1RegsFile 
*          1    00001400    00000040     UNINITIALIZED
                  00001400    00000040     DSP2803x_GlobalVariableDefs.obj (Cla1RegsFile)

ECanaRegsFile 
*          1    00006000    00000034     UNINITIALIZED
                  00006000    00000034     DSP2803x_GlobalVariableDefs.obj (ECanaRegsFile)

ECanaLAMRegsFile 
*          1    00006040    00000040     UNINITIALIZED
                  00006040    00000040     DSP2803x_GlobalVariableDefs.obj (ECanaLAMRegsFile)

ECanaMOTSRegsFile 
*          1    00006080    00000040     UNINITIALIZED
                  00006080    00000040     DSP2803x_GlobalVariableDefs.obj (ECanaMOTSRegsFile)

ECanaMOTORegsFile 
*          1    000060c0    00000040     UNINITIALIZED
                  000060c0    00000040     DSP2803x_GlobalVariableDefs.obj (ECanaMOTORegsFile)

ECanaMboxesFile 
*          1    00006100    00000100     UNINITIALIZED
                  00006100    00000100     DSP2803x_GlobalVariableDefs.obj (ECanaMboxesFile)

Comp1RegsFile 
*          1    00006400    00000014     UNINITIALIZED
                  00006400    00000014     DSP2803x_GlobalVariableDefs.obj (Comp1RegsFile)

Comp2RegsFile 
*          1    00006420    00000014     UNINITIALIZED
                  00006420    00000014     DSP2803x_GlobalVariableDefs.obj (Comp2RegsFile)

Comp3RegsFile 
*          1    00006440    00000014     UNINITIALIZED
                  00006440    00000014     DSP2803x_GlobalVariableDefs.obj (Comp3RegsFile)

EPwm1RegsFile 
*          1    00006800    00000040     UNINITIALIZED
                  00006800    00000040     DSP2803x_GlobalVariableDefs.obj (EPwm1RegsFile)

EPwm2RegsFile 
*          1    00006840    00000040     UNINITIALIZED
                  00006840    00000040     DSP2803x_GlobalVariableDefs.obj (EPwm2RegsFile)

EPwm3RegsFile 
*          1    00006880    00000040     UNINITIALIZED
                  00006880    00000040     DSP2803x_GlobalVariableDefs.obj (EPwm3RegsFile)

EPwm4RegsFile 
*          1    000068c0    00000040     UNINITIALIZED
                  000068c0    00000040     DSP2803x_GlobalVariableDefs.obj (EPwm4RegsFile)

EPwm5RegsFile 
*          1    00006900    00000040     UNINITIALIZED
                  00006900    00000040     DSP2803x_GlobalVariableDefs.obj (EPwm5RegsFile)

EPwm6RegsFile 
*          1    00006940    00000040     UNINITIALIZED
                  00006940    00000040     DSP2803x_GlobalVariableDefs.obj (EPwm6RegsFile)

EPwm7RegsFile 
*          1    00006980    00000040     UNINITIALIZED
                  00006980    00000040     DSP2803x_GlobalVariableDefs.obj (EPwm7RegsFile)

ECap1RegsFile 
*          1    00006a00    00000020     UNINITIALIZED
                  00006a00    00000020     DSP2803x_GlobalVariableDefs.obj (ECap1RegsFile)

HRCap1RegsFile 
*          1    00006ac0    00000020     UNINITIALIZED
                  00006ac0    00000020     DSP2803x_GlobalVariableDefs.obj (HRCap1RegsFile)

HRCap2RegsFile 
*          1    00006ae0    00000020     UNINITIALIZED
                  00006ae0    00000020     DSP2803x_GlobalVariableDefs.obj (HRCap2RegsFile)

EQep1RegsFile 
*          1    00006b00    00000040     UNINITIALIZED
                  00006b00    00000040     DSP2803x_GlobalVariableDefs.obj (EQep1RegsFile)

LinaRegsFile 
*          1    00006c00    0000004a     UNINITIALIZED
                  00006c00    0000004a     DSP2803x_GlobalVariableDefs.obj (LinaRegsFile)

GpioCtrlRegsFile 
*          1    00006f80    00000040     UNINITIALIZED
                  00006f80    00000040     DSP2803x_GlobalVariableDefs.obj (GpioCtrlRegsFile)

GpioDataRegsFile 
*          1    00006fc0    00000020     UNINITIALIZED
                  00006fc0    00000020     DSP2803x_GlobalVariableDefs.obj (GpioDataRegsFile)

GpioIntRegsFile 
*          1    00006fe0    0000000c     UNINITIALIZED
                  00006fe0    0000000c     DSP2803x_GlobalVariableDefs.obj (GpioIntRegsFile)

SysCtrlRegsFile 
*          1    00007010    00000020     UNINITIALIZED
                  00007010    00000020     DSP2803x_GlobalVariableDefs.obj (SysCtrlRegsFile)

SpiaRegsFile 
*          1    00007040    00000010     UNINITIALIZED
                  00007040    00000010     DSP2803x_GlobalVariableDefs.obj (SpiaRegsFile)

SciaRegsFile 
*          1    00007050    00000010     UNINITIALIZED
                  00007050    00000010     DSP2803x_GlobalVariableDefs.obj (SciaRegsFile)

NmiIntruptRegsFile 
*          1    00007060    00000010     UNINITIALIZED
                  00007060    00000010     DSP2803x_GlobalVariableDefs.obj (NmiIntruptRegsFile)

XIntruptRegsFile 
*          1    00007070    00000010     UNINITIALIZED
                  00007070    00000010     DSP2803x_GlobalVariableDefs.obj (XIntruptRegsFile)

AdcRegsFile 
*          1    00007100    00000050     UNINITIALIZED
                  00007100    00000050     DSP2803x_GlobalVariableDefs.obj (AdcRegsFile)

SpibRegsFile 
*          1    00007740    00000010     UNINITIALIZED
                  00007740    00000010     DSP2803x_GlobalVariableDefs.obj (SpibRegsFile)

I2caRegsFile 
*          1    00007900    00000022     UNINITIALIZED
                  00007900    00000022     DSP2803x_GlobalVariableDefs.obj (I2caRegsFile)

PartIdRegsFile 
*          1    003d7e80    00000001     UNINITIALIZED
                  003d7e80    00000001     DSP2803x_GlobalVariableDefs.obj (PartIdRegsFile)

CsmPwlFile 
*          1    003f7ff8    00000008     UNINITIALIZED
                  003f7ff8    00000008     DSP2803x_GlobalVariableDefs.obj (CsmPwlFile)


GLOBAL DATA SYMBOLS: SORTED BY DATA PAGE

address     data page           name
--------    ----------------    ----
00000002       0 (00000000)     _CpuTimer1
0000000a       0 (00000000)     _CpuTimer2
00000012       0 (00000000)     _CpuTimer0
0000001a       0 (00000000)     _CAN_DATATYPE_GROUND
0000002a       0 (00000000)     _rtMinusInf
0000002c       0 (00000000)     _rtInf
0000002e       0 (00000000)     _rtNaN
00000030       0 (00000000)     _rtMinusInfF
00000032       0 (00000000)     _rtInfF
00000034       0 (00000000)     _rtNaNF
00000036       0 (00000000)     _Rider_Controls_Cont_MdlrefDWork
00000038       0 (00000000)     _Rider_Controls_Control_DWork
0000003c       0 (00000000)     __unlock
0000003e       0 (00000000)     __lock

00000040       1 (00000040)     _Rider_Controls_Control_CAN_E_M_
00000042       1 (00000040)     _Rider_Controls_Control_CA_DWork

00000080       2 (00000080)     _Rider_Controls_Control_CAN_En_B

000000cc       3 (000000c0)     ___TI_cleanup_ptr
000000ce       3 (000000c0)     ___TI_dtors_ptr
000000d0       3 (000000c0)     _P1
000000d1       3 (000000c0)     _P0
000000d2       3 (000000c0)     _IsrOverrun
000000d4       3 (000000c0)     __stack

00000880      22 (00000880)     _DevEmuRegs

00000985      26 (00000980)     _SysPwrCtrlRegs

00000a80      2a (00000a80)     _FlashRegs

00000ae0      2b (00000ac0)     _CsmRegs

00000b00      2c (00000b00)     _AdcResult

00000c00      30 (00000c00)     _CpuTimer0Regs
00000c08      30 (00000c00)     _CpuTimer1Regs
00000c10      30 (00000c00)     _CpuTimer2Regs

00000ce0      33 (00000cc0)     _PieCtrlRegs

00000d00      34 (00000d00)     _EmuKey
00000d00      34 (00000d00)     _PieVectTable
00000d01      34 (00000d00)     _EmuBMode
00000d02      34 (00000d00)     _Flash_CallbackPtr
00000d04      34 (00000d00)     _Flash_CPUScaleFactor

00001400      50 (00001400)     _Cla1Regs

00006000     180 (00006000)     _ECanaRegs

00006040     181 (00006040)     _ECanaLAMRegs

00006080     182 (00006080)     _ECanaMOTSRegs

000060c0     183 (000060c0)     _ECanaMOTORegs

00006100     184 (00006100)     _ECanaMboxes

00006400     190 (00006400)     _Comp1Regs
00006420     190 (00006400)     _Comp2Regs

00006440     191 (00006440)     _Comp3Regs

00006800     1a0 (00006800)     _EPwm1Regs

00006840     1a1 (00006840)     _EPwm2Regs

00006880     1a2 (00006880)     _EPwm3Regs

000068c0     1a3 (000068c0)     _EPwm4Regs

00006900     1a4 (00006900)     _EPwm5Regs

00006940     1a5 (00006940)     _EPwm6Regs

00006980     1a6 (00006980)     _EPwm7Regs

00006a00     1a8 (00006a00)     _ECap1Regs

00006ac0     1ab (00006ac0)     _HRCap1Regs
00006ae0     1ab (00006ac0)     _HRCap2Regs

00006b00     1ac (00006b00)     _EQep1Regs

00006c00     1b0 (00006c00)     _LinaRegs

00006f80     1be (00006f80)     _GpioCtrlRegs

00006fc0     1bf (00006fc0)     _GpioDataRegs
00006fe0     1bf (00006fc0)     _GpioIntRegs

00007010     1c0 (00007000)     _SysCtrlRegs

00007040     1c1 (00007040)     _SpiaRegs
00007050     1c1 (00007040)     _SciaRegs
00007060     1c1 (00007040)     _NmiIntruptRegs
00007070     1c1 (00007040)     _XIntruptRegs

00007100     1c4 (00007100)     _AdcRegs

00007740     1dd (00007740)     _SpibRegs

00007900     1e4 (00007900)     _I2caRegs

003d7e80    f5fa (003d7e80)     _PartIdRegs

003e923c    fa48 (003e9200)     _PieVectTableInit

003e933c    fa4c (003e9300)     _rtCP_pooled_4sEq7SW1OOvc

003e9344    fa4d (003e9340)     _rtCP_pooled_G5QjCU51rqED
003e934c    fa4d (003e9340)     _rtCP_pooled_1ozRLNp3qYGp
003e9352    fa4d (003e9340)     _rtCP_pooled_n98CE2fPWX66
003e9358    fa4d (003e9340)     _Rider_Controls_Control_CAN_E_M

003f7ff8    fdff (003f7fc0)     _CsmPwl


GLOBAL SYMBOLS: SORTED ALPHABETICALLY BY Name 

address    name
--------   ----
00000002   .bss
00000002   .data
003e8000   .text
003e91aa   C$$EXIT
003e8e05   FS$$ADD
003e91db   FS$$CMP
003e8d03   FS$$DIV
003e8fba   FS$$MPY
003e8e00   FS$$SUB
003e911f   FS$$TOL
003e89c4   _ADCINT1_ISR
003e89bf   _ADCINT2_ISR
003e89ba   _ADCINT3_ISR
003e89b5   _ADCINT4_ISR
003e89b0   _ADCINT5_ISR
003e89ab   _ADCINT6_ISR
003e89a6   _ADCINT7_ISR
003e89a1   _ADCINT8_ISR
003e899c   _ADCINT9_ISR
003e86e8   _AdcChanSelect
003e8740   _AdcConversion
003e8828   _AdcOffsetSelfCal
00007100   _AdcRegs
00000b00   _AdcResult
0000001a   _CAN_DATATYPE_GROUND
003e8997   _CLA1_INT1_ISR
003e8992   _CLA1_INT2_ISR
003e898d   _CLA1_INT3_ISR
003e8988   _CLA1_INT4_ISR
003e8983   _CLA1_INT5_ISR
003e897e   _CLA1_INT6_ISR
003e8979   _CLA1_INT7_ISR
003e8974   _CLA1_INT8_ISR
00001400   _Cla1Regs
00006400   _Comp1Regs
00006420   _Comp2Regs
00006440   _Comp3Regs
003e8f95   _ConfigCpuTimer
00000012   _CpuTimer0
00000c00   _CpuTimer0Regs
00000002   _CpuTimer1
00000c08   _CpuTimer1Regs
0000000a   _CpuTimer2
00000c10   _CpuTimer2Regs
003f7ff8   _CsmPwl
00000ae0   _CsmRegs
003e8ad4   _CsmUnlock
003e896f   _DATALOG_ISR
0000801d   _DSP28x_usDelay
00000880   _DevEmuRegs
003e8a0b   _DisableDog
003e896a   _ECAN0INTA_ISR
003e8965   _ECAN1INTA_ISR
003e8960   _ECAP1_INT_ISR
00006040   _ECanaLAMRegs
000060c0   _ECanaMOTORegs
00006080   _ECanaMOTSRegs
00006100   _ECanaMboxes
00006000   _ECanaRegs
00006a00   _ECap1Regs
003e895b   _EMPTY_ISR
003e8956   _EMUINT_ISR
003e8951   _EPWM1_INT_ISR
003e894c   _EPWM1_TZINT_ISR
003e8947   _EPWM2_INT_ISR
003e8942   _EPWM2_TZINT_ISR
003e893d   _EPWM3_INT_ISR
003e8938   _EPWM3_TZINT_ISR
003e8933   _EPWM4_INT_ISR
003e892e   _EPWM4_TZINT_ISR
003e8929   _EPWM5_INT_ISR
003e8924   _EPWM5_TZINT_ISR
003e891f   _EPWM6_INT_ISR
003e891a   _EPWM6_TZINT_ISR
003e8915   _EPWM7_INT_ISR
003e8910   _EPWM7_TZINT_ISR
00006800   _EPwm1Regs
00006840   _EPwm2Regs
00006880   _EPwm3Regs
000068c0   _EPwm4Regs
00006900   _EPwm5Regs
00006940   _EPwm6Regs
00006980   _EPwm7Regs
003e890b   _EQEP1_INT_ISR
00006b00   _EQep1Regs
00000d01   _EmuBMode
00000d00   _EmuKey
003e9167   _EnableInterrupts
003e8abc   _ExtOscSel
00000a80   _FlashRegs
00000d04   _Flash_CPUScaleFactor
00000d02   _Flash_CallbackPtr
003e8c56   _GenIdParity
00006f80   _GpioCtrlRegs
00006fc0   _GpioDataRegs
00006fe0   _GpioIntRegs
003e8906   _HRCAP1_INT_ISR
003e8901   _HRCAP2_INT_ISR
00006ac0   _HRCap1Regs
00006ae0   _HRCap2Regs
003e88fc   _I2CINT1A_ISR
003e88f7   _I2CINT2A_ISR
00007900   _I2caRegs
003e88f2   _ILLEGAL_ISR
003e88ed   _INT13_ISR
003e88e8   _INT14_ISR
003e86ca   _InitAdc
003e86a4   _InitAdcAio
003e8f58   _InitCpuTimers
00008000   _InitFlash
003e8c01   _InitLin
003e8be9   _InitLinGpio
003e8c01   _InitLina
003e8be9   _InitLinaGpio
003e8a61   _InitPeripheralClocks
003e9148   _InitPieCtrl
003e9208   _InitPieVectTable
003e8a13   _InitPll
003e8aaa   _InitSysCtrl
003e89fb   _IntOsc1Sel
003e89e7   _IntOsc2Sel
000000d2   _IsrOverrun
003e88e3   _LIN0INTA_ISR
003e88de   _LIN1INTA_ISR
003e88d9   _LUF_ISR
003e88d4   _LVF_ISR
00006c00   _LinaRegs
003e88cf   _NMI_ISR
00007060   _NmiIntruptRegs
000000d1   _P0
000000d0   _P1
003e88ca   _PIE_RESERVED
003d7e80   _PartIdRegs
00000ce0   _PieCtrlRegs
00000d00   _PieVectTable
003e923c   _PieVectTableInit
003e88c5   _RTOSINT_ISR
003e937d   _RamfuncsLoadEnd
003e935c   _RamfuncsLoadStart
00008000   _RamfuncsRunStart
00000036   _Rider_Controls_Cont_MdlrefDWork
003e8cf5   _Rider_Controls_Contr_initialize
003e8c7a   _Rider_Controls_Control
003e9358   _Rider_Controls_Control_CAN_E_M
00000040   _Rider_Controls_Control_CAN_E_M_
00000080   _Rider_Controls_Control_CAN_En_B
003e862b   _Rider_Controls_Control_CAN_Enable_initialize
003e8001   _Rider_Controls_Control_CAN_Enable_step
003e8000   _Rider_Controls_Control_CAN_Enable_terminate
00000042   _Rider_Controls_Control_CA_DWork
00000038   _Rider_Controls_Control_DWork
003e88c0   _SCIRXINTA_ISR
003e88bb   _SCITXINTA_ISR
003e88b6   _SPIRXINTA_ISR
003e88b1   _SPIRXINTB_ISR
003e88ac   _SPITXINTA_ISR
003e88a7   _SPITXINTB_ISR
00007050   _SciaRegs
003e89dd   _ServiceDog
00007040   _SpiaRegs
00007740   _SpibRegs
00007010   _SysCtrlRegs
00000985   _SysPwrCtrlRegs
003e88a2   _TINT0_ISR
003e8eeb   _TINT0_isr
003e889d   _USER10_ISR
003e8898   _USER11_ISR
003e8893   _USER12_ISR
003e888e   _USER1_ISR
003e8889   _USER2_ISR
003e8884   _USER3_ISR
003e887f   _USER4_ISR
003e887a   _USER5_ISR
003e8875   _USER6_ISR
003e8870   _USER7_ISR
003e886b   _USER8_ISR
003e8866   _USER9_ISR
003e8861   _WAKEINT_ISR
003e885c   _XINT1_ISR
003e8857   _XINT2_ISR
003e8852   _XINT3_ISR
00007070   _XIntruptRegs
003e89c9   _XtalOscSel
00000114   __STACK_END
00000040   __STACK_SIZE
00000001   __TI_args_main
000000cc   ___TI_cleanup_ptr
000000ce   ___TI_dtors_ptr
ffffffff   ___binit__
00000002   ___bss__
ffffffff   ___c_args__
003e937d   ___cinit__
00000002   ___data__
00000002   ___edata__
00000002   ___end__
003e923b   ___etext__
003e9170   ___memcpy_ff
ffffffff   ___pinit__
003e8000   ___text__
003e9191   __args_main
0000003e   __lock
003e9221   __nop
003e921d   __register_lock
003e9219   __register_unlock
000000d4   __stack
0000003c   __unlock
003e91aa   _abort
003e91f9   _c2000_flash_init
003e905a   _c_int00
003e8b95   _config_eCAN_A_mbx
003e90b4   _configureTimer0
003e90a6   _disableTimer0Interrupt
003e9234   _disableWatchdog
003e909e   _enableTimer0Interrupt
003e9233   _enable_interrupts
003e91ac   _exit
003e91f6   _globalInterruptDisable
003e91f2   _globalInterruptEnable
003e90df   _init_board
003e8b02   _init_eCAN_A
003e8d86   _look1_iflf_plinlgpw
003e9027   _main
003e884d   _rsvd_ISR
003e934c   _rtCP_pooled_1ozRLNp3qYGp
003e933c   _rtCP_pooled_4sEq7SW1OOvc
003e9344   _rtCP_pooled_G5QjCU51rqED
003e9352   _rtCP_pooled_n98CE2fPWX66
003e91d6   _rtGetInf
003e91cf   _rtGetInfF
003e91ca   _rtGetMinusInf
003e91c3   _rtGetMinusInfF
003e9226   _rtGetNaN
003e9222   _rtGetNaNF
0000002c   _rtInf
00000032   _rtInfF
003e8ece   _rtIsInf
003e8eb1   _rtIsInfF
003e8ea4   _rtIsNaN
003e8e97   _rtIsNaNF
0000002a   _rtMinusInf
00000030   _rtMinusInfF
0000002e   _rtNaN
00000034   _rtNaNF
003e8e78   _rt_InitInfAndNaN
003e9014   _rt_OneStep
ffffffff   binit
003e937d   cinit
003f7ff6   code_start
00000002   edata
00000002   end
003e923b   etext
ffffffff   pinit


GLOBAL SYMBOLS: SORTED BY Symbol Address 

address    name
--------   ----
00000001   __TI_args_main
00000002   .bss
00000002   .data
00000002   _CpuTimer1
00000002   ___bss__
00000002   ___data__
00000002   ___edata__
00000002   ___end__
00000002   edata
00000002   end
0000000a   _CpuTimer2
00000012   _CpuTimer0
0000001a   _CAN_DATATYPE_GROUND
0000002a   _rtMinusInf
0000002c   _rtInf
0000002e   _rtNaN
00000030   _rtMinusInfF
00000032   _rtInfF
00000034   _rtNaNF
00000036   _Rider_Controls_Cont_MdlrefDWork
00000038   _Rider_Controls_Control_DWork
0000003c   __unlock
0000003e   __lock
00000040   _Rider_Controls_Control_CAN_E_M_
00000040   __STACK_SIZE
00000042   _Rider_Controls_Control_CA_DWork
00000080   _Rider_Controls_Control_CAN_En_B
000000cc   ___TI_cleanup_ptr
000000ce   ___TI_dtors_ptr
000000d0   _P1
000000d1   _P0
000000d2   _IsrOverrun
000000d4   __stack
00000114   __STACK_END
00000880   _DevEmuRegs
00000985   _SysPwrCtrlRegs
00000a80   _FlashRegs
00000ae0   _CsmRegs
00000b00   _AdcResult
00000c00   _CpuTimer0Regs
00000c08   _CpuTimer1Regs
00000c10   _CpuTimer2Regs
00000ce0   _PieCtrlRegs
00000d00   _EmuKey
00000d00   _PieVectTable
00000d01   _EmuBMode
00000d02   _Flash_CallbackPtr
00000d04   _Flash_CPUScaleFactor
00001400   _Cla1Regs
00006000   _ECanaRegs
00006040   _ECanaLAMRegs
00006080   _ECanaMOTSRegs
000060c0   _ECanaMOTORegs
00006100   _ECanaMboxes
00006400   _Comp1Regs
00006420   _Comp2Regs
00006440   _Comp3Regs
00006800   _EPwm1Regs
00006840   _EPwm2Regs
00006880   _EPwm3Regs
000068c0   _EPwm4Regs
00006900   _EPwm5Regs
00006940   _EPwm6Regs
00006980   _EPwm7Regs
00006a00   _ECap1Regs
00006ac0   _HRCap1Regs
00006ae0   _HRCap2Regs
00006b00   _EQep1Regs
00006c00   _LinaRegs
00006f80   _GpioCtrlRegs
00006fc0   _GpioDataRegs
00006fe0   _GpioIntRegs
00007010   _SysCtrlRegs
00007040   _SpiaRegs
00007050   _SciaRegs
00007060   _NmiIntruptRegs
00007070   _XIntruptRegs
00007100   _AdcRegs
00007740   _SpibRegs
00007900   _I2caRegs
00008000   _InitFlash
00008000   _RamfuncsRunStart
0000801d   _DSP28x_usDelay
003d7e80   _PartIdRegs
003e8000   .text
003e8000   _Rider_Controls_Control_CAN_Enable_terminate
003e8000   ___text__
003e8001   _Rider_Controls_Control_CAN_Enable_step
003e862b   _Rider_Controls_Control_CAN_Enable_initialize
003e86a4   _InitAdcAio
003e86ca   _InitAdc
003e86e8   _AdcChanSelect
003e8740   _AdcConversion
003e8828   _AdcOffsetSelfCal
003e884d   _rsvd_ISR
003e8852   _XINT3_ISR
003e8857   _XINT2_ISR
003e885c   _XINT1_ISR
003e8861   _WAKEINT_ISR
003e8866   _USER9_ISR
003e886b   _USER8_ISR
003e8870   _USER7_ISR
003e8875   _USER6_ISR
003e887a   _USER5_ISR
003e887f   _USER4_ISR
003e8884   _USER3_ISR
003e8889   _USER2_ISR
003e888e   _USER1_ISR
003e8893   _USER12_ISR
003e8898   _USER11_ISR
003e889d   _USER10_ISR
003e88a2   _TINT0_ISR
003e88a7   _SPITXINTB_ISR
003e88ac   _SPITXINTA_ISR
003e88b1   _SPIRXINTB_ISR
003e88b6   _SPIRXINTA_ISR
003e88bb   _SCITXINTA_ISR
003e88c0   _SCIRXINTA_ISR
003e88c5   _RTOSINT_ISR
003e88ca   _PIE_RESERVED
003e88cf   _NMI_ISR
003e88d4   _LVF_ISR
003e88d9   _LUF_ISR
003e88de   _LIN1INTA_ISR
003e88e3   _LIN0INTA_ISR
003e88e8   _INT14_ISR
003e88ed   _INT13_ISR
003e88f2   _ILLEGAL_ISR
003e88f7   _I2CINT2A_ISR
003e88fc   _I2CINT1A_ISR
003e8901   _HRCAP2_INT_ISR
003e8906   _HRCAP1_INT_ISR
003e890b   _EQEP1_INT_ISR
003e8910   _EPWM7_TZINT_ISR
003e8915   _EPWM7_INT_ISR
003e891a   _EPWM6_TZINT_ISR
003e891f   _EPWM6_INT_ISR
003e8924   _EPWM5_TZINT_ISR
003e8929   _EPWM5_INT_ISR
003e892e   _EPWM4_TZINT_ISR
003e8933   _EPWM4_INT_ISR
003e8938   _EPWM3_TZINT_ISR
003e893d   _EPWM3_INT_ISR
003e8942   _EPWM2_TZINT_ISR
003e8947   _EPWM2_INT_ISR
003e894c   _EPWM1_TZINT_ISR
003e8951   _EPWM1_INT_ISR
003e8956   _EMUINT_ISR
003e895b   _EMPTY_ISR
003e8960   _ECAP1_INT_ISR
003e8965   _ECAN1INTA_ISR
003e896a   _ECAN0INTA_ISR
003e896f   _DATALOG_ISR
003e8974   _CLA1_INT8_ISR
003e8979   _CLA1_INT7_ISR
003e897e   _CLA1_INT6_ISR
003e8983   _CLA1_INT5_ISR
003e8988   _CLA1_INT4_ISR
003e898d   _CLA1_INT3_ISR
003e8992   _CLA1_INT2_ISR
003e8997   _CLA1_INT1_ISR
003e899c   _ADCINT9_ISR
003e89a1   _ADCINT8_ISR
003e89a6   _ADCINT7_ISR
003e89ab   _ADCINT6_ISR
003e89b0   _ADCINT5_ISR
003e89b5   _ADCINT4_ISR
003e89ba   _ADCINT3_ISR
003e89bf   _ADCINT2_ISR
003e89c4   _ADCINT1_ISR
003e89c9   _XtalOscSel
003e89dd   _ServiceDog
003e89e7   _IntOsc2Sel
003e89fb   _IntOsc1Sel
003e8a0b   _DisableDog
003e8a13   _InitPll
003e8a61   _InitPeripheralClocks
003e8aaa   _InitSysCtrl
003e8abc   _ExtOscSel
003e8ad4   _CsmUnlock
003e8b02   _init_eCAN_A
003e8b95   _config_eCAN_A_mbx
003e8be9   _InitLinGpio
003e8be9   _InitLinaGpio
003e8c01   _InitLin
003e8c01   _InitLina
003e8c56   _GenIdParity
003e8c7a   _Rider_Controls_Control
003e8cf5   _Rider_Controls_Contr_initialize
003e8d03   FS$$DIV
003e8d86   _look1_iflf_plinlgpw
003e8e00   FS$$SUB
003e8e05   FS$$ADD
003e8e78   _rt_InitInfAndNaN
003e8e97   _rtIsNaNF
003e8ea4   _rtIsNaN
003e8eb1   _rtIsInfF
003e8ece   _rtIsInf
003e8eeb   _TINT0_isr
003e8f58   _InitCpuTimers
003e8f95   _ConfigCpuTimer
003e8fba   FS$$MPY
003e9014   _rt_OneStep
003e9027   _main
003e905a   _c_int00
003e909e   _enableTimer0Interrupt
003e90a6   _disableTimer0Interrupt
003e90b4   _configureTimer0
003e90df   _init_board
003e911f   FS$$TOL
003e9148   _InitPieCtrl
003e9167   _EnableInterrupts
003e9170   ___memcpy_ff
003e9191   __args_main
003e91aa   C$$EXIT
003e91aa   _abort
003e91ac   _exit
003e91c3   _rtGetMinusInfF
003e91ca   _rtGetMinusInf
003e91cf   _rtGetInfF
003e91d6   _rtGetInf
003e91db   FS$$CMP
003e91f2   _globalInterruptEnable
003e91f6   _globalInterruptDisable
003e91f9   _c2000_flash_init
003e9208   _InitPieVectTable
003e9219   __register_unlock
003e921d   __register_lock
003e9221   __nop
003e9222   _rtGetNaNF
003e9226   _rtGetNaN
003e9233   _enable_interrupts
003e9234   _disableWatchdog
003e923b   ___etext__
003e923b   etext
003e923c   _PieVectTableInit
003e933c   _rtCP_pooled_4sEq7SW1OOvc
003e9344   _rtCP_pooled_G5QjCU51rqED
003e934c   _rtCP_pooled_1ozRLNp3qYGp
003e9352   _rtCP_pooled_n98CE2fPWX66
003e9358   _Rider_Controls_Control_CAN_E_M
003e935c   _RamfuncsLoadStart
003e937d   _RamfuncsLoadEnd
003e937d   ___cinit__
003e937d   cinit
003f7ff6   code_start
003f7ff8   _CsmPwl
ffffffff   ___binit__
ffffffff   ___c_args__
ffffffff   ___pinit__
ffffffff   binit
ffffffff   pinit

[252 symbols]
