******************************************************************************
             TMS320C2000 Linker PC v6.2.0                      
******************************************************************************
>> Linked Tue Mar 31 22:03:11 2015

OUTPUT FILE NAME:   <../Rider_Controls_Control_CAN_Enable.out>
ENTRY POINT SYMBOL: "_c_int00"  address: 003e95d8


MEMORY CONFIGURATION

         name            origin    length      used     unused   attr    fill
----------------------  --------  ---------  --------  --------  ----  --------
PAGE 0:
  BEGINRAM              00000000   00000002  00000000  00000002  RWIX
  PRAML0_L3             00008000   00002000  00000021  00001fdf  RWIX
  OTP                   003d7800   00000400  00000000  00000400  RWIX
  FLASH                 003e8000   0000fff6  0000198b  0000e66b  RWIX
  BEGINFLASH            003f7ff6   00000002  00000002  00000000  RWIX
  CSM_PWL               003f7ff8   00000008  00000000  00000008  RWIX
  IQTABLES              003fe000   00000b50  00000000  00000b50  RWIX
  IQTABLES2             003feb50   0000008c  00000000  0000008c  RWIX
  IQTABLES3             003febdc   000000aa  00000000  000000aa  RWIX
  BOOTROM               003ff27c   00000d44  00000000  00000d44  RWIX
  RESET                 003fffc0   00000002  00000000  00000002  RWIX
  VECTORS               003fffc2   0000003e  00000000  0000003e  RWIX

PAGE 1:
  RAMM0M1               00000002   000007fe  0000014e  000006b0  RWIX
  DEV_EMU               00000880   00000105  00000004  00000101  RWIX
  SYS_PWR_CTL           00000985   00000003  00000003  00000000  RWIX
  FLASH_REGS            00000a80   00000060  00000008  00000058  RWIX
  CSM                   00000ae0   00000010  00000010  00000000  RWIX
  ADC_RESULT            00000b00   00000020  00000020  00000000  RWIX
  CPU_TIMER0            00000c00   00000008  00000008  00000000  RWIX
  CPU_TIMER1            00000c08   00000008  00000008  00000000  RWIX
  CPU_TIMER2            00000c10   00000008  00000008  00000000  RWIX
  PIE_CTRL              00000ce0   00000020  0000001a  00000006  RWIX
  PIE_VECT              00000d00   00000100  00000100  00000000  RWIX
  CLA1                  00001400   00000080  00000040  00000040  RWIX
  ECANA                 00006000   00000040  00000034  0000000c  RWIX
  ECANA_LAM             00006040   00000040  00000040  00000000  RWIX
  ECANA_MOTS            00006080   00000040  00000040  00000000  RWIX
  ECANA_MOTO            000060c0   00000040  00000040  00000000  RWIX
  ECANA_MBOX            00006100   00000100  00000100  00000000  RWIX
  COMP1                 00006400   00000020  00000014  0000000c  RWIX
  COMP2                 00006420   00000020  00000014  0000000c  RWIX
  COMP3                 00006440   00000020  00000014  0000000c  RWIX
  EPWM1                 00006800   00000040  00000040  00000000  RWIX
  EPWM2                 00006840   00000040  00000040  00000000  RWIX
  EPWM3                 00006880   00000040  00000040  00000000  RWIX
  EPWM4                 000068c0   00000040  00000040  00000000  RWIX
  EPWM5                 00006900   00000040  00000040  00000000  RWIX
  EPWM6                 00006940   00000040  00000040  00000000  RWIX
  EPWM7                 00006980   00000040  00000040  00000000  RWIX
  ECAP1                 00006a00   00000020  00000020  00000000  RWIX
  HRCAP1                00006ac0   00000020  00000020  00000000  RWIX
  HRCAP2                00006ae0   00000020  00000020  00000000  RWIX
  EQEP1                 00006b00   00000040  00000040  00000000  RWIX
  LINA                  00006c00   00000080  0000004a  00000036  RWIX
  GPIOCTRL              00006f80   00000040  00000040  00000000  RWIX
  GPIODAT               00006fc0   00000020  00000020  00000000  RWIX
  GPIOINT               00006fe0   00000020  0000000c  00000014  RWIX
  SYSTEM                00007010   00000020  00000020  00000000  RWIX
  SPIA                  00007040   00000010  00000010  00000000  RWIX
  SCIA                  00007050   00000010  00000010  00000000  RWIX
  NMIINTRUPT            00007060   00000010  00000010  00000000  RWIX
  XINTRUPT              00007070   00000010  00000010  00000000  RWIX
  ADC                   00007100   00000080  00000050  00000030  RWIX
  SPIB                  00007740   00000010  00000010  00000000  RWIX
  I2CA                  00007900   00000040  00000022  0000001e  RWIX
  PARTID                003d7e80   00000001  00000001  00000000  RWIX
  CSM_PWL               003f7ff8   00000008  00000008  00000000  RWIX


SECTION ALLOCATION MAP

 output                                  attributes/
section   page    origin      length       input sections
--------  ----  ----------  ----------   ----------------
.pinit     0    003e8000    00000000     UNINITIALIZED

.text      0    003e8000    000017cc     
                  003e8000    00000909     Rider_Controls_Control_CAN_Enable.obj (.text)
                  003e8909    00000382     Rider_Controls_Control_rtwlib.lib : Rider_Controls_Control.obj (.text)
                  003e8c8b    000001a9     DSP2803x_Adc.obj (.text)
                  003e8e34    0000017c     DSP2803x_DefaultIsr.obj (.text:retain)
                  003e8fb0    00000139     DSP2803x_SysCtrl.obj (.text)
                  003e90e9    000000e7     MW_c28xx_can.obj (.text)
                  003e91d0    00000091     DSP2803x_Lin.obj (.text)
                  003e9261    00000083     rts2800_ml.lib : fs_div.obj (.text)
                  003e92e4    0000007a     rtwshared.lib : look1_iflf_plinlgpw.obj (.text)
                  003e935e    00000078     rts2800_ml.lib : fs_add.obj (.text)
                  003e93d6    00000073     rtwshared.lib : rt_nonfinite.obj (.text)
                  003e9449    0000006d     c2803xSchedulerTimer0.obj (.text:retain)
                  003e94b6    00000066     ert_main.obj (.text)
                  003e951c    00000062     DSP2803x_CpuTimers.obj (.text)
                  003e957e    0000005a     rts2800_ml.lib : fs_mpy.obj (.text)
                  003e95d8    00000044                    : boot.obj (.text)
                  003e961c    00000041     c2803xSchedulerTimer0.obj (.text)
                  003e965d    00000040     MW_c28xx_board.obj (.text)
                  003e969d    00000029     rts2800_ml.lib : fs_tol.obj (.text)
                  003e96c6    00000028     DSP2803x_PieCtrl.obj (.text)
                  003e96ee    00000021     rts2800_ml.lib : memcpy_ff.obj (.text)
                  003e970f    00000019                    : args_main.obj (.text)
                  003e9728    00000019                    : exit.obj (.text)
                  003e9741    00000018     rtwshared.lib : rtGetInf.obj (.text)
                  003e9759    00000017     rts2800_ml.lib : fs_cmp.obj (.text)
                  003e9770    00000016     c2803xBoard_Realtime_Support.obj (.text)
                  003e9786    00000013     rts2800_ml.lib : ul_tofs.obj (.text)
                  003e9799    00000011     DSP2803x_PieVect.obj (.text)
                  003e97aa    00000009     rts2800_ml.lib : _lock.obj (.text)
                  003e97b3    00000009     rtwshared.lib : rtGetNaN.obj (.text)
                  003e97bc    00000008     DSP2803x_CodeStartBranch.obj (.text)
                  003e97c4    00000008     MW_c28xx_csl.obj (.text)

.econst    0    003e97cc    0000017a     
                  003e97cc    00000100     DSP2803x_PieVect.obj (.econst)
                  003e98cc    00000050     rtwshared.lib : const_params.obj (.econst:_rtCP_pooled_7gWwqL6AKzQN)
                  003e991c    0000000a                   : const_params.obj (.econst:_rtCP_pooled_W8JaF1peqnCU)
                  003e9926    0000000a                   : const_params.obj (.econst:_rtCP_pooled_kXF479Tr1zzv)
                  003e9930    00000008                   : const_params.obj (.econst:_rtCP_pooled_4sEq7SW1OOvc)
                  003e9938    00000008                   : const_params.obj (.econst:_rtCP_pooled_qgZrQ0kJRiEc)
                  003e9940    00000004     Rider_Controls_Control_CAN_Enable.obj (.econst)
                  003e9944    00000002     rtwshared.lib : rtGetNaN.obj (.econst)

ramfuncs   0    003e9946    00000021     RUN ADDR = 00008000
                  003e9946    0000001d     DSP2803x_SysCtrl.obj (ramfuncs)
                  003e9963    00000004     DSP2803x_usDelay.obj (ramfuncs)

.cinit     0    003e9967    00000024     
                  003e9967    0000000e     ert_main.obj (.cinit)
                  003e9975    0000000a     rts2800_ml.lib : _lock.obj (.cinit)
                  003e997f    0000000a                    : exit.obj (.cinit)
                  003e9989    00000002     --HOLE-- [fill = 0]

codestart 
*          0    003f7ff6    00000002     
                  003f7ff6    00000002     DSP2803x_CodeStartBranch.obj (codestart)

.reset     0    003fffc0    00000002     DSECT
                  003fffc0    00000002     rts2800_ml.lib : boot.obj (.reset)

.bss       1    00000002    00000000     UNINITIALIZED

.ebss      1    00000002    0000010e     UNINITIALIZED
                  00000002    00000018     DSP2803x_CpuTimers.obj (.ebss)
                  0000001a    00000010     can_datatype_ground.obj (.ebss)
                  0000002a    0000000c     rtwshared.lib : rt_nonfinite.obj (.ebss)
                  00000036    0000000a     Rider_Controls_Control_rtwlib.lib : Rider_Controls_Control.obj (.ebss)
                  00000040    000000c0     Rider_Controls_Control_CAN_Enable.obj (.ebss)
                  00000100    00000005     ert_main.obj (.ebss)
                  00000105    00000001     --HOLE--
                  00000106    00000004     rts2800_ml.lib : _lock.obj (.ebss)
                  0000010a    00000004                    : exit.obj (.ebss)
                  0000010e    00000002     DSP2803x_Lin.obj (.ebss)

.data      1    00000002    00000000     UNINITIALIZED

.stack     1    00000110    00000040     UNINITIALIZED
                  00000110    00000040     --HOLE--

DevEmuRegsFile 
*          1    00000880    00000004     UNINITIALIZED
                  00000880    00000004     DSP2803x_GlobalVariableDefs.obj (DevEmuRegsFile)

SysPwrCtrlRegsFile 
*          1    00000985    00000003     UNINITIALIZED
                  00000985    00000003     DSP2803x_GlobalVariableDefs.obj (SysPwrCtrlRegsFile)

FlashRegsFile 
*          1    00000a80    00000008     UNINITIALIZED
                  00000a80    00000008     DSP2803x_GlobalVariableDefs.obj (FlashRegsFile)

CsmRegsFile 
*          1    00000ae0    00000010     UNINITIALIZED
                  00000ae0    00000010     DSP2803x_GlobalVariableDefs.obj (CsmRegsFile)

AdcResultFile 
*          1    00000b00    00000020     UNINITIALIZED
                  00000b00    00000020     DSP2803x_GlobalVariableDefs.obj (AdcResultFile)

CpuTimer0RegsFile 
*          1    00000c00    00000008     UNINITIALIZED
                  00000c00    00000008     DSP2803x_GlobalVariableDefs.obj (CpuTimer0RegsFile)

CpuTimer1RegsFile 
*          1    00000c08    00000008     UNINITIALIZED
                  00000c08    00000008     DSP2803x_GlobalVariableDefs.obj (CpuTimer1RegsFile)

CpuTimer2RegsFile 
*          1    00000c10    00000008     UNINITIALIZED
                  00000c10    00000008     DSP2803x_GlobalVariableDefs.obj (CpuTimer2RegsFile)

PieCtrlRegsFile 
*          1    00000ce0    0000001a     UNINITIALIZED
                  00000ce0    0000001a     DSP2803x_GlobalVariableDefs.obj (PieCtrlRegsFile)

PieVectTableFile 
*          1    00000d00    00000100     UNINITIALIZED
                  00000d00    00000100     DSP2803x_GlobalVariableDefs.obj (PieVectTableFile)

EmuKeyVar 
*          1    00000d00    00000001     UNINITIALIZED
                  00000d00    00000001     DSP2803x_GlobalVariableDefs.obj (EmuKeyVar)

EmuBModeVar 
*          1    00000d01    00000001     UNINITIALIZED
                  00000d01    00000001     DSP2803x_GlobalVariableDefs.obj (EmuBModeVar)

FlashCallbackVar 
*          1    00000d02    00000002     UNINITIALIZED
                  00000d02    00000002     DSP2803x_GlobalVariableDefs.obj (FlashCallbackVar)

FlashScalingVar 
*          1    00000d04    00000002     UNINITIALIZED
                  00000d04    00000002     DSP2803x_GlobalVariableDefs.obj (FlashScalingVar)

Cla1RegsFile 
*          1    00001400    00000040     UNINITIALIZED
                  00001400    00000040     DSP2803x_GlobalVariableDefs.obj (Cla1RegsFile)

ECanaRegsFile 
*          1    00006000    00000034     UNINITIALIZED
                  00006000    00000034     DSP2803x_GlobalVariableDefs.obj (ECanaRegsFile)

ECanaLAMRegsFile 
*          1    00006040    00000040     UNINITIALIZED
                  00006040    00000040     DSP2803x_GlobalVariableDefs.obj (ECanaLAMRegsFile)

ECanaMOTSRegsFile 
*          1    00006080    00000040     UNINITIALIZED
                  00006080    00000040     DSP2803x_GlobalVariableDefs.obj (ECanaMOTSRegsFile)

ECanaMOTORegsFile 
*          1    000060c0    00000040     UNINITIALIZED
                  000060c0    00000040     DSP2803x_GlobalVariableDefs.obj (ECanaMOTORegsFile)

ECanaMboxesFile 
*          1    00006100    00000100     UNINITIALIZED
                  00006100    00000100     DSP2803x_GlobalVariableDefs.obj (ECanaMboxesFile)

Comp1RegsFile 
*          1    00006400    00000014     UNINITIALIZED
                  00006400    00000014     DSP2803x_GlobalVariableDefs.obj (Comp1RegsFile)

Comp2RegsFile 
*          1    00006420    00000014     UNINITIALIZED
                  00006420    00000014     DSP2803x_GlobalVariableDefs.obj (Comp2RegsFile)

Comp3RegsFile 
*          1    00006440    00000014     UNINITIALIZED
                  00006440    00000014     DSP2803x_GlobalVariableDefs.obj (Comp3RegsFile)

EPwm1RegsFile 
*          1    00006800    00000040     UNINITIALIZED
                  00006800    00000040     DSP2803x_GlobalVariableDefs.obj (EPwm1RegsFile)

EPwm2RegsFile 
*          1    00006840    00000040     UNINITIALIZED
                  00006840    00000040     DSP2803x_GlobalVariableDefs.obj (EPwm2RegsFile)

EPwm3RegsFile 
*          1    00006880    00000040     UNINITIALIZED
                  00006880    00000040     DSP2803x_GlobalVariableDefs.obj (EPwm3RegsFile)

EPwm4RegsFile 
*          1    000068c0    00000040     UNINITIALIZED
                  000068c0    00000040     DSP2803x_GlobalVariableDefs.obj (EPwm4RegsFile)

EPwm5RegsFile 
*          1    00006900    00000040     UNINITIALIZED
                  00006900    00000040     DSP2803x_GlobalVariableDefs.obj (EPwm5RegsFile)

EPwm6RegsFile 
*          1    00006940    00000040     UNINITIALIZED
                  00006940    00000040     DSP2803x_GlobalVariableDefs.obj (EPwm6RegsFile)

EPwm7RegsFile 
*          1    00006980    00000040     UNINITIALIZED
                  00006980    00000040     DSP2803x_GlobalVariableDefs.obj (EPwm7RegsFile)

ECap1RegsFile 
*          1    00006a00    00000020     UNINITIALIZED
                  00006a00    00000020     DSP2803x_GlobalVariableDefs.obj (ECap1RegsFile)

HRCap1RegsFile 
*          1    00006ac0    00000020     UNINITIALIZED
                  00006ac0    00000020     DSP2803x_GlobalVariableDefs.obj (HRCap1RegsFile)

HRCap2RegsFile 
*          1    00006ae0    00000020     UNINITIALIZED
                  00006ae0    00000020     DSP2803x_GlobalVariableDefs.obj (HRCap2RegsFile)

EQep1RegsFile 
*          1    00006b00    00000040     UNINITIALIZED
                  00006b00    00000040     DSP2803x_GlobalVariableDefs.obj (EQep1RegsFile)

LinaRegsFile 
*          1    00006c00    0000004a     UNINITIALIZED
                  00006c00    0000004a     DSP2803x_GlobalVariableDefs.obj (LinaRegsFile)

GpioCtrlRegsFile 
*          1    00006f80    00000040     UNINITIALIZED
                  00006f80    00000040     DSP2803x_GlobalVariableDefs.obj (GpioCtrlRegsFile)

GpioDataRegsFile 
*          1    00006fc0    00000020     UNINITIALIZED
                  00006fc0    00000020     DSP2803x_GlobalVariableDefs.obj (GpioDataRegsFile)

GpioIntRegsFile 
*          1    00006fe0    0000000c     UNINITIALIZED
                  00006fe0    0000000c     DSP2803x_GlobalVariableDefs.obj (GpioIntRegsFile)

SysCtrlRegsFile 
*          1    00007010    00000020     UNINITIALIZED
                  00007010    00000020     DSP2803x_GlobalVariableDefs.obj (SysCtrlRegsFile)

SpiaRegsFile 
*          1    00007040    00000010     UNINITIALIZED
                  00007040    00000010     DSP2803x_GlobalVariableDefs.obj (SpiaRegsFile)

SciaRegsFile 
*          1    00007050    00000010     UNINITIALIZED
                  00007050    00000010     DSP2803x_GlobalVariableDefs.obj (SciaRegsFile)

NmiIntruptRegsFile 
*          1    00007060    00000010     UNINITIALIZED
                  00007060    00000010     DSP2803x_GlobalVariableDefs.obj (NmiIntruptRegsFile)

XIntruptRegsFile 
*          1    00007070    00000010     UNINITIALIZED
                  00007070    00000010     DSP2803x_GlobalVariableDefs.obj (XIntruptRegsFile)

AdcRegsFile 
*          1    00007100    00000050     UNINITIALIZED
                  00007100    00000050     DSP2803x_GlobalVariableDefs.obj (AdcRegsFile)

SpibRegsFile 
*          1    00007740    00000010     UNINITIALIZED
                  00007740    00000010     DSP2803x_GlobalVariableDefs.obj (SpibRegsFile)

I2caRegsFile 
*          1    00007900    00000022     UNINITIALIZED
                  00007900    00000022     DSP2803x_GlobalVariableDefs.obj (I2caRegsFile)

PartIdRegsFile 
*          1    003d7e80    00000001     UNINITIALIZED
                  003d7e80    00000001     DSP2803x_GlobalVariableDefs.obj (PartIdRegsFile)

CsmPwlFile 
*          1    003f7ff8    00000008     UNINITIALIZED
                  003f7ff8    00000008     DSP2803x_GlobalVariableDefs.obj (CsmPwlFile)


GLOBAL DATA SYMBOLS: SORTED BY DATA PAGE

address     data page           name
--------    ----------------    ----
00000002       0 (00000000)     _CpuTimer1
0000000a       0 (00000000)     _CpuTimer2
00000012       0 (00000000)     _CpuTimer0
0000001a       0 (00000000)     _CAN_DATATYPE_GROUND
0000002a       0 (00000000)     _rtMinusInf
0000002c       0 (00000000)     _rtInf
0000002e       0 (00000000)     _rtNaN
00000030       0 (00000000)     _rtMinusInfF
00000032       0 (00000000)     _rtInfF
00000034       0 (00000000)     _rtNaNF
00000036       0 (00000000)     _Rider_Controls_Contro_GlobalTID
00000038       0 (00000000)     _Rider_Controls_Con_TimingBridge
0000003a       0 (00000000)     _Rider_Controls_Cont_MdlrefDWork
0000003c       0 (00000000)     _Rider_Controls_Control_DWork

00000040       1 (00000040)     _Rider_Controls_Control_CAN_E_M_
00000050       1 (00000040)     _Rider_Controls_Control_CA_DWork
00000058       1 (00000040)     _Rider_Controls_C_TimingBridge_k

00000080       2 (00000080)     _Rider_Controls_Control_CAN_En_B

00000100       4 (00000100)     _IsrOverrun
00000101       4 (00000100)     _need2runFlags
00000103       4 (00000100)     _isRateRunning
00000106       4 (00000100)     __unlock
00000108       4 (00000100)     __lock
0000010a       4 (00000100)     ___TI_cleanup_ptr
0000010c       4 (00000100)     ___TI_dtors_ptr
0000010e       4 (00000100)     _P1
0000010f       4 (00000100)     _P0
00000110       4 (00000100)     __stack

00000880      22 (00000880)     _DevEmuRegs

00000985      26 (00000980)     _SysPwrCtrlRegs

00000a80      2a (00000a80)     _FlashRegs

00000ae0      2b (00000ac0)     _CsmRegs

00000b00      2c (00000b00)     _AdcResult

00000c00      30 (00000c00)     _CpuTimer0Regs
00000c08      30 (00000c00)     _CpuTimer1Regs
00000c10      30 (00000c00)     _CpuTimer2Regs

00000ce0      33 (00000cc0)     _PieCtrlRegs

00000d00      34 (00000d00)     _EmuKey
00000d00      34 (00000d00)     _PieVectTable
00000d01      34 (00000d00)     _EmuBMode
00000d02      34 (00000d00)     _Flash_CallbackPtr
00000d04      34 (00000d00)     _Flash_CPUScaleFactor

00001400      50 (00001400)     _Cla1Regs

00006000     180 (00006000)     _ECanaRegs

00006040     181 (00006040)     _ECanaLAMRegs

00006080     182 (00006080)     _ECanaMOTSRegs

000060c0     183 (000060c0)     _ECanaMOTORegs

00006100     184 (00006100)     _ECanaMboxes

00006400     190 (00006400)     _Comp1Regs
00006420     190 (00006400)     _Comp2Regs

00006440     191 (00006440)     _Comp3Regs

00006800     1a0 (00006800)     _EPwm1Regs

00006840     1a1 (00006840)     _EPwm2Regs

00006880     1a2 (00006880)     _EPwm3Regs

000068c0     1a3 (000068c0)     _EPwm4Regs

00006900     1a4 (00006900)     _EPwm5Regs

00006940     1a5 (00006940)     _EPwm6Regs

00006980     1a6 (00006980)     _EPwm7Regs

00006a00     1a8 (00006a00)     _ECap1Regs

00006ac0     1ab (00006ac0)     _HRCap1Regs
00006ae0     1ab (00006ac0)     _HRCap2Regs

00006b00     1ac (00006b00)     _EQep1Regs

00006c00     1b0 (00006c00)     _LinaRegs

00006f80     1be (00006f80)     _GpioCtrlRegs

00006fc0     1bf (00006fc0)     _GpioDataRegs
00006fe0     1bf (00006fc0)     _GpioIntRegs

00007010     1c0 (00007000)     _SysCtrlRegs

00007040     1c1 (00007040)     _SpiaRegs
00007050     1c1 (00007040)     _SciaRegs
00007060     1c1 (00007040)     _NmiIntruptRegs
00007070     1c1 (00007040)     _XIntruptRegs

00007100     1c4 (00007100)     _AdcRegs

00007740     1dd (00007740)     _SpibRegs

00007900     1e4 (00007900)     _I2caRegs

003d7e80    f5fa (003d7e80)     _PartIdRegs

003e97cc    fa5f (003e97c0)     _PieVectTableInit

003e98cc    fa63 (003e98c0)     _rtCP_pooled_7gWwqL6AKzQN

003e991c    fa64 (003e9900)     _rtCP_pooled_W8JaF1peqnCU
003e9926    fa64 (003e9900)     _rtCP_pooled_kXF479Tr1zzv
003e9930    fa64 (003e9900)     _rtCP_pooled_4sEq7SW1OOvc
003e9938    fa64 (003e9900)     _rtCP_pooled_qgZrQ0kJRiEc

003e9940    fa65 (003e9940)     _Rider_Controls_Control_CAN_Enable_BGND
003e9942    fa65 (003e9940)     _Rider_Controls_Control_CAN_E_M

003f7ff8    fdff (003f7fc0)     _CsmPwl


GLOBAL SYMBOLS: SORTED ALPHABETICALLY BY Name 

address    name
--------   ----
00000002   .bss
00000002   .data
003e8000   .text
003e9728   C$$EXIT
003e9363   FS$$ADD
003e9759   FS$$CMP
003e9261   FS$$DIV
003e957e   FS$$MPY
003e935e   FS$$SUB
003e969d   FS$$TOL
003e9786   UL$$TOFS
003e8fab   _ADCINT1_ISR
003e8fa6   _ADCINT2_ISR
003e8fa1   _ADCINT3_ISR
003e8f9c   _ADCINT4_ISR
003e8f97   _ADCINT5_ISR
003e8f92   _ADCINT6_ISR
003e8f8d   _ADCINT7_ISR
003e8f88   _ADCINT8_ISR
003e8f83   _ADCINT9_ISR
003e8ccf   _AdcChanSelect
003e8d27   _AdcConversion
003e8e0f   _AdcOffsetSelfCal
00007100   _AdcRegs
00000b00   _AdcResult
0000001a   _CAN_DATATYPE_GROUND
003e8f7e   _CLA1_INT1_ISR
003e8f79   _CLA1_INT2_ISR
003e8f74   _CLA1_INT3_ISR
003e8f6f   _CLA1_INT4_ISR
003e8f6a   _CLA1_INT5_ISR
003e8f65   _CLA1_INT6_ISR
003e8f60   _CLA1_INT7_ISR
003e8f5b   _CLA1_INT8_ISR
00001400   _Cla1Regs
00006400   _Comp1Regs
00006420   _Comp2Regs
00006440   _Comp3Regs
003e9559   _ConfigCpuTimer
00000012   _CpuTimer0
00000c00   _CpuTimer0Regs
00000002   _CpuTimer1
00000c08   _CpuTimer1Regs
0000000a   _CpuTimer2
00000c10   _CpuTimer2Regs
003f7ff8   _CsmPwl
00000ae0   _CsmRegs
003e90bb   _CsmUnlock
003e8f56   _DATALOG_ISR
0000801d   _DSP28x_usDelay
00000880   _DevEmuRegs
003e8ff2   _DisableDog
003e8f51   _ECAN0INTA_ISR
003e8f4c   _ECAN1INTA_ISR
003e8f47   _ECAP1_INT_ISR
00006040   _ECanaLAMRegs
000060c0   _ECanaMOTORegs
00006080   _ECanaMOTSRegs
00006100   _ECanaMboxes
00006000   _ECanaRegs
00006a00   _ECap1Regs
003e8f42   _EMPTY_ISR
003e8f3d   _EMUINT_ISR
003e8f38   _EPWM1_INT_ISR
003e8f33   _EPWM1_TZINT_ISR
003e8f2e   _EPWM2_INT_ISR
003e8f29   _EPWM2_TZINT_ISR
003e8f24   _EPWM3_INT_ISR
003e8f1f   _EPWM3_TZINT_ISR
003e8f1a   _EPWM4_INT_ISR
003e8f15   _EPWM4_TZINT_ISR
003e8f10   _EPWM5_INT_ISR
003e8f0b   _EPWM5_TZINT_ISR
003e8f06   _EPWM6_INT_ISR
003e8f01   _EPWM6_TZINT_ISR
003e8efc   _EPWM7_INT_ISR
003e8ef7   _EPWM7_TZINT_ISR
00006800   _EPwm1Regs
00006840   _EPwm2Regs
00006880   _EPwm3Regs
000068c0   _EPwm4Regs
00006900   _EPwm5Regs
00006940   _EPwm6Regs
00006980   _EPwm7Regs
003e8ef2   _EQEP1_INT_ISR
00006b00   _EQep1Regs
00000d01   _EmuBMode
00000d00   _EmuKey
003e96e5   _EnableInterrupts
003e90a3   _ExtOscSel
00000a80   _FlashRegs
00000d04   _Flash_CPUScaleFactor
00000d02   _Flash_CallbackPtr
003e923d   _GenIdParity
00006f80   _GpioCtrlRegs
00006fc0   _GpioDataRegs
00006fe0   _GpioIntRegs
003e8eed   _HRCAP1_INT_ISR
003e8ee8   _HRCAP2_INT_ISR
00006ac0   _HRCap1Regs
00006ae0   _HRCap2Regs
003e8ee3   _I2CINT1A_ISR
003e8ede   _I2CINT2A_ISR
00007900   _I2caRegs
003e8ed9   _ILLEGAL_ISR
003e8ed4   _INT13_ISR
003e8ecf   _INT14_ISR
003e8cb1   _InitAdc
003e8c8b   _InitAdcAio
003e951c   _InitCpuTimers
00008000   _InitFlash
003e91e8   _InitLin
003e91d0   _InitLinGpio
003e91e8   _InitLina
003e91d0   _InitLinaGpio
003e9048   _InitPeripheralClocks
003e96c6   _InitPieCtrl
003e9799   _InitPieVectTable
003e8ffa   _InitPll
003e9091   _InitSysCtrl
003e8fe2   _IntOsc1Sel
003e8fce   _IntOsc2Sel
00000100   _IsrOverrun
003e8eca   _LIN0INTA_ISR
003e8ec5   _LIN1INTA_ISR
003e8ec0   _LUF_ISR
003e8ebb   _LVF_ISR
00006c00   _LinaRegs
003e8eb6   _NMI_ISR
00007060   _NmiIntruptRegs
0000010f   _P0
0000010e   _P1
003e8eb1   _PIE_RESERVED
003d7e80   _PartIdRegs
00000ce0   _PieCtrlRegs
00000d00   _PieVectTable
003e97cc   _PieVectTableInit
003e8eac   _RTOSINT_ISR
003e9967   _RamfuncsLoadEnd
003e9946   _RamfuncsLoadStart
00008000   _RamfuncsRunStart
00000058   _Rider_Controls_C_TimingBridge_k
003e8c6e   _Rider_Controls_C_initialize
00000038   _Rider_Controls_Con_TimingBridge
0000003a   _Rider_Controls_Cont_MdlrefDWork
00000036   _Rider_Controls_Contro_GlobalTID
003e890a   _Rider_Controls_ControlTID0
003e8909   _Rider_Controls_ControlTID1
003e9942   _Rider_Controls_Control_CAN_E_M
00000040   _Rider_Controls_Control_CAN_E_M_
00000080   _Rider_Controls_Control_CAN_En_B
003e9940   _Rider_Controls_Control_CAN_Enable_BGND
003e8901   _Rider_Controls_Control_CAN_Enable_SetEventsForThisBaseStep
003e8837   _Rider_Controls_Control_CAN_Enable_initialize
003e882d   _Rider_Controls_Control_CAN_Enable_step
003e81ae   _Rider_Controls_Control_CAN_Enable_step0
003e8001   _Rider_Controls_Control_CAN_Enable_step1
003e8000   _Rider_Controls_Control_CAN_Enable_terminate
00000050   _Rider_Controls_Control_CA_DWork
0000003c   _Rider_Controls_Control_DWork
003e8ea7   _SCIRXINTA_ISR
003e8ea2   _SCITXINTA_ISR
003e8e9d   _SPIRXINTA_ISR
003e8e98   _SPIRXINTB_ISR
003e8e93   _SPITXINTA_ISR
003e8e8e   _SPITXINTB_ISR
00007050   _SciaRegs
003e8fc4   _ServiceDog
00007040   _SpiaRegs
00007740   _SpibRegs
00007010   _SysCtrlRegs
00000985   _SysPwrCtrlRegs
003e8e89   _TINT0_ISR
003e9449   _TINT0_isr
003e8e84   _USER10_ISR
003e8e7f   _USER11_ISR
003e8e7a   _USER12_ISR
003e8e75   _USER1_ISR
003e8e70   _USER2_ISR
003e8e6b   _USER3_ISR
003e8e66   _USER4_ISR
003e8e61   _USER5_ISR
003e8e5c   _USER6_ISR
003e8e57   _USER7_ISR
003e8e52   _USER8_ISR
003e8e4d   _USER9_ISR
003e8e48   _WAKEINT_ISR
003e8e43   _XINT1_ISR
003e8e3e   _XINT2_ISR
003e8e39   _XINT3_ISR
00007070   _XIntruptRegs
003e8fb0   _XtalOscSel
00000150   __STACK_END
00000040   __STACK_SIZE
00000001   __TI_args_main
0000010a   ___TI_cleanup_ptr
0000010c   ___TI_dtors_ptr
ffffffff   ___binit__
00000002   ___bss__
ffffffff   ___c_args__
003e9967   ___cinit__
00000002   ___data__
00000002   ___edata__
00000002   ___end__
003e97cc   ___etext__
003e96ee   ___memcpy_ff
ffffffff   ___pinit__
003e8000   ___text__
003e970f   __args_main
00000108   __lock
003e97b2   __nop
003e97ae   __register_lock
003e97aa   __register_unlock
00000110   __stack
00000106   __unlock
003e9728   _abort
003e9777   _c2000_flash_init
003e95d8   _c_int00
003e917c   _config_eCAN_A_mbx
003e9632   _configureTimer0
003e9624   _disableTimer0Interrupt
003e97c5   _disableWatchdog
003e961c   _enableTimer0Interrupt
003e97c4   _enable_interrupts
003e972a   _exit
003e9774   _globalInterruptDisable
003e9770   _globalInterruptEnable
003e965d   _init_board
003e90e9   _init_eCAN_A
00000103   _isRateRunning
003e92e4   _look1_iflf_plinlgpw
003e94e9   _main
00000101   _need2runFlags
003e8e34   _rsvd_ISR
003e9930   _rtCP_pooled_4sEq7SW1OOvc
003e98cc   _rtCP_pooled_7gWwqL6AKzQN
003e991c   _rtCP_pooled_W8JaF1peqnCU
003e9926   _rtCP_pooled_kXF479Tr1zzv
003e9938   _rtCP_pooled_qgZrQ0kJRiEc
003e9754   _rtGetInf
003e974d   _rtGetInfF
003e9748   _rtGetMinusInf
003e9741   _rtGetMinusInfF
003e97b7   _rtGetNaN
003e97b3   _rtGetNaNF
0000002c   _rtInf
00000032   _rtInfF
003e942c   _rtIsInf
003e940f   _rtIsInfF
003e9402   _rtIsNaN
003e93f5   _rtIsNaNF
0000002a   _rtMinusInf
00000030   _rtMinusInfF
0000002e   _rtNaN
00000034   _rtNaNF
003e93d6   _rt_InitInfAndNaN
003e94b6   _rt_OneStep
ffffffff   binit
003e9967   cinit
003f7ff6   code_start
00000002   edata
00000002   end
003e97cc   etext
ffffffff   pinit


GLOBAL SYMBOLS: SORTED BY Symbol Address 

address    name
--------   ----
00000001   __TI_args_main
00000002   .bss
00000002   .data
00000002   _CpuTimer1
00000002   ___bss__
00000002   ___data__
00000002   ___edata__
00000002   ___end__
00000002   edata
00000002   end
0000000a   _CpuTimer2
00000012   _CpuTimer0
0000001a   _CAN_DATATYPE_GROUND
0000002a   _rtMinusInf
0000002c   _rtInf
0000002e   _rtNaN
00000030   _rtMinusInfF
00000032   _rtInfF
00000034   _rtNaNF
00000036   _Rider_Controls_Contro_GlobalTID
00000038   _Rider_Controls_Con_TimingBridge
0000003a   _Rider_Controls_Cont_MdlrefDWork
0000003c   _Rider_Controls_Control_DWork
00000040   _Rider_Controls_Control_CAN_E_M_
00000040   __STACK_SIZE
00000050   _Rider_Controls_Control_CA_DWork
00000058   _Rider_Controls_C_TimingBridge_k
00000080   _Rider_Controls_Control_CAN_En_B
00000100   _IsrOverrun
00000101   _need2runFlags
00000103   _isRateRunning
00000106   __unlock
00000108   __lock
0000010a   ___TI_cleanup_ptr
0000010c   ___TI_dtors_ptr
0000010e   _P1
0000010f   _P0
00000110   __stack
00000150   __STACK_END
00000880   _DevEmuRegs
00000985   _SysPwrCtrlRegs
00000a80   _FlashRegs
00000ae0   _CsmRegs
00000b00   _AdcResult
00000c00   _CpuTimer0Regs
00000c08   _CpuTimer1Regs
00000c10   _CpuTimer2Regs
00000ce0   _PieCtrlRegs
00000d00   _EmuKey
00000d00   _PieVectTable
00000d01   _EmuBMode
00000d02   _Flash_CallbackPtr
00000d04   _Flash_CPUScaleFactor
00001400   _Cla1Regs
00006000   _ECanaRegs
00006040   _ECanaLAMRegs
00006080   _ECanaMOTSRegs
000060c0   _ECanaMOTORegs
00006100   _ECanaMboxes
00006400   _Comp1Regs
00006420   _Comp2Regs
00006440   _Comp3Regs
00006800   _EPwm1Regs
00006840   _EPwm2Regs
00006880   _EPwm3Regs
000068c0   _EPwm4Regs
00006900   _EPwm5Regs
00006940   _EPwm6Regs
00006980   _EPwm7Regs
00006a00   _ECap1Regs
00006ac0   _HRCap1Regs
00006ae0   _HRCap2Regs
00006b00   _EQep1Regs
00006c00   _LinaRegs
00006f80   _GpioCtrlRegs
00006fc0   _GpioDataRegs
00006fe0   _GpioIntRegs
00007010   _SysCtrlRegs
00007040   _SpiaRegs
00007050   _SciaRegs
00007060   _NmiIntruptRegs
00007070   _XIntruptRegs
00007100   _AdcRegs
00007740   _SpibRegs
00007900   _I2caRegs
00008000   _InitFlash
00008000   _RamfuncsRunStart
0000801d   _DSP28x_usDelay
003d7e80   _PartIdRegs
003e8000   .text
003e8000   _Rider_Controls_Control_CAN_Enable_terminate
003e8000   ___text__
003e8001   _Rider_Controls_Control_CAN_Enable_step1
003e81ae   _Rider_Controls_Control_CAN_Enable_step0
003e882d   _Rider_Controls_Control_CAN_Enable_step
003e8837   _Rider_Controls_Control_CAN_Enable_initialize
003e8901   _Rider_Controls_Control_CAN_Enable_SetEventsForThisBaseStep
003e8909   _Rider_Controls_ControlTID1
003e890a   _Rider_Controls_ControlTID0
003e8c6e   _Rider_Controls_C_initialize
003e8c8b   _InitAdcAio
003e8cb1   _InitAdc
003e8ccf   _AdcChanSelect
003e8d27   _AdcConversion
003e8e0f   _AdcOffsetSelfCal
003e8e34   _rsvd_ISR
003e8e39   _XINT3_ISR
003e8e3e   _XINT2_ISR
003e8e43   _XINT1_ISR
003e8e48   _WAKEINT_ISR
003e8e4d   _USER9_ISR
003e8e52   _USER8_ISR
003e8e57   _USER7_ISR
003e8e5c   _USER6_ISR
003e8e61   _USER5_ISR
003e8e66   _USER4_ISR
003e8e6b   _USER3_ISR
003e8e70   _USER2_ISR
003e8e75   _USER1_ISR
003e8e7a   _USER12_ISR
003e8e7f   _USER11_ISR
003e8e84   _USER10_ISR
003e8e89   _TINT0_ISR
003e8e8e   _SPITXINTB_ISR
003e8e93   _SPITXINTA_ISR
003e8e98   _SPIRXINTB_ISR
003e8e9d   _SPIRXINTA_ISR
003e8ea2   _SCITXINTA_ISR
003e8ea7   _SCIRXINTA_ISR
003e8eac   _RTOSINT_ISR
003e8eb1   _PIE_RESERVED
003e8eb6   _NMI_ISR
003e8ebb   _LVF_ISR
003e8ec0   _LUF_ISR
003e8ec5   _LIN1INTA_ISR
003e8eca   _LIN0INTA_ISR
003e8ecf   _INT14_ISR
003e8ed4   _INT13_ISR
003e8ed9   _ILLEGAL_ISR
003e8ede   _I2CINT2A_ISR
003e8ee3   _I2CINT1A_ISR
003e8ee8   _HRCAP2_INT_ISR
003e8eed   _HRCAP1_INT_ISR
003e8ef2   _EQEP1_INT_ISR
003e8ef7   _EPWM7_TZINT_ISR
003e8efc   _EPWM7_INT_ISR
003e8f01   _EPWM6_TZINT_ISR
003e8f06   _EPWM6_INT_ISR
003e8f0b   _EPWM5_TZINT_ISR
003e8f10   _EPWM5_INT_ISR
003e8f15   _EPWM4_TZINT_ISR
003e8f1a   _EPWM4_INT_ISR
003e8f1f   _EPWM3_TZINT_ISR
003e8f24   _EPWM3_INT_ISR
003e8f29   _EPWM2_TZINT_ISR
003e8f2e   _EPWM2_INT_ISR
003e8f33   _EPWM1_TZINT_ISR
003e8f38   _EPWM1_INT_ISR
003e8f3d   _EMUINT_ISR
003e8f42   _EMPTY_ISR
003e8f47   _ECAP1_INT_ISR
003e8f4c   _ECAN1INTA_ISR
003e8f51   _ECAN0INTA_ISR
003e8f56   _DATALOG_ISR
003e8f5b   _CLA1_INT8_ISR
003e8f60   _CLA1_INT7_ISR
003e8f65   _CLA1_INT6_ISR
003e8f6a   _CLA1_INT5_ISR
003e8f6f   _CLA1_INT4_ISR
003e8f74   _CLA1_INT3_ISR
003e8f79   _CLA1_INT2_ISR
003e8f7e   _CLA1_INT1_ISR
003e8f83   _ADCINT9_ISR
003e8f88   _ADCINT8_ISR
003e8f8d   _ADCINT7_ISR
003e8f92   _ADCINT6_ISR
003e8f97   _ADCINT5_ISR
003e8f9c   _ADCINT4_ISR
003e8fa1   _ADCINT3_ISR
003e8fa6   _ADCINT2_ISR
003e8fab   _ADCINT1_ISR
003e8fb0   _XtalOscSel
003e8fc4   _ServiceDog
003e8fce   _IntOsc2Sel
003e8fe2   _IntOsc1Sel
003e8ff2   _DisableDog
003e8ffa   _InitPll
003e9048   _InitPeripheralClocks
003e9091   _InitSysCtrl
003e90a3   _ExtOscSel
003e90bb   _CsmUnlock
003e90e9   _init_eCAN_A
003e917c   _config_eCAN_A_mbx
003e91d0   _InitLinGpio
003e91d0   _InitLinaGpio
003e91e8   _InitLin
003e91e8   _InitLina
003e923d   _GenIdParity
003e9261   FS$$DIV
003e92e4   _look1_iflf_plinlgpw
003e935e   FS$$SUB
003e9363   FS$$ADD
003e93d6   _rt_InitInfAndNaN
003e93f5   _rtIsNaNF
003e9402   _rtIsNaN
003e940f   _rtIsInfF
003e942c   _rtIsInf
003e9449   _TINT0_isr
003e94b6   _rt_OneStep
003e94e9   _main
003e951c   _InitCpuTimers
003e9559   _ConfigCpuTimer
003e957e   FS$$MPY
003e95d8   _c_int00
003e961c   _enableTimer0Interrupt
003e9624   _disableTimer0Interrupt
003e9632   _configureTimer0
003e965d   _init_board
003e969d   FS$$TOL
003e96c6   _InitPieCtrl
003e96e5   _EnableInterrupts
003e96ee   ___memcpy_ff
003e970f   __args_main
003e9728   C$$EXIT
003e9728   _abort
003e972a   _exit
003e9741   _rtGetMinusInfF
003e9748   _rtGetMinusInf
003e974d   _rtGetInfF
003e9754   _rtGetInf
003e9759   FS$$CMP
003e9770   _globalInterruptEnable
003e9774   _globalInterruptDisable
003e9777   _c2000_flash_init
003e9786   UL$$TOFS
003e9799   _InitPieVectTable
003e97aa   __register_unlock
003e97ae   __register_lock
003e97b2   __nop
003e97b3   _rtGetNaNF
003e97b7   _rtGetNaN
003e97c4   _enable_interrupts
003e97c5   _disableWatchdog
003e97cc   _PieVectTableInit
003e97cc   ___etext__
003e97cc   etext
003e98cc   _rtCP_pooled_7gWwqL6AKzQN
003e991c   _rtCP_pooled_W8JaF1peqnCU
003e9926   _rtCP_pooled_kXF479Tr1zzv
003e9930   _rtCP_pooled_4sEq7SW1OOvc
003e9938   _rtCP_pooled_qgZrQ0kJRiEc
003e9940   _Rider_Controls_Control_CAN_Enable_BGND
003e9942   _Rider_Controls_Control_CAN_E_M
003e9946   _RamfuncsLoadStart
003e9967   _RamfuncsLoadEnd
003e9967   ___cinit__
003e9967   cinit
003f7ff6   code_start
003f7ff8   _CsmPwl
ffffffff   ___binit__
ffffffff   ___c_args__
ffffffff   ___pinit__
ffffffff   binit
ffffffff   pinit

[264 symbols]
